Archive member included to satisfy reference by file (symbol)

c:/st/stm32cubeide_1.3.0/stm32cubeide/plugins/com.st.stm32cube.ide.mcu.externaltools.gnu-tools-for-stm32.7-2018-q2-update.win32_1.0.0.201904181610/tools/bin/../lib/gcc/arm-none-eabi/7.3.1/../../../../arm-none-eabi/lib/thumb/v7e-m/fpv4-sp/hard\libc_nano.a(lib_a-errno.o)
                              Core/Src/syscalls.o (__errno)
c:/st/stm32cubeide_1.3.0/stm32cubeide/plugins/com.st.stm32cube.ide.mcu.externaltools.gnu-tools-for-stm32.7-2018-q2-update.win32_1.0.0.201904181610/tools/bin/../lib/gcc/arm-none-eabi/7.3.1/../../../../arm-none-eabi/lib/thumb/v7e-m/fpv4-sp/hard\libc_nano.a(lib_a-exit.o)
                              c:/st/stm32cubeide_1.3.0/stm32cubeide/plugins/com.st.stm32cube.ide.mcu.externaltools.gnu-tools-for-stm32.7-2018-q2-update.win32_1.0.0.201904181610/tools/bin/../lib/gcc/arm-none-eabi/7.3.1/../../../../arm-none-eabi/lib/thumb/v7e-m/fpv4-sp/hard/crt0.o (exit)
c:/st/stm32cubeide_1.3.0/stm32cubeide/plugins/com.st.stm32cube.ide.mcu.externaltools.gnu-tools-for-stm32.7-2018-q2-update.win32_1.0.0.201904181610/tools/bin/../lib/gcc/arm-none-eabi/7.3.1/../../../../arm-none-eabi/lib/thumb/v7e-m/fpv4-sp/hard\libc_nano.a(lib_a-impure.o)
                              c:/st/stm32cubeide_1.3.0/stm32cubeide/plugins/com.st.stm32cube.ide.mcu.externaltools.gnu-tools-for-stm32.7-2018-q2-update.win32_1.0.0.201904181610/tools/bin/../lib/gcc/arm-none-eabi/7.3.1/../../../../arm-none-eabi/lib/thumb/v7e-m/fpv4-sp/hard\libc_nano.a(lib_a-exit.o) (_global_impure_ptr)
c:/st/stm32cubeide_1.3.0/stm32cubeide/plugins/com.st.stm32cube.ide.mcu.externaltools.gnu-tools-for-stm32.7-2018-q2-update.win32_1.0.0.201904181610/tools/bin/../lib/gcc/arm-none-eabi/7.3.1/../../../../arm-none-eabi/lib/thumb/v7e-m/fpv4-sp/hard\libc_nano.a(lib_a-init.o)
                              c:/st/stm32cubeide_1.3.0/stm32cubeide/plugins/com.st.stm32cube.ide.mcu.externaltools.gnu-tools-for-stm32.7-2018-q2-update.win32_1.0.0.201904181610/tools/bin/../lib/gcc/arm-none-eabi/7.3.1/../../../../arm-none-eabi/lib/thumb/v7e-m/fpv4-sp/hard/crt0.o (__libc_init_array)
c:/st/stm32cubeide_1.3.0/stm32cubeide/plugins/com.st.stm32cube.ide.mcu.externaltools.gnu-tools-for-stm32.7-2018-q2-update.win32_1.0.0.201904181610/tools/bin/../lib/gcc/arm-none-eabi/7.3.1/../../../../arm-none-eabi/lib/thumb/v7e-m/fpv4-sp/hard\libc_nano.a(lib_a-memcpy-stub.o)
                              Middlewares/Third_Party/FreeRTOS/Source/queue.o (memcpy)
c:/st/stm32cubeide_1.3.0/stm32cubeide/plugins/com.st.stm32cube.ide.mcu.externaltools.gnu-tools-for-stm32.7-2018-q2-update.win32_1.0.0.201904181610/tools/bin/../lib/gcc/arm-none-eabi/7.3.1/../../../../arm-none-eabi/lib/thumb/v7e-m/fpv4-sp/hard\libc_nano.a(lib_a-memset.o)
                              c:/st/stm32cubeide_1.3.0/stm32cubeide/plugins/com.st.stm32cube.ide.mcu.externaltools.gnu-tools-for-stm32.7-2018-q2-update.win32_1.0.0.201904181610/tools/bin/../lib/gcc/arm-none-eabi/7.3.1/../../../../arm-none-eabi/lib/thumb/v7e-m/fpv4-sp/hard/crt0.o (memset)
c:/st/stm32cubeide_1.3.0/stm32cubeide/plugins/com.st.stm32cube.ide.mcu.externaltools.gnu-tools-for-stm32.7-2018-q2-update.win32_1.0.0.201904181610/tools/bin/../lib/gcc/arm-none-eabi/7.3.1/../../../../arm-none-eabi/lib/thumb/v7e-m/fpv4-sp/hard\libc_nano.a(lib_a-strlen.o)
                              Core/Src/BlueTask.o (strlen)
c:/st/stm32cubeide_1.3.0/stm32cubeide/plugins/com.st.stm32cube.ide.mcu.externaltools.gnu-tools-for-stm32.7-2018-q2-update.win32_1.0.0.201904181610/tools/bin/../lib/gcc/arm-none-eabi/7.3.1/thumb/v7e-m/fpv4-sp/hard\libgcc.a(_aeabi_uldivmod.o)
                              Drivers/STM32F4xx_HAL_Driver/Src/stm32f4xx_hal_rcc.o (__aeabi_uldivmod)
c:/st/stm32cubeide_1.3.0/stm32cubeide/plugins/com.st.stm32cube.ide.mcu.externaltools.gnu-tools-for-stm32.7-2018-q2-update.win32_1.0.0.201904181610/tools/bin/../lib/gcc/arm-none-eabi/7.3.1/thumb/v7e-m/fpv4-sp/hard\libgcc.a(_udivmoddi4.o)
                              c:/st/stm32cubeide_1.3.0/stm32cubeide/plugins/com.st.stm32cube.ide.mcu.externaltools.gnu-tools-for-stm32.7-2018-q2-update.win32_1.0.0.201904181610/tools/bin/../lib/gcc/arm-none-eabi/7.3.1/thumb/v7e-m/fpv4-sp/hard\libgcc.a(_aeabi_uldivmod.o) (__udivmoddi4)
c:/st/stm32cubeide_1.3.0/stm32cubeide/plugins/com.st.stm32cube.ide.mcu.externaltools.gnu-tools-for-stm32.7-2018-q2-update.win32_1.0.0.201904181610/tools/bin/../lib/gcc/arm-none-eabi/7.3.1/thumb/v7e-m/fpv4-sp/hard\libgcc.a(_dvmd_tls.o)
                              c:/st/stm32cubeide_1.3.0/stm32cubeide/plugins/com.st.stm32cube.ide.mcu.externaltools.gnu-tools-for-stm32.7-2018-q2-update.win32_1.0.0.201904181610/tools/bin/../lib/gcc/arm-none-eabi/7.3.1/thumb/v7e-m/fpv4-sp/hard\libgcc.a(_aeabi_uldivmod.o) (__aeabi_ldiv0)

Allocating common symbols
Common symbol       size              file

GreenEvent          0x4               Core/Src/GreenTask.o
hdma_usart2_rx      0x60              Core/Src/usart.o
OrangeTaskHandle    0x4               Core/Src/freertos.o
[...]
Memory Configuration

Name             Origin             Length             Attributes
CCMRAM           0x0000000010000000 0x0000000000010000 xrw
RAM              0x0000000020000000 0x0000000000020000 xrw
FLASH            0x0000000008000000 0x0000000000100000 xr
*default*        0x0000000000000000 0xffffffffffffffff

Linker script and memory map

LOAD c:/st/stm32cubeide_1.3.0/stm32cubeide/plugins/com.st.stm32cube.ide.mcu.externaltools.gnu-tools-for-stm32.7-2018-q2-update.win32_1.0.0.201904181610/tools/bin/../lib/gcc/arm-none-eabi/7.3.1/thumb/v7e-m/fpv4-sp/hard/crti.o
LOAD c:/st/stm32cubeide_1.3.0/stm32cubeide/plugins/com.st.stm32cube.ide.mcu.externaltools.gnu-tools-for-stm32.7-2018-q2-update.win32_1.0.0.201904181610/tools/bin/../lib/gcc/arm-none-eabi/7.3.1/thumb/v7e-m/fpv4-sp/hard/crtbegin.o
LOAD c:/st/stm32cubeide_1.3.0/stm32cubeide/plugins/com.st.stm32cube.ide.mcu.externaltools.gnu-tools-for-stm32.7-2018-q2-update.win32_1.0.0.201904181610/tools/bin/../lib/gcc/arm-none-eabi/7.3.1/../../../../arm-none-eabi/lib/thumb/v7e-m/fpv4-sp/hard/crt0.o
LOAD Core/Src/BlueTask.o
LOAD Core/Src/EventTask.o
LOAD Core/Src/GreenTask.o
LOAD Core/Src/OrangeTask.o
LOAD Core/Src/dma.o
LOAD Core/Src/freertos.o
LOAD Core/Src/gpio.o
LOAD Core/Src/main.o
LOAD Core/Src/stm32f4xx_hal_msp.o
LOAD Core/Src/stm32f4xx_hal_timebase_tim.o
LOAD Core/Src/stm32f4xx_it.o
LOAD Core/Src/syscalls.o
LOAD Core/Src/sysmem.o
LOAD Core/Src/system_stm32f4xx.o
LOAD Core/Src/tim.o
LOAD Core/Src/usart.o
LOAD Core/Startup/startup_stm32f407vgtx.o
LOAD Drivers/STM32F4xx_HAL_Driver/Src/stm32f4xx_hal.o
LOAD Drivers/STM32F4xx_HAL_Driver/Src/stm32f4xx_hal_cortex.o
LOAD Drivers/STM32F4xx_HAL_Driver/Src/stm32f4xx_hal_dma.o
LOAD Drivers/STM32F4xx_HAL_Driver/Src/stm32f4xx_hal_dma_ex.o
LOAD Drivers/STM32F4xx_HAL_Driver/Src/stm32f4xx_hal_exti.o
LOAD Drivers/STM32F4xx_HAL_Driver/Src/stm32f4xx_hal_flash.o
LOAD Drivers/STM32F4xx_HAL_Driver/Src/stm32f4xx_hal_flash_ex.o
LOAD Drivers/STM32F4xx_HAL_Driver/Src/stm32f4xx_hal_flash_ramfunc.o
LOAD Drivers/STM32F4xx_HAL_Driver/Src/stm32f4xx_hal_gpio.o
LOAD Drivers/STM32F4xx_HAL_Driver/Src/stm32f4xx_hal_pwr.o
LOAD Drivers/STM32F4xx_HAL_Driver/Src/stm32f4xx_hal_pwr_ex.o
LOAD Drivers/STM32F4xx_HAL_Driver/Src/stm32f4xx_hal_rcc.o
LOAD Drivers/STM32F4xx_HAL_Driver/Src/stm32f4xx_hal_rcc_ex.o
LOAD Drivers/STM32F4xx_HAL_Driver/Src/stm32f4xx_hal_tim.o
LOAD Drivers/STM32F4xx_HAL_Driver/Src/stm32f4xx_hal_tim_ex.o
LOAD Drivers/STM32F4xx_HAL_Driver/Src/stm32f4xx_hal_uart.o
LOAD Middlewares/Third_Party/FreeRTOS/Source/CMSIS_RTOS/cmsis_os.o
LOAD Middlewares/Third_Party/FreeRTOS/Source/croutine.o
LOAD Middlewares/Third_Party/FreeRTOS/Source/event_groups.o
LOAD Middlewares/Third_Party/FreeRTOS/Source/list.o
LOAD Middlewares/Third_Party/FreeRTOS/Source/queue.o
LOAD Middlewares/Third_Party/FreeRTOS/Source/stream_buffer.o
LOAD Middlewares/Third_Party/FreeRTOS/Source/tasks.o
LOAD Middlewares/Third_Party/FreeRTOS/Source/timers.o
LOAD Middlewares/Third_Party/FreeRTOS/Source/portable/GCC/ARM_CM4F/port.o
LOAD Middlewares/Third_Party/FreeRTOS/Source/portable/MemMang/heap_4.o
START GROUP
LOAD c:/st/stm32cubeide_1.3.0/stm32cubeide/plugins/com.st.stm32cube.ide.mcu.externaltools.gnu-tools-for-stm32.7-2018-q2-update.win32_1.0.0.201904181610/tools/bin/../lib/gcc/arm-none-eabi/7.3.1/../../../../arm-none-eabi/lib/thumb/v7e-m/fpv4-sp/hard\libc_nano.a
LOAD c:/st/stm32cubeide_1.3.0/stm32cubeide/plugins/com.st.stm32cube.ide.mcu.externaltools.gnu-tools-for-stm32.7-2018-q2-update.win32_1.0.0.201904181610/tools/bin/../lib/gcc/arm-none-eabi/7.3.1/../../../../arm-none-eabi/lib/thumb/v7e-m/fpv4-sp/hard\libm.a
END GROUP
START GROUP
LOAD c:/st/stm32cubeide_1.3.0/stm32cubeide/plugins/com.st.stm32cube.ide.mcu.externaltools.gnu-tools-for-stm32.7-2018-q2-update.win32_1.0.0.201904181610/tools/bin/../lib/gcc/arm-none-eabi/7.3.1/thumb/v7e-m/fpv4-sp/hard\libgcc.a
LOAD c:/st/stm32cubeide_1.3.0/stm32cubeide/plugins/com.st.stm32cube.ide.mcu.externaltools.gnu-tools-for-stm32.7-2018-q2-update.win32_1.0.0.201904181610/tools/bin/../lib/gcc/arm-none-eabi/7.3.1/../../../../arm-none-eabi/lib/thumb/v7e-m/fpv4-sp/hard\libc_nano.a
END GROUP
START GROUP
LOAD c:/st/stm32cubeide_1.3.0/stm32cubeide/plugins/com.st.stm32cube.ide.mcu.externaltools.gnu-tools-for-stm32.7-2018-q2-update.win32_1.0.0.201904181610/tools/bin/../lib/gcc/arm-none-eabi/7.3.1/thumb/v7e-m/fpv4-sp/hard\libgcc.a
LOAD c:/st/stm32cubeide_1.3.0/stm32cubeide/plugins/com.st.stm32cube.ide.mcu.externaltools.gnu-tools-for-stm32.7-2018-q2-update.win32_1.0.0.201904181610/tools/bin/../lib/gcc/arm-none-eabi/7.3.1/../../../../arm-none-eabi/lib/thumb/v7e-m/fpv4-sp/hard\libc_nano.a
LOAD c:/st/stm32cubeide_1.3.0/stm32cubeide/plugins/com.st.stm32cube.ide.mcu.externaltools.gnu-tools-for-stm32.7-2018-q2-update.win32_1.0.0.201904181610/tools/bin/../lib/gcc/arm-none-eabi/7.3.1/../../../../arm-none-eabi/lib/thumb/v7e-m/fpv4-sp/hard\libnosys.a
END GROUP
START GROUP
LOAD c:/st/stm32cubeide_1.3.0/stm32cubeide/plugins/com.st.stm32cube.ide.mcu.externaltools.gnu-tools-for-stm32.7-2018-q2-update.win32_1.0.0.201904181610/tools/bin/../lib/gcc/arm-none-eabi/7.3.1/thumb/v7e-m/fpv4-sp/hard\libgcc.a
LOAD c:/st/stm32cubeide_1.3.0/stm32cubeide/plugins/com.st.stm32cube.ide.mcu.externaltools.gnu-tools-for-stm32.7-2018-q2-update.win32_1.0.0.201904181610/tools/bin/../lib/gcc/arm-none-eabi/7.3.1/../../../../arm-none-eabi/lib/thumb/v7e-m/fpv4-sp/hard\libc_nano.a
LOAD c:/st/stm32cubeide_1.3.0/stm32cubeide/plugins/com.st.stm32cube.ide.mcu.externaltools.gnu-tools-for-stm32.7-2018-q2-update.win32_1.0.0.201904181610/tools/bin/../lib/gcc/arm-none-eabi/7.3.1/../../../../arm-none-eabi/lib/thumb/v7e-m/fpv4-sp/hard\libnosys.a
END GROUP
LOAD c:/st/stm32cubeide_1.3.0/stm32cubeide/plugins/com.st.stm32cube.ide.mcu.externaltools.gnu-tools-for-stm32.7-2018-q2-update.win32_1.0.0.201904181610/tools/bin/../lib/gcc/arm-none-eabi/7.3.1/thumb/v7e-m/fpv4-sp/hard/crtend.o
LOAD c:/st/stm32cubeide_1.3.0/stm32cubeide/plugins/com.st.stm32cube.ide.mcu.externaltools.gnu-tools-for-stm32.7-2018-q2-update.win32_1.0.0.201904181610/tools/bin/../lib/gcc/arm-none-eabi/7.3.1/thumb/v7e-m/fpv4-sp/hard/crtn.o
                0x0000000020020000                _estack = (ORIGIN (RAM) + LENGTH (RAM))
                0x0000000000000200                _Min_Heap_Size = 0x200
                0x0000000000000400                _Min_Stack_Size = 0x400

.isr_vector     0x0000000008000000      0x188
                0x0000000008000000                . = ALIGN (0x4)
 *(.isr_vector)
 .isr_vector    0x0000000008000000      0x188 Core/Startup/startup_stm32f407vgtx.o
                0x0000000008000000                g_pfnVectors
                0x0000000008000188                . = ALIGN (0x4)

.text           0x0000000008000190     0x6074
                0x0000000008000190                . = ALIGN (0x4)
 *(.text)
 .text          0x0000000008000190       0x40 c:/st/stm32cubeide_1.3.0/stm32cubeide/plugins/com.st.stm32cube.ide.mcu.externaltools.gnu-tools-for-stm32.7-2018-q2-update.win32_1.0.0.201904181610/tools/bin/../lib/gcc/arm-none-eabi/7.3.1/thumb/v7e-m/fpv4-sp/hard/crtbegin.o
 .text          0x00000000080001d0       0x10 c:/st/stm32cubeide_1.3.0/stm32cubeide/plugins/com.st.stm32cube.ide.mcu.externaltools.gnu-tools-for-stm32.7-2018-q2-update.win32_1.0.0.201904181610/tools/bin/../lib/gcc/arm-none-eabi/7.3.1/../../../../arm-none-eabi/lib/thumb/v7e-m/fpv4-sp/hard\libc_nano.a(lib_a-strlen.o)
                0x00000000080001d0                strlen
 .text          0x00000000080001e0       0x30 c:/st/stm32cubeide_1.3.0/stm32cubeide/plugins/com.st.stm32cube.ide.mcu.externaltools.gnu-tools-for-stm32.7-2018-q2-update.win32_1.0.0.201904181610/tools/bin/../lib/gcc/arm-none-eabi/7.3.1/thumb/v7e-m/fpv4-sp/hard\libgcc.a(_aeabi_uldivmod.o)
                0x00000000080001e0                __aeabi_uldivmod
 .text          0x0000000008000210      0x2cc c:/st/stm32cubeide_1.3.0/stm32cubeide/plugins/com.st.stm32cube.ide.mcu.externaltools.gnu-tools-for-stm32.7-2018-q2-update.win32_1.0.0.201904181610/tools/bin/../lib/gcc/arm-none-eabi/7.3.1/thumb/v7e-m/fpv4-sp/hard\libgcc.a(_udivmoddi4.o)
                0x0000000008000210                __udivmoddi4
 .text          0x00000000080004dc        0x4 c:/st/stm32cubeide_1.3.0/stm32cubeide/plugins/com.st.stm32cube.ide.mcu.externaltools.gnu-tools-for-stm32.7-2018-q2-update.win32_1.0.0.201904181610/tools/bin/../lib/gcc/arm-none-eabi/7.3.1/thumb/v7e-m/fpv4-sp/hard\libgcc.a(_dvmd_tls.o)
                0x00000000080004dc                __aeabi_idiv0
                0x00000000080004dc                __aeabi_ldiv0
 *(.text*)
 .text.BlueFunc
                0x00000000080004e0      0x130 Core/Src/BlueTask.o
                0x00000000080004e0                BlueFunc
 .text.EventFunc
                0x0000000008000610       0xb8 Core/Src/EventTask.o
                0x0000000008000610                EventFunc
 .text.GreenFunc
                0x00000000080006c8      0x138 Core/Src/GreenTask.o
                0x00000000080006c8                GreenFunc
 .text.OrangeFunc
                0x0000000008000800      0x138 Core/Src/OrangeTask.o
                0x0000000008000800                OrangeFunc
 .text.MX_DMA_Init
                0x0000000008000938       0x40 Core/Src/dma.o
                0x0000000008000938                MX_DMA_Init
 .text.vApplicationGetIdleTaskMemory
                0x0000000008000978       0x34 Core/Src/freertos.o
                0x0000000008000978                vApplicationGetIdleTaskMemory
 .text.vApplicationGetTimerTaskMemory
                0x00000000080009ac       0x34 Core/Src/freertos.o
                0x00000000080009ac                vApplicationGetTimerTaskMemory
 .text.MX_FREERTOS_Init
                0x00000000080009e0       0xc4 Core/Src/freertos.o
                0x00000000080009e0                MX_FREERTOS_Init
 .text.MX_GPIO_Init
                0x0000000008000aa4       0xc0 Core/Src/gpio.o
                0x0000000008000aa4                MX_GPIO_Init
 .text.main     0x0000000008000b64       0x26 Core/Src/main.o
                0x0000000008000b64                main
 *fill*         0x0000000008000b8a        0x2 
 .text.SystemClock_Config
                0x0000000008000b8c       0xd4 Core/Src/main.o
                0x0000000008000b8c                SystemClock_Config
 .text.Set_Event
                0x0000000008000c60       0x44 Core/Src/main.o
                0x0000000008000c60                Set_Event
 .text.HAL_TIM_PeriodElapsedCallback
                0x0000000008000ca4       0x24 Core/Src/main.o
                0x0000000008000ca4                HAL_TIM_PeriodElapsedCallback
 .text.Error_Handler
                0x0000000008000cc8        0xe Core/Src/main.o
                0x0000000008000cc8                Error_Handler
 *fill*         0x0000000008000cd6        0x2 
 .text.HAL_MspInit
                0x0000000008000cd8       0x58 Core/Src/stm32f4xx_hal_msp.o
                0x0000000008000cd8                HAL_MspInit
 .text.HAL_InitTick
                0x0000000008000d30       0xb4 Core/Src/stm32f4xx_hal_timebase_tim.o
                0x0000000008000d30                HAL_InitTick
 .text.NMI_Handler
                0x0000000008000de4        0xe Core/Src/stm32f4xx_it.o
                0x0000000008000de4                NMI_Handler
 .text.HardFault_Handler
                0x0000000008000df2        0x6 Core/Src/stm32f4xx_it.o
                0x0000000008000df2                HardFault_Handler
 .text.MemManage_Handler
                0x0000000008000df8        0x6 Core/Src/stm32f4xx_it.o
                0x0000000008000df8                MemManage_Handler
 .text.BusFault_Handler
                0x0000000008000dfe        0x6 Core/Src/stm32f4xx_it.o
                0x0000000008000dfe                BusFault_Handler
 .text.UsageFault_Handler
                0x0000000008000e04        0x6 Core/Src/stm32f4xx_it.o
                0x0000000008000e04                UsageFault_Handler
 .text.DebugMon_Handler
                0x0000000008000e0a        0xe Core/Src/stm32f4xx_it.o
                0x0000000008000e0a                DebugMon_Handler
 .text.DMA1_Stream5_IRQHandler
                0x0000000008000e18       0x14 Core/Src/stm32f4xx_it.o
                0x0000000008000e18                DMA1_Stream5_IRQHandler
 .text.TIM1_UP_TIM10_IRQHandler
                0x0000000008000e2c       0x14 Core/Src/stm32f4xx_it.o
                0x0000000008000e2c                TIM1_UP_TIM10_IRQHandler
 .text.TIM6_DAC_IRQHandler
                0x0000000008000e40       0x14 Core/Src/stm32f4xx_it.o
                0x0000000008000e40                TIM6_DAC_IRQHandler
 .text.SystemInit
                0x0000000008000e54       0x2c Core/Src/system_stm32f4xx.o
                0x0000000008000e54                SystemInit
 .text.MX_TIM6_Init
                0x0000000008000e80       0x68 Core/Src/tim.o
                0x0000000008000e80                MX_TIM6_Init
 .text.HAL_TIM_Base_MspInit
                0x0000000008000ee8       0x50 Core/Src/tim.o
                0x0000000008000ee8                HAL_TIM_Base_MspInit
 .text.MX_USART2_UART_Init
                0x0000000008000f38       0x54 Core/Src/usart.o
                0x0000000008000f38                MX_USART2_UART_Init
 .text.HAL_UART_MspInit
                0x0000000008000f8c       0xf4 Core/Src/usart.o
                0x0000000008000f8c                HAL_UART_MspInit
 .text.Reset_Handler
                0x0000000008001080       0x50 Core/Startup/startup_stm32f407vgtx.o
                0x0000000008001080                Reset_Handler
 .text.Default_Handler
                0x00000000080010d0        0x2 Core/Startup/startup_stm32f407vgtx.o
                0x00000000080010d0                RTC_Alarm_IRQHandler
                0x00000000080010d0                HASH_RNG_IRQHandler
                0x00000000080010d0                EXTI2_IRQHandler
                0x00000000080010d0                TIM8_CC_IRQHandler
                0x00000000080010d0                TIM1_CC_IRQHandler
                0x00000000080010d0                DMA2_Stream5_IRQHandler
                0x00000000080010d0                PVD_IRQHandler
                0x00000000080010d0                SDIO_IRQHandler
                0x00000000080010d0                TAMP_STAMP_IRQHandler
                0x00000000080010d0                CAN2_RX1_IRQHandler
                0x00000000080010d0                EXTI3_IRQHandler
                0x00000000080010d0                TIM8_TRG_COM_TIM14_IRQHandler
                0x00000000080010d0                TIM8_UP_TIM13_IRQHandler
                0x00000000080010d0                I2C3_ER_IRQHandler
                0x00000000080010d0                EXTI0_IRQHandler
                0x00000000080010d0                I2C2_EV_IRQHandler
                0x00000000080010d0                DMA1_Stream2_IRQHandler
                0x00000000080010d0                CAN1_RX0_IRQHandler
                0x00000000080010d0                FPU_IRQHandler
                0x00000000080010d0                OTG_HS_WKUP_IRQHandler
                0x00000000080010d0                CAN2_SCE_IRQHandler
                0x00000000080010d0                DMA2_Stream2_IRQHandler
                0x00000000080010d0                SPI1_IRQHandler
                0x00000000080010d0                TIM1_BRK_TIM9_IRQHandler
                0x00000000080010d0                DCMI_IRQHandler
                0x00000000080010d0                CAN2_RX0_IRQHandler
                0x00000000080010d0                DMA2_Stream3_IRQHandler
                0x00000000080010d0                USART6_IRQHandler
                0x00000000080010d0                USART3_IRQHandler
                0x00000000080010d0                CAN1_RX1_IRQHandler
                0x00000000080010d0                UART5_IRQHandler
                0x00000000080010d0                DMA2_Stream0_IRQHandler
                0x00000000080010d0                TIM4_IRQHandler
                0x00000000080010d0                I2C1_EV_IRQHandler
                0x00000000080010d0                DMA1_Stream6_IRQHandler
                0x00000000080010d0                DMA1_Stream1_IRQHandler
                0x00000000080010d0                UART4_IRQHandler
                0x00000000080010d0                TIM3_IRQHandler
                0x00000000080010d0                RCC_IRQHandler
                0x00000000080010d0                TIM8_BRK_TIM12_IRQHandler
                0x00000000080010d0                Default_Handler
                0x00000000080010d0                EXTI15_10_IRQHandler
                0x00000000080010d0                ADC_IRQHandler
                0x00000000080010d0                DMA1_Stream7_IRQHandler
                0x00000000080010d0                TIM7_IRQHandler
                0x00000000080010d0                CAN2_TX_IRQHandler
                0x00000000080010d0                TIM5_IRQHandler
                0x00000000080010d0                DMA2_Stream7_IRQHandler
                0x00000000080010d0                I2C3_EV_IRQHandler
                0x00000000080010d0                EXTI9_5_IRQHandler
                0x00000000080010d0                RTC_WKUP_IRQHandler
                0x00000000080010d0                ETH_WKUP_IRQHandler
                0x00000000080010d0                SPI2_IRQHandler
                0x00000000080010d0                OTG_HS_EP1_IN_IRQHandler
                0x00000000080010d0                DMA1_Stream0_IRQHandler
                0x00000000080010d0                CAN1_TX_IRQHandler
                0x00000000080010d0                EXTI4_IRQHandler
                0x00000000080010d0                FSMC_IRQHandler
                0x00000000080010d0                ETH_IRQHandler
                0x00000000080010d0                OTG_HS_EP1_OUT_IRQHandler
                0x00000000080010d0                WWDG_IRQHandler
                0x00000000080010d0                TIM2_IRQHandler
                0x00000000080010d0                OTG_FS_WKUP_IRQHandler
                0x00000000080010d0                TIM1_TRG_COM_TIM11_IRQHandler
                0x00000000080010d0                OTG_HS_IRQHandler
                0x00000000080010d0                EXTI1_IRQHandler
                0x00000000080010d0                USART2_IRQHandler
                0x00000000080010d0                I2C2_ER_IRQHandler
                0x00000000080010d0                DMA2_Stream1_IRQHandler
                0x00000000080010d0                CAN1_SCE_IRQHandler
                0x00000000080010d0                FLASH_IRQHandler
                0x00000000080010d0                DMA2_Stream4_IRQHandler
                0x00000000080010d0                USART1_IRQHandler
                0x00000000080010d0                OTG_FS_IRQHandler
                0x00000000080010d0                SPI3_IRQHandler
                0x00000000080010d0                DMA1_Stream4_IRQHandler
                0x00000000080010d0                I2C1_ER_IRQHandler
                0x00000000080010d0                DMA2_Stream6_IRQHandler
                0x00000000080010d0                DMA1_Stream3_IRQHandler
 *fill*         0x00000000080010d2        0x2 
 .text.HAL_Init
                0x00000000080010d4       0x44 Drivers/STM32F4xx_HAL_Driver/Src/stm32f4xx_hal.o
                0x00000000080010d4                HAL_Init
 .text.HAL_IncTick
                0x0000000008001118       0x28 Drivers/STM32F4xx_HAL_Driver/Src/stm32f4xx_hal.o
                0x0000000008001118                HAL_IncTick
 .text.HAL_GetTick
                0x0000000008001140       0x18 Drivers/STM32F4xx_HAL_Driver/Src/stm32f4xx_hal.o
                0x0000000008001140                HAL_GetTick
 .text.__NVIC_SetPriorityGrouping
                0x0000000008001158       0x48 Drivers/STM32F4xx_HAL_Driver/Src/stm32f4xx_hal_cortex.o
 .text.__NVIC_GetPriorityGrouping
                0x00000000080011a0       0x1c Drivers/STM32F4xx_HAL_Driver/Src/stm32f4xx_hal_cortex.o
 .text.__NVIC_EnableIRQ
                0x00000000080011bc       0x3c Drivers/STM32F4xx_HAL_Driver/Src/stm32f4xx_hal_cortex.o
 .text.__NVIC_SetPriority
                0x00000000080011f8       0x54 Drivers/STM32F4xx_HAL_Driver/Src/stm32f4xx_hal_cortex.o
 .text.NVIC_EncodePriority
                0x000000000800124c       0x66 Drivers/STM32F4xx_HAL_Driver/Src/stm32f4xx_hal_cortex.o
 .text.HAL_NVIC_SetPriorityGrouping
                0x00000000080012b2       0x16 Drivers/STM32F4xx_HAL_Driver/Src/stm32f4xx_hal_cortex.o
                0x00000000080012b2                HAL_NVIC_SetPriorityGrouping
 .text.HAL_NVIC_SetPriority
                0x00000000080012c8       0x38 Drivers/STM32F4xx_HAL_Driver/Src/stm32f4xx_hal_cortex.o
                0x00000000080012c8                HAL_NVIC_SetPriority
 .text.HAL_NVIC_EnableIRQ
                0x0000000008001300       0x1c Drivers/STM32F4xx_HAL_Driver/Src/stm32f4xx_hal_cortex.o
                0x0000000008001300                HAL_NVIC_EnableIRQ
 .text.HAL_DMA_Init
                0x000000000800131c      0x15c Drivers/STM32F4xx_HAL_Driver/Src/stm32f4xx_hal_dma.o
                0x000000000800131c                HAL_DMA_Init
 .text.HAL_DMA_IRQHandler
                0x0000000008001478      0x314 Drivers/STM32F4xx_HAL_Driver/Src/stm32f4xx_hal_dma.o
                0x0000000008001478                HAL_DMA_IRQHandler
 .text.DMA_CalcBaseAndBitshift
                0x000000000800178c       0x6c Drivers/STM32F4xx_HAL_Driver/Src/stm32f4xx_hal_dma.o
 .text.DMA_CheckFifoParam
                0x00000000080017f8       0xf4 Drivers/STM32F4xx_HAL_Driver/Src/stm32f4xx_hal_dma.o
 .text.HAL_GPIO_Init
                0x00000000080018ec      0x334 Drivers/STM32F4xx_HAL_Driver/Src/stm32f4xx_hal_gpio.o
                0x00000000080018ec                HAL_GPIO_Init
 .text.HAL_GPIO_WritePin
                0x0000000008001c20       0x32 Drivers/STM32F4xx_HAL_Driver/Src/stm32f4xx_hal_gpio.o
                0x0000000008001c20                HAL_GPIO_WritePin
 *fill*         0x0000000008001c52        0x2 
 .text.HAL_RCC_OscConfig
                0x0000000008001c54      0x4e0 Drivers/STM32F4xx_HAL_Driver/Src/stm32f4xx_hal_rcc.o
                0x0000000008001c54                HAL_RCC_OscConfig
 .text.HAL_RCC_ClockConfig
                0x0000000008002134      0x1cc Drivers/STM32F4xx_HAL_Driver/Src/stm32f4xx_hal_rcc.o
                0x0000000008002134                HAL_RCC_ClockConfig
 .text.HAL_RCC_GetSysClockFreq
                0x0000000008002300      0x1b0 Drivers/STM32F4xx_HAL_Driver/Src/stm32f4xx_hal_rcc.o
                0x0000000008002300                HAL_RCC_GetSysClockFreq
 .text.HAL_RCC_GetHCLKFreq
                0x00000000080024b0       0x18 Drivers/STM32F4xx_HAL_Driver/Src/stm32f4xx_hal_rcc.o
                0x00000000080024b0                HAL_RCC_GetHCLKFreq
 .text.HAL_RCC_GetPCLK1Freq
                0x00000000080024c8       0x28 Drivers/STM32F4xx_HAL_Driver/Src/stm32f4xx_hal_rcc.o
                0x00000000080024c8                HAL_RCC_GetPCLK1Freq
 .text.HAL_RCC_GetPCLK2Freq
                0x00000000080024f0       0x28 Drivers/STM32F4xx_HAL_Driver/Src/stm32f4xx_hal_rcc.o
                0x00000000080024f0                HAL_RCC_GetPCLK2Freq
 .text.HAL_RCC_GetClockConfig
                0x0000000008002518       0x64 Drivers/STM32F4xx_HAL_Driver/Src/stm32f4xx_hal_rcc.o
                0x0000000008002518                HAL_RCC_GetClockConfig
 .text.HAL_TIM_Base_Init
                0x000000000800257c       0x56 Drivers/STM32F4xx_HAL_Driver/Src/stm32f4xx_hal_tim.o
                0x000000000800257c                HAL_TIM_Base_Init
 .text.HAL_TIM_Base_Start_IT
                0x00000000080025d2       0x48 Drivers/STM32F4xx_HAL_Driver/Src/stm32f4xx_hal_tim.o
                0x00000000080025d2                HAL_TIM_Base_Start_IT
 .text.HAL_TIM_IRQHandler
                0x000000000800261a      0x210 Drivers/STM32F4xx_HAL_Driver/Src/stm32f4xx_hal_tim.o
                0x000000000800261a                HAL_TIM_IRQHandler
 .text.HAL_TIM_OC_DelayElapsedCallback
                0x000000000800282a       0x14 Drivers/STM32F4xx_HAL_Driver/Src/stm32f4xx_hal_tim.o
                0x000000000800282a                HAL_TIM_OC_DelayElapsedCallback
 .text.HAL_TIM_IC_CaptureCallback
                0x000000000800283e       0x14 Drivers/STM32F4xx_HAL_Driver/Src/stm32f4xx_hal_tim.o
                0x000000000800283e                HAL_TIM_IC_CaptureCallback
 .text.HAL_TIM_PWM_PulseFinishedCallback
                0x0000000008002852       0x14 Drivers/STM32F4xx_HAL_Driver/Src/stm32f4xx_hal_tim.o
                0x0000000008002852                HAL_TIM_PWM_PulseFinishedCallback
 .text.HAL_TIM_TriggerCallback
                0x0000000008002866       0x14 Drivers/STM32F4xx_HAL_Driver/Src/stm32f4xx_hal_tim.o
                0x0000000008002866                HAL_TIM_TriggerCallback
 *fill*         0x000000000800287a        0x2 
 .text.TIM_Base_SetConfig
                0x000000000800287c      0x140 Drivers/STM32F4xx_HAL_Driver/Src/stm32f4xx_hal_tim.o
                0x000000000800287c                TIM_Base_SetConfig
 .text.HAL_TIMEx_MasterConfigSynchronization
                0x00000000080029bc       0xf8 Drivers/STM32F4xx_HAL_Driver/Src/stm32f4xx_hal_tim_ex.o
                0x00000000080029bc                HAL_TIMEx_MasterConfigSynchronization
 .text.HAL_TIMEx_CommutCallback
                0x0000000008002ab4       0x14 Drivers/STM32F4xx_HAL_Driver/Src/stm32f4xx_hal_tim_ex.o
                0x0000000008002ab4                HAL_TIMEx_CommutCallback
 .text.HAL_TIMEx_BreakCallback
                0x0000000008002ac8       0x14 Drivers/STM32F4xx_HAL_Driver/Src/stm32f4xx_hal_tim_ex.o
                0x0000000008002ac8                HAL_TIMEx_BreakCallback
 .text.HAL_UART_Init
                0x0000000008002adc       0x9a Drivers/STM32F4xx_HAL_Driver/Src/stm32f4xx_hal_uart.o
                0x0000000008002adc                HAL_UART_Init
 .text.HAL_UART_Transmit
                0x0000000008002b76      0x132 Drivers/STM32F4xx_HAL_Driver/Src/stm32f4xx_hal_uart.o
                0x0000000008002b76                HAL_UART_Transmit
 .text.UART_WaitOnFlagUntilTimeout
                0x0000000008002ca8       0x94 Drivers/STM32F4xx_HAL_Driver/Src/stm32f4xx_hal_uart.o
 .text.UART_SetConfig
                0x0000000008002d3c      0x6f8 Drivers/STM32F4xx_HAL_Driver/Src/stm32f4xx_hal_uart.o
 .text.makeFreeRtosPriority
                0x0000000008003434       0x30 Middlewares/Third_Party/FreeRTOS/Source/CMSIS_RTOS/cmsis_os.o
 .text.osKernelStart
                0x0000000008003464        0xe Middlewares/Third_Party/FreeRTOS/Source/CMSIS_RTOS/cmsis_os.o
                0x0000000008003464                osKernelStart
 .text.osThreadCreate
                0x0000000008003472       0x98 Middlewares/Third_Party/FreeRTOS/Source/CMSIS_RTOS/cmsis_os.o
                0x0000000008003472                osThreadCreate
 .text.osDelay  0x000000000800350a       0x28 Middlewares/Third_Party/FreeRTOS/Source/CMSIS_RTOS/cmsis_os.o
                0x000000000800350a                osDelay
 .text.xEventGroupCreate
                0x0000000008003532       0x34 Middlewares/Third_Party/FreeRTOS/Source/event_groups.o
                0x0000000008003532                xEventGroupCreate
 *fill*         0x0000000008003566        0x2 
 .text.xEventGroupWaitBits
                0x0000000008003568      0x194 Middlewares/Third_Party/FreeRTOS/Source/event_groups.o
                0x0000000008003568                xEventGroupWaitBits
 .text.xEventGroupSetBits
                0x00000000080036fc      0x112 Middlewares/Third_Party/FreeRTOS/Source/event_groups.o
                0x00000000080036fc                xEventGroupSetBits
 .text.prvTestWaitCondition
                0x000000000800380e       0x44 Middlewares/Third_Party/FreeRTOS/Source/event_groups.o
 .text.vListInitialise
                0x0000000008003852       0x40 Middlewares/Third_Party/FreeRTOS/Source/list.o
                0x0000000008003852                vListInitialise
 .text.vListInitialiseItem
                0x0000000008003892       0x1a Middlewares/Third_Party/FreeRTOS/Source/list.o
                0x0000000008003892                vListInitialiseItem
 .text.vListInsertEnd
                0x00000000080038ac       0x48 Middlewares/Third_Party/FreeRTOS/Source/list.o
                0x00000000080038ac                vListInsertEnd
 .text.vListInsert
                0x00000000080038f4       0x72 Middlewares/Third_Party/FreeRTOS/Source/list.o
                0x00000000080038f4                vListInsert
 .text.uxListRemove
                0x0000000008003966       0x54 Middlewares/Third_Party/FreeRTOS/Source/list.o
                0x0000000008003966                uxListRemove
 *fill*         0x00000000080039ba        0x2 
 .text.xQueueGenericReset
                0x00000000080039bc       0xd0 Middlewares/Third_Party/FreeRTOS/Source/queue.o
                0x00000000080039bc                xQueueGenericReset
 .text.xQueueGenericCreateStatic
                0x0000000008003a8c       0xe6 Middlewares/Third_Party/FreeRTOS/Source/queue.o
                0x0000000008003a8c                xQueueGenericCreateStatic
 .text.prvInitialiseNewQueue
                0x0000000008003b72       0x3e Middlewares/Third_Party/FreeRTOS/Source/queue.o
 .text.xQueueGenericSend
                0x0000000008003bb0      0x1f4 Middlewares/Third_Party/FreeRTOS/Source/queue.o
                0x0000000008003bb0                xQueueGenericSend
 .text.xQueueGenericSendFromISR
                0x0000000008003da4      0x128 Middlewares/Third_Party/FreeRTOS/Source/queue.o
                0x0000000008003da4                xQueueGenericSendFromISR
 .text.xQueueReceive
                0x0000000008003ecc      0x1b8 Middlewares/Third_Party/FreeRTOS/Source/queue.o
                0x0000000008003ecc                xQueueReceive
 .text.prvCopyDataToQueue
                0x0000000008004084       0xd4 Middlewares/Third_Party/FreeRTOS/Source/queue.o
 .text.prvCopyDataFromQueue
                0x0000000008004158       0x4c Middlewares/Third_Party/FreeRTOS/Source/queue.o
 .text.prvUnlockQueue
                0x00000000080041a4       0xa4 Middlewares/Third_Party/FreeRTOS/Source/queue.o
 .text.prvIsQueueEmpty
                0x0000000008004248       0x2c Middlewares/Third_Party/FreeRTOS/Source/queue.o
 .text.prvIsQueueFull
                0x0000000008004274       0x30 Middlewares/Third_Party/FreeRTOS/Source/queue.o
 .text.vQueueAddToRegistry
                0x00000000080042a4       0x50 Middlewares/Third_Party/FreeRTOS/Source/queue.o
                0x00000000080042a4                vQueueAddToRegistry
 .text.vQueueWaitForMessageRestricted
                0x00000000080042f4       0x68 Middlewares/Third_Party/FreeRTOS/Source/queue.o
                0x00000000080042f4                vQueueWaitForMessageRestricted
 .text.xTaskCreateStatic
                0x000000000800435c       0xb4 Middlewares/Third_Party/FreeRTOS/Source/tasks.o
                0x000000000800435c                xTaskCreateStatic
 .text.xTaskCreate
                0x0000000008004410       0x8a Middlewares/Third_Party/FreeRTOS/Source/tasks.o
                0x0000000008004410                xTaskCreate
 .text.prvInitialiseNewTask
                0x000000000800449a      0x10c Middlewares/Third_Party/FreeRTOS/Source/tasks.o
 *fill*         0x00000000080045a6        0x2 
 .text.prvAddNewTaskToReadyList
                0x00000000080045a8       0xd4 Middlewares/Third_Party/FreeRTOS/Source/tasks.o
 .text.vTaskDelay
                0x000000000800467c       0x68 Middlewares/Third_Party/FreeRTOS/Source/tasks.o
                0x000000000800467c                vTaskDelay
 .text.vTaskStartScheduler
                0x00000000080046e4       0xc8 Middlewares/Third_Party/FreeRTOS/Source/tasks.o
                0x00000000080046e4                vTaskStartScheduler
 .text.vTaskSuspendAll
                0x00000000080047ac       0x1c Middlewares/Third_Party/FreeRTOS/Source/tasks.o
                0x00000000080047ac                vTaskSuspendAll
 .text.xTaskResumeAll
                0x00000000080047c8      0x138 Middlewares/Third_Party/FreeRTOS/Source/tasks.o
                0x00000000080047c8                xTaskResumeAll
 .text.xTaskGetTickCount
                0x0000000008004900       0x20 Middlewares/Third_Party/FreeRTOS/Source/tasks.o
                0x0000000008004900                xTaskGetTickCount
 .text.xTaskIncrementTick
                0x0000000008004920      0x170 Middlewares/Third_Party/FreeRTOS/Source/tasks.o
                0x0000000008004920                xTaskIncrementTick
 .text.vTaskSwitchContext
                0x0000000008004a90       0xb4 Middlewares/Third_Party/FreeRTOS/Source/tasks.o
                0x0000000008004a90                vTaskSwitchContext
 .text.vTaskPlaceOnEventList
                0x0000000008004b44       0x48 Middlewares/Third_Party/FreeRTOS/Source/tasks.o
                0x0000000008004b44                vTaskPlaceOnEventList
 .text.vTaskPlaceOnUnorderedEventList
                0x0000000008004b8c       0x74 Middlewares/Third_Party/FreeRTOS/Source/tasks.o
                0x0000000008004b8c                vTaskPlaceOnUnorderedEventList
 .text.vTaskPlaceOnEventListRestricted
                0x0000000008004c00       0x54 Middlewares/Third_Party/FreeRTOS/Source/tasks.o
                0x0000000008004c00                vTaskPlaceOnEventListRestricted
 .text.xTaskRemoveFromEventList
                0x0000000008004c54       0xc4 Middlewares/Third_Party/FreeRTOS/Source/tasks.o
                0x0000000008004c54                xTaskRemoveFromEventList
 .text.vTaskRemoveFromUnorderedEventList
                0x0000000008004d18       0xc0 Middlewares/Third_Party/FreeRTOS/Source/tasks.o
                0x0000000008004d18                vTaskRemoveFromUnorderedEventList
 .text.vTaskInternalSetTimeOutState
                0x0000000008004dd8       0x2c Middlewares/Third_Party/FreeRTOS/Source/tasks.o
                0x0000000008004dd8                vTaskInternalSetTimeOutState
 .text.xTaskCheckForTimeOut
                0x0000000008004e04       0xc0 Middlewares/Third_Party/FreeRTOS/Source/tasks.o
                0x0000000008004e04                xTaskCheckForTimeOut
 .text.vTaskMissedYield
                0x0000000008004ec4       0x18 Middlewares/Third_Party/FreeRTOS/Source/tasks.o
                0x0000000008004ec4                vTaskMissedYield
 .text.prvIdleTask
                0x0000000008004edc       0x30 Middlewares/Third_Party/FreeRTOS/Source/tasks.o
 .text.prvInitialiseTaskLists
                0x0000000008004f0c       0x80 Middlewares/Third_Party/FreeRTOS/Source/tasks.o
 .text.prvCheckTasksWaitingTermination
                0x0000000008004f8c       0x58 Middlewares/Third_Party/FreeRTOS/Source/tasks.o
 .text.prvDeleteTCB
                0x0000000008004fe4       0x5c Middlewares/Third_Party/FreeRTOS/Source/tasks.o
 .text.prvResetNextTaskUnblockTime
                0x0000000008005040       0x40 Middlewares/Third_Party/FreeRTOS/Source/tasks.o
 .text.xTaskGetSchedulerState
                0x0000000008005080       0x3c Middlewares/Third_Party/FreeRTOS/Source/tasks.o
                0x0000000008005080                xTaskGetSchedulerState
 .text.xTaskPriorityDisinherit
                0x00000000080050bc      0x108 Middlewares/Third_Party/FreeRTOS/Source/tasks.o
                0x00000000080050bc                xTaskPriorityDisinherit
 .text.uxTaskResetEventItemValue
                0x00000000080051c4       0x30 Middlewares/Third_Party/FreeRTOS/Source/tasks.o
                0x00000000080051c4                uxTaskResetEventItemValue
 .text.prvAddCurrentTaskToDelayedList
                0x00000000080051f4       0xcc Middlewares/Third_Party/FreeRTOS/Source/tasks.o
 .text.xTimerCreateTimerTask
                0x00000000080052c0       0x90 Middlewares/Third_Party/FreeRTOS/Source/timers.o
                0x00000000080052c0                xTimerCreateTimerTask
 .text.xTimerGenericCommand
                0x0000000008005350       0x98 Middlewares/Third_Party/FreeRTOS/Source/timers.o
                0x0000000008005350                xTimerGenericCommand
 .text.prvProcessExpiredTimer
                0x00000000080053e8       0x98 Middlewares/Third_Party/FreeRTOS/Source/timers.o
 .text.prvTimerTask
                0x0000000008005480       0x24 Middlewares/Third_Party/FreeRTOS/Source/timers.o
 .text.prvProcessTimerOrBlockTask
                0x00000000080054a4       0x9c Middlewares/Third_Party/FreeRTOS/Source/timers.o
 .text.prvGetNextExpireTime
                0x0000000008005540       0x48 Middlewares/Third_Party/FreeRTOS/Source/timers.o
 .text.prvSampleTimeNow
                0x0000000008005588       0x40 Middlewares/Third_Party/FreeRTOS/Source/timers.o
 .text.prvInsertTimerInActiveList
                0x00000000080055c8       0x84 Middlewares/Third_Party/FreeRTOS/Source/timers.o
 .text.prvProcessReceivedCommands
                0x000000000800564c      0x1b8 Middlewares/Third_Party/FreeRTOS/Source/timers.o
 .text.prvSwitchTimerLists
                0x0000000008005804       0xc8 Middlewares/Third_Party/FreeRTOS/Source/timers.o
 .text.prvCheckForValidListAndQueue
                0x00000000080058cc       0x80 Middlewares/Third_Party/FreeRTOS/Source/timers.o
 .text.pxPortInitialiseStack
                0x000000000800594c       0x68 Middlewares/Third_Party/FreeRTOS/Source/portable/GCC/ARM_CM4F/port.o
                0x000000000800594c                pxPortInitialiseStack
 .text.prvTaskExitError
                0x00000000080059b4       0x54 Middlewares/Third_Party/FreeRTOS/Source/portable/GCC/ARM_CM4F/port.o
 *fill*         0x0000000008005a08        0x8 
 .text.SVC_Handler
                0x0000000008005a10       0x28 Middlewares/Third_Party/FreeRTOS/Source/portable/GCC/ARM_CM4F/port.o
                0x0000000008005a10                SVC_Handler
 .text.prvPortStartFirstTask
                0x0000000008005a38       0x28 Middlewares/Third_Party/FreeRTOS/Source/portable/GCC/ARM_CM4F/port.o
 .text.xPortStartScheduler
                0x0000000008005a60      0x13c Middlewares/Third_Party/FreeRTOS/Source/portable/GCC/ARM_CM4F/port.o
                0x0000000008005a60                xPortStartScheduler
 .text.vPortEnterCritical
                0x0000000008005b9c       0x5c Middlewares/Third_Party/FreeRTOS/Source/portable/GCC/ARM_CM4F/port.o
                0x0000000008005b9c                vPortEnterCritical
 .text.vPortExitCritical
                0x0000000008005bf8       0x50 Middlewares/Third_Party/FreeRTOS/Source/portable/GCC/ARM_CM4F/port.o
                0x0000000008005bf8                vPortExitCritical
 *fill*         0x0000000008005c48        0x8 
 .text.PendSV_Handler
                0x0000000008005c50       0x68 Middlewares/Third_Party/FreeRTOS/Source/portable/GCC/ARM_CM4F/port.o
                0x0000000008005c50                PendSV_Handler
 .text.SysTick_Handler
                0x0000000008005cb8       0x40 Middlewares/Third_Party/FreeRTOS/Source/portable/GCC/ARM_CM4F/port.o
                0x0000000008005cb8                SysTick_Handler
 .text.vPortSetupTimerInterrupt
                0x0000000008005cf8       0x48 Middlewares/Third_Party/FreeRTOS/Source/portable/GCC/ARM_CM4F/port.o
                0x0000000008005cf8                vPortSetupTimerInterrupt
 .text.vPortEnableVFP
                0x0000000008005d40       0x14 Middlewares/Third_Party/FreeRTOS/Source/portable/GCC/ARM_CM4F/port.o
 .text.vPortValidateInterruptPriority
                0x0000000008005d54       0x7c Middlewares/Third_Party/FreeRTOS/Source/portable/GCC/ARM_CM4F/port.o
                0x0000000008005d54                vPortValidateInterruptPriority
 .text.pvPortMalloc
                0x0000000008005dd0      0x184 Middlewares/Third_Party/FreeRTOS/Source/portable/MemMang/heap_4.o
                0x0000000008005dd0                pvPortMalloc
 .text.vPortFree
                0x0000000008005f54       0xb0 Middlewares/Third_Party/FreeRTOS/Source/portable/MemMang/heap_4.o
                0x0000000008005f54                vPortFree
 .text.prvHeapInit
                0x0000000008006004       0xc4 Middlewares/Third_Party/FreeRTOS/Source/portable/MemMang/heap_4.o
 .text.prvInsertBlockIntoFreeList
                0x00000000080060c8       0xb4 Middlewares/Third_Party/FreeRTOS/Source/portable/MemMang/heap_4.o
 .text.__libc_init_array
                0x000000000800617c       0x48 c:/st/stm32cubeide_1.3.0/stm32cubeide/plugins/com.st.stm32cube.ide.mcu.externaltools.gnu-tools-for-stm32.7-2018-q2-update.win32_1.0.0.201904181610/tools/bin/../lib/gcc/arm-none-eabi/7.3.1/../../../../arm-none-eabi/lib/thumb/v7e-m/fpv4-sp/hard\libc_nano.a(lib_a-init.o)
                0x000000000800617c                __libc_init_array
 .text.memcpy   0x00000000080061c4       0x16 c:/st/stm32cubeide_1.3.0/stm32cubeide/plugins/com.st.stm32cube.ide.mcu.externaltools.gnu-tools-for-stm32.7-2018-q2-update.win32_1.0.0.201904181610/tools/bin/../lib/gcc/arm-none-eabi/7.3.1/../../../../arm-none-eabi/lib/thumb/v7e-m/fpv4-sp/hard\libc_nano.a(lib_a-memcpy-stub.o)
                0x00000000080061c4                memcpy
 .text.memset   0x00000000080061da       0x10 c:/st/stm32cubeide_1.3.0/stm32cubeide/plugins/com.st.stm32cube.ide.mcu.externaltools.gnu-tools-for-stm32.7-2018-q2-update.win32_1.0.0.201904181610/tools/bin/../lib/gcc/arm-none-eabi/7.3.1/../../../../arm-none-eabi/lib/thumb/v7e-m/fpv4-sp/hard\libc_nano.a(lib_a-memset.o)
                0x00000000080061da                memset
 *(.glue_7)
 .glue_7        0x00000000080061ea        0x0 linker stubs
 *(.glue_7t)
 .glue_7t       0x00000000080061ea        0x0 linker stubs
 *(.eh_frame)
 *fill*         0x00000000080061ea        0x2 
 .eh_frame      0x00000000080061ec        0x0 c:/st/stm32cubeide_1.3.0/stm32cubeide/plugins/com.st.stm32cube.ide.mcu.externaltools.gnu-tools-for-stm32.7-2018-q2-update.win32_1.0.0.201904181610/tools/bin/../lib/gcc/arm-none-eabi/7.3.1/thumb/v7e-m/fpv4-sp/hard/crtbegin.o
 *(.init)
 .init          0x00000000080061ec        0x4 c:/st/stm32cubeide_1.3.0/stm32cubeide/plugins/com.st.stm32cube.ide.mcu.externaltools.gnu-tools-for-stm32.7-2018-q2-update.win32_1.0.0.201904181610/tools/bin/../lib/gcc/arm-none-eabi/7.3.1/thumb/v7e-m/fpv4-sp/hard/crti.o
                0x00000000080061ec                _init
 .init          0x00000000080061f0        0x8 c:/st/stm32cubeide_1.3.0/stm32cubeide/plugins/com.st.stm32cube.ide.mcu.externaltools.gnu-tools-for-stm32.7-2018-q2-update.win32_1.0.0.201904181610/tools/bin/../lib/gcc/arm-none-eabi/7.3.1/thumb/v7e-m/fpv4-sp/hard/crtn.o
 *(.fini)
 .fini          0x00000000080061f8        0x4 c:/st/stm32cubeide_1.3.0/stm32cubeide/plugins/com.st.stm32cube.ide.mcu.externaltools.gnu-tools-for-stm32.7-2018-q2-update.win32_1.0.0.201904181610/tools/bin/../lib/gcc/arm-none-eabi/7.3.1/thumb/v7e-m/fpv4-sp/hard/crti.o
                0x00000000080061f8                _fini
 .fini          0x00000000080061fc        0x8 c:/st/stm32cubeide_1.3.0/stm32cubeide/plugins/com.st.stm32cube.ide.mcu.externaltools.gnu-tools-for-stm32.7-2018-q2-update.win32_1.0.0.201904181610/tools/bin/../lib/gcc/arm-none-eabi/7.3.1/thumb/v7e-m/fpv4-sp/hard/crtn.o
                0x0000000008006204                . = ALIGN (0x4)
                0x0000000008006204                _etext = .

.vfp11_veneer   0x0000000008006204        0x0
 .vfp11_veneer  0x0000000008006204        0x0 linker stubs

.v4_bx          0x0000000008006204        0x0
 .v4_bx         0x0000000008006204        0x0 linker stubs

.iplt           0x0000000008006204        0x0
 .iplt          0x0000000008006204        0x0 c:/st/stm32cubeide_1.3.0/stm32cubeide/plugins/com.st.stm32cube.ide.mcu.externaltools.gnu-tools-for-stm32.7-2018-q2-update.win32_1.0.0.201904181610/tools/bin/../lib/gcc/arm-none-eabi/7.3.1/thumb/v7e-m/fpv4-sp/hard/crtbegin.o

.rodata         0x0000000008006204      0x350
                0x0000000008006204                . = ALIGN (0x4)
 *(.rodata)
 .rodata        0x0000000008006204       0xbd Core/Src/BlueTask.o
 *fill*         0x00000000080062c1        0x3 
 .rodata        0x00000000080062c4       0xc6 Core/Src/GreenTask.o
 *fill*         0x000000000800638a        0x2 
 .rodata        0x000000000800638c       0xc7 Core/Src/OrangeTask.o
 *fill*         0x0000000008006453        0x1 
 .rodata        0x0000000008006454       0xa0 Core/Src/freertos.o
 .rodata        0x00000000080064f4       0x26 Core/Src/main.o
 *fill*         0x000000000800651a        0x2 
 .rodata        0x000000000800651c        0x5 Middlewares/Third_Party/FreeRTOS/Source/tasks.o
 *fill*         0x0000000008006521        0x3 
 .rodata        0x0000000008006524        0xd Middlewares/Third_Party/FreeRTOS/Source/timers.o
 *(.rodata*)
 *fill*         0x0000000008006531        0x3 
 .rodata.AHBPrescTable
                0x0000000008006534       0x10 Core/Src/system_stm32f4xx.o
                0x0000000008006534                AHBPrescTable
 .rodata.APBPrescTable
                0x0000000008006544        0x8 Core/Src/system_stm32f4xx.o
                0x0000000008006544                APBPrescTable
 .rodata.flagBitshiftOffset.8119
                0x000000000800654c        0x8 Drivers/STM32F4xx_HAL_Driver/Src/stm32f4xx_hal_dma.o
                0x0000000008006554                . = ALIGN (0x4)

.ARM.extab      0x0000000008006554        0x0
                0x0000000008006554                . = ALIGN (0x4)
 *(.ARM.extab* .gnu.linkonce.armextab.*)
                0x0000000008006554                . = ALIGN (0x4)

.ARM            0x0000000008006554        0x8
                0x0000000008006554                . = ALIGN (0x4)
                0x0000000008006554                __exidx_start = .
 *(.ARM.exidx*)
 .ARM.exidx     0x0000000008006554        0x8 c:/st/stm32cubeide_1.3.0/stm32cubeide/plugins/com.st.stm32cube.ide.mcu.externaltools.gnu-tools-for-stm32.7-2018-q2-update.win32_1.0.0.201904181610/tools/bin/../lib/gcc/arm-none-eabi/7.3.1/thumb/v7e-m/fpv4-sp/hard\libgcc.a(_udivmoddi4.o)
                0x000000000800655c                __exidx_end = .
                0x000000000800655c                . = ALIGN (0x4)

.rel.dyn        0x000000000800655c        0x0
 .rel.iplt      0x000000000800655c        0x0 c:/st/stm32cubeide_1.3.0/stm32cubeide/plugins/com.st.stm32cube.ide.mcu.externaltools.gnu-tools-for-stm32.7-2018-q2-update.win32_1.0.0.201904181610/tools/bin/../lib/gcc/arm-none-eabi/7.3.1/thumb/v7e-m/fpv4-sp/hard/crtbegin.o

.preinit_array  0x000000000800655c        0x0
                0x000000000800655c                . = ALIGN (0x4)
                0x000000000800655c                PROVIDE (__preinit_array_start = .)
 *(.preinit_array*)
                0x000000000800655c                PROVIDE (__preinit_array_end = .)
                0x000000000800655c                . = ALIGN (0x4)

.init_array     0x000000000800655c        0x4
                0x000000000800655c                . = ALIGN (0x4)
                0x000000000800655c                PROVIDE (__init_array_start = .)
 *(SORT_BY_NAME(.init_array.*))
 *(.init_array*)
 .init_array    0x000000000800655c        0x4 c:/st/stm32cubeide_1.3.0/stm32cubeide/plugins/com.st.stm32cube.ide.mcu.externaltools.gnu-tools-for-stm32.7-2018-q2-update.win32_1.0.0.201904181610/tools/bin/../lib/gcc/arm-none-eabi/7.3.1/thumb/v7e-m/fpv4-sp/hard/crtbegin.o
                0x0000000008006560                PROVIDE (__init_array_end = .)
                0x0000000008006560                . = ALIGN (0x4)

.fini_array     0x0000000008006560        0x4
                0x0000000008006560                . = ALIGN (0x4)
                [!provide]                        PROVIDE (__fini_array_start = .)
 *(SORT_BY_NAME(.fini_array.*))
 *(.fini_array*)
 .fini_array    0x0000000008006560        0x4 c:/st/stm32cubeide_1.3.0/stm32cubeide/plugins/com.st.stm32cube.ide.mcu.externaltools.gnu-tools-for-stm32.7-2018-q2-update.win32_1.0.0.201904181610/tools/bin/../lib/gcc/arm-none-eabi/7.3.1/thumb/v7e-m/fpv4-sp/hard/crtbegin.o
                [!provide]                        PROVIDE (__fini_array_end = .)
                0x0000000008006564                . = ALIGN (0x4)
                0x0000000008006564                _sidata = LOADADDR (.data)

.data           0x0000000020000000       0x10 load address 0x0000000008006564
                0x0000000020000000                . = ALIGN (0x4)
                0x0000000020000000                _sdata = .
 *(.data)
 *(.data*)
 .data.SystemCoreClock
                0x0000000020000000        0x4 Core/Src/system_stm32f4xx.o
                0x0000000020000000                SystemCoreClock
 .data.uwTickPrio
                0x0000000020000004        0x4 Drivers/STM32F4xx_HAL_Driver/Src/stm32f4xx_hal.o
                0x0000000020000004                uwTickPrio
 .data.uwTickFreq
                0x0000000020000008        0x1 Drivers/STM32F4xx_HAL_Driver/Src/stm32f4xx_hal.o
                0x0000000020000008                uwTickFreq
 *fill*         0x0000000020000009        0x3 
 .data.uxCriticalNesting
                0x000000002000000c        0x4 Middlewares/Third_Party/FreeRTOS/Source/portable/GCC/ARM_CM4F/port.o
                0x0000000020000010                . = ALIGN (0x4)
                0x0000000020000010                _edata = .

.igot.plt       0x0000000020000010        0x0 load address 0x0000000008006574
 .igot.plt      0x0000000020000010        0x0 c:/st/stm32cubeide_1.3.0/stm32cubeide/plugins/com.st.stm32cube.ide.mcu.externaltools.gnu-tools-for-stm32.7-2018-q2-update.win32_1.0.0.201904181610/tools/bin/../lib/gcc/arm-none-eabi/7.3.1/thumb/v7e-m/fpv4-sp/hard/crtbegin.o
                0x0000000020000010                . = ALIGN (0x4)

.bss            0x0000000020000010     0x46bc load address 0x0000000008006574
                0x0000000020000010                _sbss = .
                0x0000000020000010                __bss_start__ = _sbss
 *(.bss)
 .bss           0x0000000020000010       0x1c c:/st/stm32cubeide_1.3.0/stm32cubeide/plugins/com.st.stm32cube.ide.mcu.externaltools.gnu-tools-for-stm32.7-2018-q2-update.win32_1.0.0.201904181610/tools/bin/../lib/gcc/arm-none-eabi/7.3.1/thumb/v7e-m/fpv4-sp/hard/crtbegin.o
 *(.bss*)
 .bss.i         0x000000002000002c        0x4 Core/Src/EventTask.o
                0x000000002000002c                i
 .bss.j         0x0000000020000030        0x4 Core/Src/EventTask.o
                0x0000000020000030                j
 .bss.xIdleTaskTCBBuffer
                0x0000000020000034       0x54 Core/Src/freertos.o
 .bss.xIdleStack
                0x0000000020000088      0x200 Core/Src/freertos.o
 .bss.xTimerTaskTCBBuffer
                0x0000000020000288       0x54 Core/Src/freertos.o
 .bss.xTimerStack
                0x00000000200002dc      0x400 Core/Src/freertos.o
 .bss.pxCurrentTCB
                0x00000000200006dc        0x4 Middlewares/Third_Party/FreeRTOS/Source/tasks.o
                0x00000000200006dc                pxCurrentTCB
 .bss.pxReadyTasksLists
                0x00000000200006e0       0x8c Middlewares/Third_Party/FreeRTOS/Source/tasks.o
 .bss.xDelayedTaskList1
                0x000000002000076c       0x14 Middlewares/Third_Party/FreeRTOS/Source/tasks.o
 .bss.xDelayedTaskList2
                0x0000000020000780       0x14 Middlewares/Third_Party/FreeRTOS/Source/tasks.o
 .bss.pxDelayedTaskList
                0x0000000020000794        0x4 Middlewares/Third_Party/FreeRTOS/Source/tasks.o
 .bss.pxOverflowDelayedTaskList
                0x0000000020000798        0x4 Middlewares/Third_Party/FreeRTOS/Source/tasks.o
 .bss.xPendingReadyList
                0x000000002000079c       0x14 Middlewares/Third_Party/FreeRTOS/Source/tasks.o
 .bss.xTasksWaitingTermination
                0x00000000200007b0       0x14 Middlewares/Third_Party/FreeRTOS/Source/tasks.o
 .bss.uxDeletedTasksWaitingCleanUp
                0x00000000200007c4        0x4 Middlewares/Third_Party/FreeRTOS/Source/tasks.o
 .bss.xSuspendedTaskList
                0x00000000200007c8       0x14 Middlewares/Third_Party/FreeRTOS/Source/tasks.o
 .bss.uxCurrentNumberOfTasks
                0x00000000200007dc        0x4 Middlewares/Third_Party/FreeRTOS/Source/tasks.o
 .bss.xTickCount
                0x00000000200007e0        0x4 Middlewares/Third_Party/FreeRTOS/Source/tasks.o
 .bss.uxTopReadyPriority
                0x00000000200007e4        0x4 Middlewares/Third_Party/FreeRTOS/Source/tasks.o
 .bss.xSchedulerRunning
                0x00000000200007e8        0x4 Middlewares/Third_Party/FreeRTOS/Source/tasks.o
 .bss.uxPendedTicks
                0x00000000200007ec        0x4 Middlewares/Third_Party/FreeRTOS/Source/tasks.o
 .bss.xYieldPending
                0x00000000200007f0        0x4 Middlewares/Third_Party/FreeRTOS/Source/tasks.o
 .bss.xNumOfOverflows
                0x00000000200007f4        0x4 Middlewares/Third_Party/FreeRTOS/Source/tasks.o
 .bss.uxTaskNumber
                0x00000000200007f8        0x4 Middlewares/Third_Party/FreeRTOS/Source/tasks.o
 .bss.xNextTaskUnblockTime
                0x00000000200007fc        0x4 Middlewares/Third_Party/FreeRTOS/Source/tasks.o
 .bss.xIdleTaskHandle
                0x0000000020000800        0x4 Middlewares/Third_Party/FreeRTOS/Source/tasks.o
 .bss.uxSchedulerSuspended
                0x0000000020000804        0x4 Middlewares/Third_Party/FreeRTOS/Source/tasks.o
 .bss.xActiveTimerList1
                0x0000000020000808       0x14 Middlewares/Third_Party/FreeRTOS/Source/timers.o
 .bss.xActiveTimerList2
                0x000000002000081c       0x14 Middlewares/Third_Party/FreeRTOS/Source/timers.o
 .bss.pxCurrentTimerList
                0x0000000020000830        0x4 Middlewares/Third_Party/FreeRTOS/Source/timers.o
 .bss.pxOverflowTimerList
                0x0000000020000834        0x4 Middlewares/Third_Party/FreeRTOS/Source/timers.o
 .bss.xTimerQueue
                0x0000000020000838        0x4 Middlewares/Third_Party/FreeRTOS/Source/timers.o
 .bss.xTimerTaskHandle
                0x000000002000083c        0x4 Middlewares/Third_Party/FreeRTOS/Source/timers.o
 .bss.xLastTime.6733
                0x0000000020000840        0x4 Middlewares/Third_Party/FreeRTOS/Source/timers.o
 .bss.ucStaticTimerQueueStorage.6784
                0x0000000020000844       0xa0 Middlewares/Third_Party/FreeRTOS/Source/timers.o
 .bss.xStaticTimerQueue.6783
                0x00000000200008e4       0x48 Middlewares/Third_Party/FreeRTOS/Source/timers.o
 .bss.ucMaxSysCallPriority
                0x000000002000092c        0x1 Middlewares/Third_Party/FreeRTOS/Source/portable/GCC/ARM_CM4F/port.o
 *fill*         0x000000002000092d        0x3 
 .bss.ulMaxPRIGROUPValue
                0x0000000020000930        0x4 Middlewares/Third_Party/FreeRTOS/Source/portable/GCC/ARM_CM4F/port.o
 .bss.ucHeap    0x0000000020000934     0x3c00 Middlewares/Third_Party/FreeRTOS/Source/portable/MemMang/heap_4.o
 .bss.xStart    0x0000000020004534        0x8 Middlewares/Third_Party/FreeRTOS/Source/portable/MemMang/heap_4.o
 .bss.pxEnd     0x000000002000453c        0x4 Middlewares/Third_Party/FreeRTOS/Source/portable/MemMang/heap_4.o
 .bss.xFreeBytesRemaining
                0x0000000020004540        0x4 Middlewares/Third_Party/FreeRTOS/Source/portable/MemMang/heap_4.o
 .bss.xMinimumEverFreeBytesRemaining
                0x0000000020004544        0x4 Middlewares/Third_Party/FreeRTOS/Source/portable/MemMang/heap_4.o
 .bss.xBlockAllocatedBit
                0x0000000020004548        0x4 Middlewares/Third_Party/FreeRTOS/Source/portable/MemMang/heap_4.o
 *(COMMON)
 COMMON         0x000000002000454c        0x4 Core/Src/BlueTask.o
                0x000000002000454c                BlueEvent
 COMMON         0x0000000020004550        0x4 Core/Src/GreenTask.o
                0x0000000020004550                GreenEvent
 COMMON         0x0000000020004554        0x4 Core/Src/OrangeTask.o
                0x0000000020004554                OrangeEvent
 COMMON         0x0000000020004558       0x10 Core/Src/freertos.o
                0x0000000020004558                OrangeTaskHandle
                0x000000002000455c                EventTaskHandle
                0x0000000020004560                BlueTaskHandle
                0x0000000020004564                GreenTaskHandle
 COMMON         0x0000000020004568       0x40 Core/Src/stm32f4xx_hal_timebase_tim.o
                0x0000000020004568                htim1
 COMMON         0x00000000200045a8       0x40 Core/Src/tim.o
                0x00000000200045a8                htim6
 COMMON         0x00000000200045e8       0xa0 Core/Src/usart.o
                0x00000000200045e8                hdma_usart2_rx
                0x0000000020004648                huart2
 COMMON         0x0000000020004688        0x4 Drivers/STM32F4xx_HAL_Driver/Src/stm32f4xx_hal.o
                0x0000000020004688                uwTick
 COMMON         0x000000002000468c       0x40 Middlewares/Third_Party/FreeRTOS/Source/queue.o
                0x000000002000468c                xQueueRegistry
                0x00000000200046cc                . = ALIGN (0x4)
                0x00000000200046cc                _ebss = .
                0x00000000200046cc                __bss_end__ = _ebss

._user_heap_stack
                0x00000000200046cc      0x604 load address 0x0000000008006574
                0x00000000200046d0                . = ALIGN (0x8)
 *fill*         0x00000000200046cc        0x4 
                0x00000000200046d0                PROVIDE (end = .)
                [!provide]                        PROVIDE (_end = .)
                0x00000000200048d0                . = (. + _Min_Heap_Size)
 *fill*         0x00000000200046d0      0x200 
                0x0000000020004cd0                . = (. + _Min_Stack_Size)
 *fill*         0x00000000200048d0      0x400 
                0x0000000020004cd0                . = ALIGN (0x8)

/DISCARD/
 libc.a(*)
 libm.a(*)
 libgcc.a(*)

.ARM.attributes
                0x0000000000000000       0x30
 *(.ARM.attributes)
 .ARM.attributes
                0x0000000000000000       0x22 c:/st/stm32cubeide_1.3.0/stm32cubeide/plugins/com.st.stm32cube.ide.mcu.externaltools.gnu-tools-for-stm32.7-2018-q2-update.win32_1.0.0.201904181610/tools/bin/../lib/gcc/arm-none-eabi/7.3.1/thumb/v7e-m/fpv4-sp/hard/crti.o
 .ARM.attributes
                0x0000000000000022       0x34 c:/st/stm32cubeide_1.3.0/stm32cubeide/plugins/com.st.stm32cube.ide.mcu.externaltools.gnu-tools-for-stm32.7-2018-q2-update.win32_1.0.0.201904181610/tools/bin/../lib/gcc/arm-none-eabi/7.3.1/thumb/v7e-m/fpv4-sp/hard/crtbegin.o
 .ARM.attributes
                0x0000000000000056       0x39 Core/Src/BlueTask.o
 .ARM.attributes
                0x000000000000008f       0x39 Core/Src/EventTask.o
 .ARM.attributes
                0x00000000000000c8       0x39 Core/Src/GreenTask.o
 .ARM.attributes
                0x0000000000000101       0x39 Core/Src/OrangeTask.o
 .ARM.attributes
                0x000000000000013a       0x39 Core/Src/dma.o
 .ARM.attributes
                0x0000000000000173       0x39 Core/Src/freertos.o
 .ARM.attributes
                0x00000000000001ac       0x39 Core/Src/gpio.o
 .ARM.attributes
                0x00000000000001e5       0x39 Core/Src/main.o
 .ARM.attributes
                0x000000000000021e       0x39 Core/Src/stm32f4xx_hal_msp.o
 .ARM.attributes
                0x0000000000000257       0x39 Core/Src/stm32f4xx_hal_timebase_tim.o
 .ARM.attributes
                0x0000000000000290       0x39 Core/Src/stm32f4xx_it.o
 .ARM.attributes
                0x00000000000002c9       0x39 Core/Src/system_stm32f4xx.o
 .ARM.attributes
                0x0000000000000302       0x39 Core/Src/tim.o
 .ARM.attributes
                0x000000000000033b       0x39 Core/Src/usart.o
 .ARM.attributes
                0x0000000000000374       0x21 Core/Startup/startup_stm32f407vgtx.o
 .ARM.attributes
                0x0000000000000395       0x39 Drivers/STM32F4xx_HAL_Driver/Src/stm32f4xx_hal.o
 .ARM.attributes
                0x00000000000003ce       0x39 Drivers/STM32F4xx_HAL_Driver/Src/stm32f4xx_hal_cortex.o
 .ARM.attributes
                0x0000000000000407       0x39 Drivers/STM32F4xx_HAL_Driver/Src/stm32f4xx_hal_dma.o
 .ARM.attributes
                0x0000000000000440       0x39 Drivers/STM32F4xx_HAL_Driver/Src/stm32f4xx_hal_gpio.o
 .ARM.attributes
                0x0000000000000479       0x39 Drivers/STM32F4xx_HAL_Driver/Src/stm32f4xx_hal_rcc.o
 .ARM.attributes
                0x00000000000004b2       0x39 Drivers/STM32F4xx_HAL_Driver/Src/stm32f4xx_hal_tim.o
 .ARM.attributes
                0x00000000000004eb       0x39 Drivers/STM32F4xx_HAL_Driver/Src/stm32f4xx_hal_tim_ex.o
 .ARM.attributes
                0x0000000000000524       0x39 Drivers/STM32F4xx_HAL_Driver/Src/stm32f4xx_hal_uart.o
 .ARM.attributes
                0x000000000000055d       0x39 Middlewares/Third_Party/FreeRTOS/Source/CMSIS_RTOS/cmsis_os.o
 .ARM.attributes
                0x0000000000000596       0x39 Middlewares/Third_Party/FreeRTOS/Source/event_groups.o
 .ARM.attributes
                0x00000000000005cf       0x39 Middlewares/Third_Party/FreeRTOS/Source/list.o
 .ARM.attributes
                0x0000000000000608       0x39 Middlewares/Third_Party/FreeRTOS/Source/queue.o
 .ARM.attributes
                0x0000000000000641       0x39 Middlewares/Third_Party/FreeRTOS/Source/tasks.o
 .ARM.attributes
                0x000000000000067a       0x39 Middlewares/Third_Party/FreeRTOS/Source/timers.o
 .ARM.attributes
                0x00000000000006b3       0x39 Middlewares/Third_Party/FreeRTOS/Source/portable/GCC/ARM_CM4F/port.o
 .ARM.attributes
                0x00000000000006ec       0x39 Middlewares/Third_Party/FreeRTOS/Source/portable/MemMang/heap_4.o
 .ARM.attributes
                0x0000000000000725       0x34 c:/st/stm32cubeide_1.3.0/stm32cubeide/plugins/com.st.stm32cube.ide.mcu.externaltools.gnu-tools-for-stm32.7-2018-q2-update.win32_1.0.0.201904181610/tools/bin/../lib/gcc/arm-none-eabi/7.3.1/../../../../arm-none-eabi/lib/thumb/v7e-m/fpv4-sp/hard\libc_nano.a(lib_a-init.o)
 .ARM.attributes
                0x0000000000000759       0x34 c:/st/stm32cubeide_1.3.0/stm32cubeide/plugins/com.st.stm32cube.ide.mcu.externaltools.gnu-tools-for-stm32.7-2018-q2-update.win32_1.0.0.201904181610/tools/bin/../lib/gcc/arm-none-eabi/7.3.1/../../../../arm-none-eabi/lib/thumb/v7e-m/fpv4-sp/hard\libc_nano.a(lib_a-memcpy-stub.o)
 .ARM.attributes
                0x000000000000078d       0x34 c:/st/stm32cubeide_1.3.0/stm32cubeide/plugins/com.st.stm32cube.ide.mcu.externaltools.gnu-tools-for-stm32.7-2018-q2-update.win32_1.0.0.201904181610/tools/bin/../lib/gcc/arm-none-eabi/7.3.1/../../../../arm-none-eabi/lib/thumb/v7e-m/fpv4-sp/hard\libc_nano.a(lib_a-memset.o)
 .ARM.attributes
                0x00000000000007c1       0x1b c:/st/stm32cubeide_1.3.0/stm32cubeide/plugins/com.st.stm32cube.ide.mcu.externaltools.gnu-tools-for-stm32.7-2018-q2-update.win32_1.0.0.201904181610/tools/bin/../lib/gcc/arm-none-eabi/7.3.1/../../../../arm-none-eabi/lib/thumb/v7e-m/fpv4-sp/hard\libc_nano.a(lib_a-strlen.o)
 .ARM.attributes
                0x00000000000007dc       0x22 c:/st/stm32cubeide_1.3.0/stm32cubeide/plugins/com.st.stm32cube.ide.mcu.externaltools.gnu-tools-for-stm32.7-2018-q2-update.win32_1.0.0.201904181610/tools/bin/../lib/gcc/arm-none-eabi/7.3.1/thumb/v7e-m/fpv4-sp/hard\libgcc.a(_aeabi_uldivmod.o)
 .ARM.attributes
                0x00000000000007fe       0x34 c:/st/stm32cubeide_1.3.0/stm32cubeide/plugins/com.st.stm32cube.ide.mcu.externaltools.gnu-tools-for-stm32.7-2018-q2-update.win32_1.0.0.201904181610/tools/bin/../lib/gcc/arm-none-eabi/7.3.1/thumb/v7e-m/fpv4-sp/hard\libgcc.a(_udivmoddi4.o)
 .ARM.attributes
                0x0000000000000832       0x22 c:/st/stm32cubeide_1.3.0/stm32cubeide/plugins/com.st.stm32cube.ide.mcu.externaltools.gnu-tools-for-stm32.7-2018-q2-update.win32_1.0.0.201904181610/tools/bin/../lib/gcc/arm-none-eabi/7.3.1/thumb/v7e-m/fpv4-sp/hard\libgcc.a(_dvmd_tls.o)
 .ARM.attributes
                0x0000000000000854       0x22 c:/st/stm32cubeide_1.3.0/stm32cubeide/plugins/com.st.stm32cube.ide.mcu.externaltools.gnu-tools-for-stm32.7-2018-q2-update.win32_1.0.0.201904181610/tools/bin/../lib/gcc/arm-none-eabi/7.3.1/thumb/v7e-m/fpv4-sp/hard/crtn.o
OUTPUT(FreeRTOS_eventGroups.elf elf32-littlearm)

.debug_info     0x0000000000000000    0x1badf
 .debug_info    0x0000000000000000      0xfb9 Core/Src/BlueTask.o
 .debug_info    0x0000000000000fb9      0xe67 Core/Src/EventTask.o
 .debug_info    0x0000000000001e20      0xfb9 Core/Src/GreenTask.o
 .debug_info    0x0000000000002dd9      0xfb9 Core/Src/OrangeTask.o
 .debug_info    0x0000000000003d92      0x571 Core/Src/dma.o
 .debug_info    0x0000000000004303      0x566 Core/Src/freertos.o
 .debug_info    0x0000000000004869      0x4b3 Core/Src/gpio.o
 .debug_info    0x0000000000004d1c     0x1499 Core/Src/main.o
 .debug_info    0x00000000000061b5      0x58d Core/Src/stm32f4xx_hal_msp.o
 .debug_info    0x0000000000006742      0xb2d Core/Src/stm32f4xx_hal_timebase_tim.o
 .debug_info    0x000000000000726f      0x6f7 Core/Src/stm32f4xx_it.o
 .debug_info    0x0000000000007966      0x554 Core/Src/system_stm32f4xx.o
 .debug_info    0x0000000000007eba      0xafc Core/Src/tim.o
 .debug_info    0x00000000000089b6      0x962 Core/Src/usart.o
 .debug_info    0x0000000000009318       0x22 Core/Startup/startup_stm32f407vgtx.o
 .debug_info    0x000000000000933a      0x945 Drivers/STM32F4xx_HAL_Driver/Src/stm32f4xx_hal.o
 .debug_info    0x0000000000009c7f      0xe28 Drivers/STM32F4xx_HAL_Driver/Src/stm32f4xx_hal_cortex.o
 .debug_info    0x000000000000aaa7      0x968 Drivers/STM32F4xx_HAL_Driver/Src/stm32f4xx_hal_dma.o
 .debug_info    0x000000000000b40f      0x7b5 Drivers/STM32F4xx_HAL_Driver/Src/stm32f4xx_hal_gpio.o
 .debug_info    0x000000000000bbc4      0x904 Drivers/STM32F4xx_HAL_Driver/Src/stm32f4xx_hal_rcc.o
 .debug_info    0x000000000000c4c8     0x24a9 Drivers/STM32F4xx_HAL_Driver/Src/stm32f4xx_hal_tim.o
 .debug_info    0x000000000000e971     0x1157 Drivers/STM32F4xx_HAL_Driver/Src/stm32f4xx_hal_tim_ex.o
 .debug_info    0x000000000000fac8     0x124c Drivers/STM32F4xx_HAL_Driver/Src/stm32f4xx_hal_uart.o
 .debug_info    0x0000000000010d14     0x1ed6 Middlewares/Third_Party/FreeRTOS/Source/CMSIS_RTOS/cmsis_os.o
 .debug_info    0x0000000000012bea     0x123e Middlewares/Third_Party/FreeRTOS/Source/event_groups.o
 .debug_info    0x0000000000013e28      0xacb Middlewares/Third_Party/FreeRTOS/Source/list.o
 .debug_info    0x00000000000148f3     0x20c9 Middlewares/Third_Party/FreeRTOS/Source/queue.o
 .debug_info    0x00000000000169bc     0x25eb Middlewares/Third_Party/FreeRTOS/Source/tasks.o
 .debug_info    0x0000000000018fa7     0x1a1b Middlewares/Third_Party/FreeRTOS/Source/timers.o
 .debug_info    0x000000000001a9c2      0x533 Middlewares/Third_Party/FreeRTOS/Source/portable/GCC/ARM_CM4F/port.o
 .debug_info    0x000000000001aef5      0xbea Middlewares/Third_Party/FreeRTOS/Source/portable/MemMang/heap_4.o

.debug_abbrev   0x0000000000000000     0x3d67
 .debug_abbrev  0x0000000000000000      0x1ef Core/Src/BlueTask.o
 .debug_abbrev  0x00000000000001ef      0x1c7 Core/Src/EventTask.o
 .debug_abbrev  0x00000000000003b6      0x1ef Core/Src/GreenTask.o
 .debug_abbrev  0x00000000000005a5      0x1ef Core/Src/OrangeTask.o
 .debug_abbrev  0x0000000000000794      0x107 Core/Src/dma.o
 .debug_abbrev  0x000000000000089b      0x173 Core/Src/freertos.o
 .debug_abbrev  0x0000000000000a0e      0x134 Core/Src/gpio.o
 .debug_abbrev  0x0000000000000b42      0x219 Core/Src/main.o
 .debug_abbrev  0x0000000000000d5b      0x112 Core/Src/stm32f4xx_hal_msp.o
 .debug_abbrev  0x0000000000000e6d      0x19d Core/Src/stm32f4xx_hal_timebase_tim.o
 .debug_abbrev  0x000000000000100a      0x15a Core/Src/stm32f4xx_it.o
 .debug_abbrev  0x0000000000001164      0x12b Core/Src/system_stm32f4xx.o
 .debug_abbrev  0x000000000000128f      0x199 Core/Src/tim.o
 .debug_abbrev  0x0000000000001428      0x1aa Core/Src/usart.o
 .debug_abbrev  0x00000000000015d2       0x12 Core/Startup/startup_stm32f407vgtx.o
 .debug_abbrev  0x00000000000015e4      0x1c7 Drivers/STM32F4xx_HAL_Driver/Src/stm32f4xx_hal.o
 .debug_abbrev  0x00000000000017ab      0x2fa Drivers/STM32F4xx_HAL_Driver/Src/stm32f4xx_hal_cortex.o
 .debug_abbrev  0x0000000000001aa5      0x229 Drivers/STM32F4xx_HAL_Driver/Src/stm32f4xx_hal_dma.o
 .debug_abbrev  0x0000000000001cce      0x1c9 Drivers/STM32F4xx_HAL_Driver/Src/stm32f4xx_hal_gpio.o
 .debug_abbrev  0x0000000000001e97      0x245 Drivers/STM32F4xx_HAL_Driver/Src/stm32f4xx_hal_rcc.o
 .debug_abbrev  0x00000000000020dc      0x230 Drivers/STM32F4xx_HAL_Driver/Src/stm32f4xx_hal_tim.o
 .debug_abbrev  0x000000000000230c      0x21e Drivers/STM32F4xx_HAL_Driver/Src/stm32f4xx_hal_tim_ex.o
 .debug_abbrev  0x000000000000252a      0x242 Drivers/STM32F4xx_HAL_Driver/Src/stm32f4xx_hal_uart.o
 .debug_abbrev  0x000000000000276c      0x379 Middlewares/Third_Party/FreeRTOS/Source/CMSIS_RTOS/cmsis_os.o
 .debug_abbrev  0x0000000000002ae5      0x2da Middlewares/Third_Party/FreeRTOS/Source/event_groups.o
 .debug_abbrev  0x0000000000002dbf      0x1cf Middlewares/Third_Party/FreeRTOS/Source/list.o
 .debug_abbrev  0x0000000000002f8e      0x336 Middlewares/Third_Party/FreeRTOS/Source/queue.o
 .debug_abbrev  0x00000000000032c4      0x338 Middlewares/Third_Party/FreeRTOS/Source/tasks.o
 .debug_abbrev  0x00000000000035fc      0x2bd Middlewares/Third_Party/FreeRTOS/Source/timers.o
 .debug_abbrev  0x00000000000038b9      0x210 Middlewares/Third_Party/FreeRTOS/Source/portable/GCC/ARM_CM4F/port.o
 .debug_abbrev  0x0000000000003ac9      0x29e Middlewares/Third_Party/FreeRTOS/Source/portable/MemMang/heap_4.o

.debug_aranges  0x0000000000000000     0x13d8
 .debug_aranges
                0x0000000000000000       0x20 Core/Src/BlueTask.o
 .debug_aranges
                0x0000000000000020       0x20 Core/Src/EventTask.o
 .debug_aranges
                0x0000000000000040       0x20 Core/Src/GreenTask.o
 .debug_aranges
                0x0000000000000060       0x20 Core/Src/OrangeTask.o
 .debug_aranges
                0x0000000000000080       0x20 Core/Src/dma.o
 .debug_aranges
                0x00000000000000a0       0x30 Core/Src/freertos.o
 .debug_aranges
                0x00000000000000d0       0x20 Core/Src/gpio.o
 .debug_aranges
                0x00000000000000f0       0x40 Core/Src/main.o
 .debug_aranges
                0x0000000000000130       0x20 Core/Src/stm32f4xx_hal_msp.o
 .debug_aranges
                0x0000000000000150       0x30 Core/Src/stm32f4xx_hal_timebase_tim.o
 .debug_aranges
                0x0000000000000180       0x60 Core/Src/stm32f4xx_it.o
 .debug_aranges
                0x00000000000001e0       0x28 Core/Src/system_stm32f4xx.o
 .debug_aranges
                0x0000000000000208       0x30 Core/Src/tim.o
 .debug_aranges
                0x0000000000000238       0x30 Core/Src/usart.o
 .debug_aranges
                0x0000000000000268       0x28 Core/Startup/startup_stm32f407vgtx.o
 .debug_aranges
                0x0000000000000290       0xf0 Drivers/STM32F4xx_HAL_Driver/Src/stm32f4xx_hal.o
 .debug_aranges
                0x0000000000000380      0x118 Drivers/STM32F4xx_HAL_Driver/Src/stm32f4xx_hal_cortex.o
 .debug_aranges
                0x0000000000000498       0x90 Drivers/STM32F4xx_HAL_Driver/Src/stm32f4xx_hal_dma.o
 .debug_aranges
                0x0000000000000528       0x58 Drivers/STM32F4xx_HAL_Driver/Src/stm32f4xx_hal_gpio.o
 .debug_aranges
                0x0000000000000580       0x88 Drivers/STM32F4xx_HAL_Driver/Src/stm32f4xx_hal_rcc.o
 .debug_aranges
                0x0000000000000608      0x3a8 Drivers/STM32F4xx_HAL_Driver/Src/stm32f4xx_hal_tim.o
 .debug_aranges
                0x00000000000009b0      0x150 Drivers/STM32F4xx_HAL_Driver/Src/stm32f4xx_hal_tim_ex.o
 .debug_aranges
                0x0000000000000b00      0x1d0 Drivers/STM32F4xx_HAL_Driver/Src/stm32f4xx_hal_uart.o
 .debug_aranges
                0x0000000000000cd0      0x1d8 Middlewares/Third_Party/FreeRTOS/Source/CMSIS_RTOS/cmsis_os.o
 .debug_aranges
                0x0000000000000ea8       0x70 Middlewares/Third_Party/FreeRTOS/Source/event_groups.o
 .debug_aranges
                0x0000000000000f18       0x40 Middlewares/Third_Party/FreeRTOS/Source/list.o
 .debug_aranges
                0x0000000000000f58      0x120 Middlewares/Third_Party/FreeRTOS/Source/queue.o
 .debug_aranges
                0x0000000000001078      0x1b8 Middlewares/Third_Party/FreeRTOS/Source/tasks.o
 .debug_aranges
                0x0000000000001230       0xd8 Middlewares/Third_Party/FreeRTOS/Source/timers.o
 .debug_aranges
                0x0000000000001308       0x80 Middlewares/Third_Party/FreeRTOS/Source/portable/GCC/ARM_CM4F/port.o
 .debug_aranges
                0x0000000000001388       0x50 Middlewares/Third_Party/FreeRTOS/Source/portable/MemMang/heap_4.o

.debug_ranges   0x0000000000000000     0x11f0
 .debug_ranges  0x0000000000000000       0x10 Core/Src/BlueTask.o
 .debug_ranges  0x0000000000000010       0x10 Core/Src/EventTask.o
 .debug_ranges  0x0000000000000020       0x10 Core/Src/GreenTask.o
 .debug_ranges  0x0000000000000030       0x10 Core/Src/OrangeTask.o
 .debug_ranges  0x0000000000000040       0x10 Core/Src/dma.o
 .debug_ranges  0x0000000000000050       0x20 Core/Src/freertos.o
 .debug_ranges  0x0000000000000070       0x10 Core/Src/gpio.o
 .debug_ranges  0x0000000000000080       0x30 Core/Src/main.o
 .debug_ranges  0x00000000000000b0       0x10 Core/Src/stm32f4xx_hal_msp.o
 .debug_ranges  0x00000000000000c0       0x20 Core/Src/stm32f4xx_hal_timebase_tim.o
 .debug_ranges  0x00000000000000e0       0x50 Core/Src/stm32f4xx_it.o
 .debug_ranges  0x0000000000000130       0x18 Core/Src/system_stm32f4xx.o
 .debug_ranges  0x0000000000000148       0x20 Core/Src/tim.o
 .debug_ranges  0x0000000000000168       0x20 Core/Src/usart.o
 .debug_ranges  0x0000000000000188       0x20 Core/Startup/startup_stm32f407vgtx.o
 .debug_ranges  0x00000000000001a8       0xe0 Drivers/STM32F4xx_HAL_Driver/Src/stm32f4xx_hal.o
 .debug_ranges  0x0000000000000288      0x108 Drivers/STM32F4xx_HAL_Driver/Src/stm32f4xx_hal_cortex.o
 .debug_ranges  0x0000000000000390       0x80 Drivers/STM32F4xx_HAL_Driver/Src/stm32f4xx_hal_dma.o
 .debug_ranges  0x0000000000000410       0x48 Drivers/STM32F4xx_HAL_Driver/Src/stm32f4xx_hal_gpio.o
 .debug_ranges  0x0000000000000458       0x78 Drivers/STM32F4xx_HAL_Driver/Src/stm32f4xx_hal_rcc.o
 .debug_ranges  0x00000000000004d0      0x398 Drivers/STM32F4xx_HAL_Driver/Src/stm32f4xx_hal_tim.o
 .debug_ranges  0x0000000000000868      0x140 Drivers/STM32F4xx_HAL_Driver/Src/stm32f4xx_hal_tim_ex.o
 .debug_ranges  0x00000000000009a8      0x1c0 Drivers/STM32F4xx_HAL_Driver/Src/stm32f4xx_hal_uart.o
 .debug_ranges  0x0000000000000b68      0x1c8 Middlewares/Third_Party/FreeRTOS/Source/CMSIS_RTOS/cmsis_os.o
 .debug_ranges  0x0000000000000d30       0x60 Middlewares/Third_Party/FreeRTOS/Source/event_groups.o
 .debug_ranges  0x0000000000000d90       0x30 Middlewares/Third_Party/FreeRTOS/Source/list.o
 .debug_ranges  0x0000000000000dc0      0x110 Middlewares/Third_Party/FreeRTOS/Source/queue.o
 .debug_ranges  0x0000000000000ed0      0x1a8 Middlewares/Third_Party/FreeRTOS/Source/tasks.o
 .debug_ranges  0x0000000000001078       0xc8 Middlewares/Third_Party/FreeRTOS/Source/timers.o
 .debug_ranges  0x0000000000001140       0x70 Middlewares/Third_Party/FreeRTOS/Source/portable/GCC/ARM_CM4F/port.o
 .debug_ranges  0x00000000000011b0       0x40 Middlewares/Third_Party/FreeRTOS/Source/portable/MemMang/heap_4.o

.debug_macro    0x0000000000000000    0x24c6f
 .debug_macro   0x0000000000000000      0x44e Core/Src/BlueTask.o
 .debug_macro   0x000000000000044e      0xa5a Core/Src/BlueTask.o
 .debug_macro   0x0000000000000ea8      0x18a Core/Src/BlueTask.o
 .debug_macro   0x0000000000001032       0x2e Core/Src/BlueTask.o
 .debug_macro   0x0000000000001060       0x2f Core/Src/BlueTask.o
 .debug_macro   0x000000000000108f       0x22 Core/Src/BlueTask.o
 .debug_macro   0x00000000000010b1       0x8e Core/Src/BlueTask.o
 .debug_macro   0x000000000000113f       0x51 Core/Src/BlueTask.o
 .debug_macro   0x0000000000001190       0xef Core/Src/BlueTask.o
 .debug_macro   0x000000000000127f       0x6a Core/Src/BlueTask.o
 .debug_macro   0x00000000000012e9      0x1df Core/Src/BlueTask.o
 .debug_macro   0x00000000000014c8       0x1c Core/Src/BlueTask.o
 .debug_macro   0x00000000000014e4       0x22 Core/Src/BlueTask.o
 .debug_macro   0x0000000000001506       0xdf Core/Src/BlueTask.o
 .debug_macro   0x00000000000015e5     0x102d Core/Src/BlueTask.o
 .debug_macro   0x0000000000002612      0x11f Core/Src/BlueTask.o
 .debug_macro   0x0000000000002731    0x15e3c Core/Src/BlueTask.o
 .debug_macro   0x000000000001856d       0x43 Core/Src/BlueTask.o
 .debug_macro   0x00000000000185b0     0x3659 Core/Src/BlueTask.o
 .debug_macro   0x000000000001bc09      0x174 Core/Src/BlueTask.o
 .debug_macro   0x000000000001bd7d       0x5a Core/Src/BlueTask.o
 .debug_macro   0x000000000001bdd7      0x96b Core/Src/BlueTask.o
 .debug_macro   0x000000000001c742      0x9fe Core/Src/BlueTask.o
 .debug_macro   0x000000000001d140      0x174 Core/Src/BlueTask.o
 .debug_macro   0x000000000001d2b4      0x117 Core/Src/BlueTask.o
 .debug_macro   0x000000000001d3cb      0x13e Core/Src/BlueTask.o
 .debug_macro   0x000000000001d509       0x27 Core/Src/BlueTask.o
 .debug_macro   0x000000000001d530      0x287 Core/Src/BlueTask.o
 .debug_macro   0x000000000001d7b7       0x5f Core/Src/BlueTask.o
 .debug_macro   0x000000000001d816      0x236 Core/Src/BlueTask.o
 .debug_macro   0x000000000001da4c      0x12c Core/Src/BlueTask.o
 .debug_macro   0x000000000001db78      0x21e Core/Src/BlueTask.o
 .debug_macro   0x000000000001dd96       0x2e Core/Src/BlueTask.o
 .debug_macro   0x000000000001ddc4      0x11a Core/Src/BlueTask.o
 .debug_macro   0x000000000001dede       0x7e Core/Src/BlueTask.o
 .debug_macro   0x000000000001df5c       0x89 Core/Src/BlueTask.o
 .debug_macro   0x000000000001dfe5      0x8a0 Core/Src/BlueTask.o
 .debug_macro   0x000000000001e885       0x47 Core/Src/BlueTask.o
 .debug_macro   0x000000000001e8cc      0x287 Core/Src/BlueTask.o
 .debug_macro   0x000000000001eb53      0x12d Core/Src/BlueTask.o
 .debug_macro   0x000000000001ec80      0x11c Core/Src/BlueTask.o
 .debug_macro   0x000000000001ed9c      0x15a Core/Src/BlueTask.o
 .debug_macro   0x000000000001eef6       0xde Core/Src/BlueTask.o
 .debug_macro   0x000000000001efd4       0x1c Core/Src/BlueTask.o
 .debug_macro   0x000000000001eff0       0x26 Core/Src/BlueTask.o
 .debug_macro   0x000000000001f016      0x4cc Core/Src/BlueTask.o
 .debug_macro   0x000000000001f4e2       0xb5 Core/Src/BlueTask.o
 .debug_macro   0x000000000001f597       0xaa Core/Src/BlueTask.o
 .debug_macro   0x000000000001f641       0x91 Core/Src/BlueTask.o
 .debug_macro   0x000000000001f6d2       0x8d Core/Src/BlueTask.o
 .debug_macro   0x000000000001f75f       0x7e Core/Src/BlueTask.o
 .debug_macro   0x000000000001f7dd       0x19 Core/Src/BlueTask.o
 .debug_macro   0x000000000001f7f6       0xf2 Core/Src/BlueTask.o
 .debug_macro   0x000000000001f8e8       0x46 Core/Src/BlueTask.o
 .debug_macro   0x000000000001f92e       0x18 Core/Src/BlueTask.o
 .debug_macro   0x000000000001f946       0x3c Core/Src/BlueTask.o
 .debug_macro   0x000000000001f982       0x34 Core/Src/BlueTask.o
 .debug_macro   0x000000000001f9b6       0x16 Core/Src/BlueTask.o
 .debug_macro   0x000000000001f9cc       0x35 Core/Src/BlueTask.o
 .debug_macro   0x000000000001fa01      0x32a Core/Src/BlueTask.o
 .debug_macro   0x000000000001fd2b       0x10 Core/Src/BlueTask.o
 .debug_macro   0x000000000001fd3b       0x52 Core/Src/BlueTask.o
 .debug_macro   0x000000000001fd8d       0x1f Core/Src/BlueTask.o
 .debug_macro   0x000000000001fdac       0x43 Core/Src/BlueTask.o
 .debug_macro   0x000000000001fdef       0x20 Core/Src/BlueTask.o
 .debug_macro   0x000000000001fe0f      0x1a3 Core/Src/BlueTask.o
 .debug_macro   0x000000000001ffb2       0x10 Core/Src/BlueTask.o
 .debug_macro   0x000000000001ffc2       0x1c Core/Src/BlueTask.o
 .debug_macro   0x000000000001ffde       0x52 Core/Src/BlueTask.o
 .debug_macro   0x0000000000020030       0x40 Core/Src/BlueTask.o
 .debug_macro   0x0000000000020070       0x10 Core/Src/BlueTask.o
 .debug_macro   0x0000000000020080       0x40 Core/Src/BlueTask.o
 .debug_macro   0x00000000000200c0       0xd7 Core/Src/BlueTask.o
 .debug_macro   0x0000000000020197       0x1c Core/Src/BlueTask.o
 .debug_macro   0x00000000000201b3       0x3d Core/Src/BlueTask.o
 .debug_macro   0x00000000000201f0       0x16 Core/Src/BlueTask.o
 .debug_macro   0x0000000000020206      0x145 Core/Src/BlueTask.o
 .debug_macro   0x000000000002034b       0x16 Core/Src/BlueTask.o
 .debug_macro   0x0000000000020361       0x20 Core/Src/BlueTask.o
 .debug_macro   0x0000000000020381       0x16 Core/Src/BlueTask.o
 .debug_macro   0x0000000000020397       0x16 Core/Src/BlueTask.o
 .debug_macro   0x00000000000203ad       0x16 Core/Src/BlueTask.o
 .debug_macro   0x00000000000203c3      0x448 Core/Src/EventTask.o
 .debug_macro   0x000000000002080b      0x44e Core/Src/GreenTask.o
 .debug_macro   0x0000000000020c59      0x44e Core/Src/OrangeTask.o
 .debug_macro   0x00000000000210a7      0x295 Core/Src/dma.o
 .debug_macro   0x000000000002133c      0x28f Core/Src/freertos.o
 .debug_macro   0x00000000000215cb      0x11c Core/Src/freertos.o
 .debug_macro   0x00000000000216e7      0x295 Core/Src/gpio.o
 .debug_macro   0x000000000002197c      0x37c Core/Src/main.o
 .debug_macro   0x0000000000021cf8       0x10 Core/Src/main.o
 .debug_macro   0x0000000000021d08      0x28b Core/Src/stm32f4xx_hal_msp.o
 .debug_macro   0x0000000000021f93      0x1ce Core/Src/stm32f4xx_hal_timebase_tim.o
 .debug_macro   0x0000000000022161      0x295 Core/Src/stm32f4xx_it.o
 .debug_macro   0x00000000000223f6      0x1d4 Core/Src/system_stm32f4xx.o
 .debug_macro   0x00000000000225ca      0x295 Core/Src/tim.o
 .debug_macro   0x000000000002285f      0x295 Core/Src/usart.o
 .debug_macro   0x0000000000022af4      0x22e Drivers/STM32F4xx_HAL_Driver/Src/stm32f4xx_hal.o
 .debug_macro   0x0000000000022d22      0x1ce Drivers/STM32F4xx_HAL_Driver/Src/stm32f4xx_hal_cortex.o
 .debug_macro   0x0000000000022ef0      0x1d4 Drivers/STM32F4xx_HAL_Driver/Src/stm32f4xx_hal_dma.o
 .debug_macro   0x00000000000230c4      0x204 Drivers/STM32F4xx_HAL_Driver/Src/stm32f4xx_hal_gpio.o
 .debug_macro   0x00000000000232c8      0x1f2 Drivers/STM32F4xx_HAL_Driver/Src/stm32f4xx_hal_rcc.o
 .debug_macro   0x00000000000234ba      0x1cf Drivers/STM32F4xx_HAL_Driver/Src/stm32f4xx_hal_tim.o
 .debug_macro   0x0000000000023689      0x1ce Drivers/STM32F4xx_HAL_Driver/Src/stm32f4xx_hal_tim_ex.o
 .debug_macro   0x0000000000023857      0x1cf Drivers/STM32F4xx_HAL_Driver/Src/stm32f4xx_hal_uart.o
 .debug_macro   0x0000000000023a26      0x1f1 Middlewares/Third_Party/FreeRTOS/Source/CMSIS_RTOS/cmsis_os.o
 .debug_macro   0x0000000000023c17       0xc7 Middlewares/Third_Party/FreeRTOS/Source/CMSIS_RTOS/cmsis_os.o
 .debug_macro   0x0000000000023cde      0x1d3 Middlewares/Third_Party/FreeRTOS/Source/event_groups.o
 .debug_macro   0x0000000000023eb1      0x10e Middlewares/Third_Party/FreeRTOS/Source/event_groups.o
 .debug_macro   0x0000000000023fbf       0x8d Middlewares/Third_Party/FreeRTOS/Source/event_groups.o
 .debug_macro   0x000000000002404c      0x17a Middlewares/Third_Party/FreeRTOS/Source/list.o
 .debug_macro   0x00000000000241c6      0x209 Middlewares/Third_Party/FreeRTOS/Source/queue.o
 .debug_macro   0x00000000000243cf       0x87 Middlewares/Third_Party/FreeRTOS/Source/queue.o
 .debug_macro   0x0000000000024456      0x26c Middlewares/Third_Party/FreeRTOS/Source/tasks.o
 .debug_macro   0x00000000000246c2       0x10 Middlewares/Third_Party/FreeRTOS/Source/tasks.o
 .debug_macro   0x00000000000246d2      0x1cf Middlewares/Third_Party/FreeRTOS/Source/timers.o
 .debug_macro   0x00000000000248a1       0x97 Middlewares/Third_Party/FreeRTOS/Source/timers.o
 .debug_macro   0x0000000000024938      0x196 Middlewares/Third_Party/FreeRTOS/Source/portable/GCC/ARM_CM4F/port.o
 .debug_macro   0x0000000000024ace      0x1a1 Middlewares/Third_Party/FreeRTOS/Source/portable/MemMang/heap_4.o

.debug_line     0x0000000000000000    0x1383f
 .debug_line    0x0000000000000000      0xa9e Core/Src/BlueTask.o
 .debug_line    0x0000000000000a9e      0xa9d Core/Src/EventTask.o
 .debug_line    0x000000000000153b      0xaa0 Core/Src/GreenTask.o
 .debug_line    0x0000000000001fdb      0xaa1 Core/Src/OrangeTask.o
 .debug_line    0x0000000000002a7c      0x838 Core/Src/dma.o
 .debug_line    0x00000000000032b4      0x864 Core/Src/freertos.o
 .debug_line    0x0000000000003b18      0x845 Core/Src/gpio.o
 .debug_line    0x000000000000435d      0xa1b Core/Src/main.o
 .debug_line    0x0000000000004d78      0x83e Core/Src/stm32f4xx_hal_msp.o
 .debug_line    0x00000000000055b6      0x6f5 Core/Src/stm32f4xx_hal_timebase_tim.o
 .debug_line    0x0000000000005cab      0x8e3 Core/Src/stm32f4xx_it.o
 .debug_line    0x000000000000658e      0x6dc Core/Src/system_stm32f4xx.o
 .debug_line    0x0000000000006c6a      0x869 Core/Src/tim.o
 .debug_line    0x00000000000074d3      0x87f Core/Src/usart.o
 .debug_line    0x0000000000007d52       0x85 Core/Startup/startup_stm32f407vgtx.o
 .debug_line    0x0000000000007dd7      0x8c6 Drivers/STM32F4xx_HAL_Driver/Src/stm32f4xx_hal.o
 .debug_line    0x000000000000869d      0x9ea Drivers/STM32F4xx_HAL_Driver/Src/stm32f4xx_hal_cortex.o
 .debug_line    0x0000000000009087      0x994 Drivers/STM32F4xx_HAL_Driver/Src/stm32f4xx_hal_dma.o
 .debug_line    0x0000000000009a1b      0x8a5 Drivers/STM32F4xx_HAL_Driver/Src/stm32f4xx_hal_gpio.o
 .debug_line    0x000000000000a2c0      0x91e Drivers/STM32F4xx_HAL_Driver/Src/stm32f4xx_hal_rcc.o
 .debug_line    0x000000000000abde     0x193f Drivers/STM32F4xx_HAL_Driver/Src/stm32f4xx_hal_tim.o
 .debug_line    0x000000000000c51d      0xcdc Drivers/STM32F4xx_HAL_Driver/Src/stm32f4xx_hal_tim_ex.o
 .debug_line    0x000000000000d1f9      0xfd4 Drivers/STM32F4xx_HAL_Driver/Src/stm32f4xx_hal_uart.o
 .debug_line    0x000000000000e1cd      0xd2a Middlewares/Third_Party/FreeRTOS/Source/CMSIS_RTOS/cmsis_os.o
 .debug_line    0x000000000000eef7      0x8ce Middlewares/Third_Party/FreeRTOS/Source/event_groups.o
 .debug_line    0x000000000000f7c5      0x66c Middlewares/Third_Party/FreeRTOS/Source/list.o
 .debug_line    0x000000000000fe31      0xfea Middlewares/Third_Party/FreeRTOS/Source/queue.o
 .debug_line    0x0000000000010e1b     0x11d4 Middlewares/Third_Party/FreeRTOS/Source/tasks.o
 .debug_line    0x0000000000011fef      0xa5b Middlewares/Third_Party/FreeRTOS/Source/timers.o
 .debug_line    0x0000000000012a4a      0x6a3 Middlewares/Third_Party/FreeRTOS/Source/portable/GCC/ARM_CM4F/port.o
 .debug_line    0x00000000000130ed      0x752 Middlewares/Third_Party/FreeRTOS/Source/portable/MemMang/heap_4.o

.debug_str      0x0000000000000000    0xd30c8
 .debug_str     0x0000000000000000    0xcc050 Core/Src/BlueTask.o
                                      0xcc3b3 (size before relaxing)
 .debug_str     0x00000000000cc050       0x22 Core/Src/EventTask.o
                                      0xcc330 (size before relaxing)
 .debug_str     0x00000000000cc072       0x22 Core/Src/GreenTask.o
                                      0xcc3b5 (size before relaxing)
 .debug_str     0x00000000000cc094       0x24 Core/Src/OrangeTask.o
                                      0xcc3b7 (size before relaxing)
 .debug_str     0x00000000000cc0b8      0x5f6 Core/Src/dma.o
                                      0xc82be (size before relaxing)
 .debug_str     0x00000000000cc6ae      0x37c Core/Src/freertos.o
                                      0xc8074 (size before relaxing)
 .debug_str     0x00000000000cca2a       0x7c Core/Src/gpio.o
                                      0xc7e70 (size before relaxing)
 .debug_str     0x00000000000ccaa6      0x34c Core/Src/main.o
                                      0xcb517 (size before relaxing)
 .debug_str     0x00000000000ccdf2       0x2c Core/Src/stm32f4xx_hal_msp.o
                                      0xc82c3 (size before relaxing)
 .debug_str     0x00000000000cce1e       0xaa Core/Src/stm32f4xx_hal_timebase_tim.o
                                      0xc2883 (size before relaxing)
 .debug_str     0x00000000000ccec8       0xe6 Core/Src/stm32f4xx_it.o
                                      0xc81b7 (size before relaxing)
 .debug_str     0x00000000000ccfae       0xc4 Core/Src/system_stm32f4xx.o
                                      0xc1f0d (size before relaxing)
 .debug_str     0x00000000000cd072       0xa4 Core/Src/tim.o
                                      0xc878f (size before relaxing)
 .debug_str     0x00000000000cd116       0x57 Core/Src/usart.o
                                      0xc82bf (size before relaxing)
 .debug_str     0x00000000000cd16d       0x36 Core/Startup/startup_stm32f407vgtx.o
                                         0x76 (size before relaxing)
 .debug_str     0x00000000000cd1a3      0x542 Drivers/STM32F4xx_HAL_Driver/Src/stm32f4xx_hal.o
                                      0xc29da (size before relaxing)
 .debug_str     0x00000000000cd6e5      0x389 Drivers/STM32F4xx_HAL_Driver/Src/stm32f4xx_hal_cortex.o
                                      0xc27c9 (size before relaxing)
 .debug_str     0x00000000000cda6e      0x31d Drivers/STM32F4xx_HAL_Driver/Src/stm32f4xx_hal_dma.o
                                      0xc2322 (size before relaxing)
 .debug_str     0x00000000000cdd8b      0x20c Drivers/STM32F4xx_HAL_Driver/Src/stm32f4xx_hal_gpio.o
                                      0xc214c (size before relaxing)
 .debug_str     0x00000000000cdf97      0x24f Drivers/STM32F4xx_HAL_Driver/Src/stm32f4xx_hal_rcc.o
                                      0xc22fa (size before relaxing)
 .debug_str     0x00000000000ce1e6      0xd43 Drivers/STM32F4xx_HAL_Driver/Src/stm32f4xx_hal_tim.o
                                      0xc3019 (size before relaxing)
 .debug_str     0x00000000000cef29      0x4a2 Drivers/STM32F4xx_HAL_Driver/Src/stm32f4xx_hal_tim_ex.o
                                      0xc2819 (size before relaxing)
 .debug_str     0x00000000000cf3cb      0x51c Drivers/STM32F4xx_HAL_Driver/Src/stm32f4xx_hal_uart.o
                                      0xc2759 (size before relaxing)
 .debug_str     0x00000000000cf8e7      0x8a6 Middlewares/Third_Party/FreeRTOS/Source/CMSIS_RTOS/cmsis_os.o
                                       0xe1bb (size before relaxing)
 .debug_str     0x00000000000d018d      0x516 Middlewares/Third_Party/FreeRTOS/Source/event_groups.o
                                       0xbc48 (size before relaxing)
 .debug_str     0x00000000000d06a3       0xbf Middlewares/Third_Party/FreeRTOS/Source/list.o
                                       0xa7d5 (size before relaxing)
 .debug_str     0x00000000000d0762      0x7d7 Middlewares/Third_Party/FreeRTOS/Source/queue.o
                                       0xc038 (size before relaxing)
 .debug_str     0x00000000000d0f39     0x1169 Middlewares/Third_Party/FreeRTOS/Source/tasks.o
                                       0xca67 (size before relaxing)
 .debug_str     0x00000000000d20a2      0x5d2 Middlewares/Third_Party/FreeRTOS/Source/timers.o
                                       0xc653 (size before relaxing)
 .debug_str     0x00000000000d2674      0x803 Middlewares/Third_Party/FreeRTOS/Source/portable/GCC/ARM_CM4F/port.o
                                       0x859e (size before relaxing)
 .debug_str     0x00000000000d2e77      0x251 Middlewares/Third_Party/FreeRTOS/Source/portable/MemMang/heap_4.o
                                       0xafc8 (size before relaxing)

.comment        0x0000000000000000       0x7b
 .comment       0x0000000000000000       0x7b Core/Src/BlueTask.o
                                         0x7c (size before relaxing)
 .comment       0x000000000000007b       0x7c Core/Src/EventTask.o
 .comment       0x000000000000007b       0x7c Core/Src/GreenTask.o
 .comment       0x000000000000007b       0x7c Core/Src/OrangeTask.o
 .comment       0x000000000000007b       0x7c Core/Src/dma.o
 .comment       0x000000000000007b       0x7c Core/Src/freertos.o
 .comment       0x000000000000007b       0x7c Core/Src/gpio.o
 .comment       0x000000000000007b       0x7c Core/Src/main.o
 .comment       0x000000000000007b       0x7c Core/Src/stm32f4xx_hal_msp.o
 .comment       0x000000000000007b       0x7c Core/Src/stm32f4xx_hal_timebase_tim.o
 .comment       0x000000000000007b       0x7c Core/Src/stm32f4xx_it.o
 .comment       0x000000000000007b       0x7c Core/Src/system_stm32f4xx.o
 .comment       0x000000000000007b       0x7c Core/Src/tim.o
 .comment       0x000000000000007b       0x7c Core/Src/usart.o
 .comment       0x000000000000007b       0x7c Drivers/STM32F4xx_HAL_Driver/Src/stm32f4xx_hal.o
 .comment       0x000000000000007b       0x7c Drivers/STM32F4xx_HAL_Driver/Src/stm32f4xx_hal_cortex.o
 .comment       0x000000000000007b       0x7c Drivers/STM32F4xx_HAL_Driver/Src/stm32f4xx_hal_dma.o
 .comment       0x000000000000007b       0x7c Drivers/STM32F4xx_HAL_Driver/Src/stm32f4xx_hal_gpio.o
 .comment       0x000000000000007b       0x7c Drivers/STM32F4xx_HAL_Driver/Src/stm32f4xx_hal_rcc.o
 .comment       0x000000000000007b       0x7c Drivers/STM32F4xx_HAL_Driver/Src/stm32f4xx_hal_tim.o
 .comment       0x000000000000007b       0x7c Drivers/STM32F4xx_HAL_Driver/Src/stm32f4xx_hal_tim_ex.o
 .comment       0x000000000000007b       0x7c Drivers/STM32F4xx_HAL_Driver/Src/stm32f4xx_hal_uart.o
 .comment       0x000000000000007b       0x7c Middlewares/Third_Party/FreeRTOS/Source/CMSIS_RTOS/cmsis_os.o
 .comment       0x000000000000007b       0x7c Middlewares/Third_Party/FreeRTOS/Source/event_groups.o
 .comment       0x000000000000007b       0x7c Middlewares/Third_Party/FreeRTOS/Source/list.o
 .comment       0x000000000000007b       0x7c Middlewares/Third_Party/FreeRTOS/Source/queue.o
 .comment       0x000000000000007b       0x7c Middlewares/Third_Party/FreeRTOS/Source/tasks.o
 .comment       0x000000000000007b       0x7c Middlewares/Third_Party/FreeRTOS/Source/timers.o
 .comment       0x000000000000007b       0x7c Middlewares/Third_Party/FreeRTOS/Source/portable/GCC/ARM_CM4F/port.o
 .comment       0x000000000000007b       0x7c Middlewares/Third_Party/FreeRTOS/Source/portable/MemMang/heap_4.o

.debug_frame    0x0000000000000000     0x4fc8
 .debug_frame   0x0000000000000000       0x30 Core/Src/BlueTask.o
 .debug_frame   0x0000000000000030       0x30 Core/Src/EventTask.o
 .debug_frame   0x0000000000000060       0x30 Core/Src/GreenTask.o
 .debug_frame   0x0000000000000090       0x30 Core/Src/OrangeTask.o
 .debug_frame   0x00000000000000c0       0x34 Core/Src/dma.o
 .debug_frame   0x00000000000000f4       0x8c Core/Src/freertos.o
 .debug_frame   0x0000000000000180       0x34 Core/Src/gpio.o
 .debug_frame   0x00000000000001b4       0xb8 Core/Src/main.o