Archive member included to satisfy reference by file (symbol)

c:/st/stm32cubeide_1.3.0/stm32cubeide/plugins/com.st.stm32cube.ide.mcu.externaltools.gnu-tools-for-stm32.7-2018-q2-update.win32_1.0.0.201904181610/tools/bin/../lib/gcc/arm-none-eabi/7.3.1/../../../../arm-none-eabi/lib/thumb/v7e-m/fpv4-sp/hard\libc_nano.a(lib_a-errno.o)
                              Core/Src/syscalls.o (__errno)
c:/st/stm32cubeide_1.3.0/stm32cubeide/plugins/com.st.stm32cube.ide.mcu.externaltools.gnu-tools-for-stm32.7-2018-q2-update.win32_1.0.0.201904181610/tools/bin/../lib/gcc/arm-none-eabi/7.3.1/../../../../arm-none-eabi/lib/thumb/v7e-m/fpv4-sp/hard\libc_nano.a(lib_a-exit.o)
                              c:/st/stm32cubeide_1.3.0/stm32cubeide/plugins/com.st.stm32cube.ide.mcu.externaltools.gnu-tools-for-stm32.7-2018-q2-update.win32_1.0.0.201904181610/tools/bin/../lib/gcc/arm-none-eabi/7.3.1/../../../../arm-none-eabi/lib/thumb/v7e-m/fpv4-sp/hard/crt0.o (exit)
c:/st/stm32cubeide_1.3.0/stm32cubeide/plugins/com.st.stm32cube.ide.mcu.externaltools.gnu-tools-for-stm32.7-2018-q2-update.win32_1.0.0.201904181610/tools/bin/../lib/gcc/arm-none-eabi/7.3.1/../../../../arm-none-eabi/lib/thumb/v7e-m/fpv4-sp/hard\libc_nano.a(lib_a-impure.o)
                              c:/st/stm32cubeide_1.3.0/stm32cubeide/plugins/com.st.stm32cube.ide.mcu.externaltools.gnu-tools-for-stm32.7-2018-q2-update.win32_1.0.0.201904181610/tools/bin/../lib/gcc/arm-none-eabi/7.3.1/../../../../arm-none-eabi/lib/thumb/v7e-m/fpv4-sp/hard\libc_nano.a(lib_a-exit.o) (_global_impure_ptr)
c:/st/stm32cubeide_1.3.0/stm32cubeide/plugins/com.st.stm32cube.ide.mcu.externaltools.gnu-tools-for-stm32.7-2018-q2-update.win32_1.0.0.201904181610/tools/bin/../lib/gcc/arm-none-eabi/7.3.1/../../../../arm-none-eabi/lib/thumb/v7e-m/fpv4-sp/hard\libc_nano.a(lib_a-init.o)
                              c:/st/stm32cubeide_1.3.0/stm32cubeide/plugins/com.st.stm32cube.ide.mcu.externaltools.gnu-tools-for-stm32.7-2018-q2-update.win32_1.0.0.201904181610/tools/bin/../lib/gcc/arm-none-eabi/7.3.1/../../../../arm-none-eabi/lib/thumb/v7e-m/fpv4-sp/hard/crt0.o (__libc_init_array)
c:/st/stm32cubeide_1.3.0/stm32cubeide/plugins/com.st.stm32cube.ide.mcu.externaltools.gnu-tools-for-stm32.7-2018-q2-update.win32_1.0.0.201904181610/tools/bin/../lib/gcc/arm-none-eabi/7.3.1/../../../../arm-none-eabi/lib/thumb/v7e-m/fpv4-sp/hard\libc_nano.a(lib_a-memcpy-stub.o)
                              Middlewares/Third_Party/FreeRTOS/Source/queue.o (memcpy)
c:/st/stm32cubeide_1.3.0/stm32cubeide/plugins/com.st.stm32cube.ide.mcu.externaltools.gnu-tools-for-stm32.7-2018-q2-update.win32_1.0.0.201904181610/tools/bin/../lib/gcc/arm-none-eabi/7.3.1/../../../../arm-none-eabi/lib/thumb/v7e-m/fpv4-sp/hard\libc_nano.a(lib_a-memset.o)
                              c:/st/stm32cubeide_1.3.0/stm32cubeide/plugins/com.st.stm32cube.ide.mcu.externaltools.gnu-tools-for-stm32.7-2018-q2-update.win32_1.0.0.201904181610/tools/bin/../lib/gcc/arm-none-eabi/7.3.1/../../../../arm-none-eabi/lib/thumb/v7e-m/fpv4-sp/hard/crt0.o (memset)
c:/st/stm32cubeide_1.3.0/stm32cubeide/plugins/com.st.stm32cube.ide.mcu.externaltools.gnu-tools-for-stm32.7-2018-q2-update.win32_1.0.0.201904181610/tools/bin/../lib/gcc/arm-none-eabi/7.3.1/../../../../arm-none-eabi/lib/thumb/v7e-m/fpv4-sp/hard\libc_nano.a(lib_a-strlen.o)
                              Core/Src/BlueTask.o (strlen)
c:/st/stm32cubeide_1.3.0/stm32cubeide/plugins/com.st.stm32cube.ide.mcu.externaltools.gnu-tools-for-stm32.7-2018-q2-update.win32_1.0.0.201904181610/tools/bin/../lib/gcc/arm-none-eabi/7.3.1/thumb/v7e-m/fpv4-sp/hard\libgcc.a(_aeabi_uldivmod.o)
                              Drivers/STM32F4xx_HAL_Driver/Src/stm32f4xx_hal_rcc.o (__aeabi_uldivmod)
c:/st/stm32cubeide_1.3.0/stm32cubeide/plugins/com.st.stm32cube.ide.mcu.externaltools.gnu-tools-for-stm32.7-2018-q2-update.win32_1.0.0.201904181610/tools/bin/../lib/gcc/arm-none-eabi/7.3.1/thumb/v7e-m/fpv4-sp/hard\libgcc.a(_udivmoddi4.o)
                              c:/st/stm32cubeide_1.3.0/stm32cubeide/plugins/com.st.stm32cube.ide.mcu.externaltools.gnu-tools-for-stm32.7-2018-q2-update.win32_1.0.0.201904181610/tools/bin/../lib/gcc/arm-none-eabi/7.3.1/thumb/v7e-m/fpv4-sp/hard\libgcc.a(_aeabi_uldivmod.o) (__udivmoddi4)
c:/st/stm32cubeide_1.3.0/stm32cubeide/plugins/com.st.stm32cube.ide.mcu.externaltools.gnu-tools-for-stm32.7-2018-q2-update.win32_1.0.0.201904181610/tools/bin/../lib/gcc/arm-none-eabi/7.3.1/thumb/v7e-m/fpv4-sp/hard\libgcc.a(_dvmd_tls.o)
                              c:/st/stm32cubeide_1.3.0/stm32cubeide/plugins/com.st.stm32cube.ide.mcu.externaltools.gnu-tools-for-stm32.7-2018-q2-update.win32_1.0.0.201904181610/tools/bin/../lib/gcc/arm-none-eabi/7.3.1/thumb/v7e-m/fpv4-sp/hard\libgcc.a(_aeabi_uldivmod.o) (__aeabi_ldiv0)

Allocating common symbols
Common symbol       size              file

GreenEvent          0x4               Core/Src/GreenTask.o
hdma_usart2_rx      0x60              Core/Src/usart.o
OrangeTaskHandle    0x4               Core/Src/freertos.o
[...]
Memory Configuration

Name             Origin             Length             Attributes
CCMRAM           0x0000000010000000 0x0000000000010000 xrw
RAM              0x0000000020000000 0x0000000000020000 xrw
FLASH            0x0000000008000000 0x0000000000100000 xr
*default*        0x0000000000000000 0xffffffffffffffff

Linker script and memory map

LOAD c:/st/stm32cubeide_1.3.0/stm32cubeide/plugins/com.st.stm32cube.ide.mcu.externaltools.gnu-tools-for-stm32.7-2018-q2-update.win32_1.0.0.201904181610/tools/bin/../lib/gcc/arm-none-eabi/7.3.1/thumb/v7e-m/fpv4-sp/hard/crti.o
LOAD c:/st/stm32cubeide_1.3.0/stm32cubeide/plugins/com.st.stm32cube.ide.mcu.externaltools.gnu-tools-for-stm32.7-2018-q2-update.win32_1.0.0.201904181610/tools/bin/../lib/gcc/arm-none-eabi/7.3.1/thumb/v7e-m/fpv4-sp/hard/crtbegin.o
LOAD c:/st/stm32cubeide_1.3.0/stm32cubeide/plugins/com.st.stm32cube.ide.mcu.externaltools.gnu-tools-for-stm32.7-2018-q2-update.win32_1.0.0.201904181610/tools/bin/../lib/gcc/arm-none-eabi/7.3.1/../../../../arm-none-eabi/lib/thumb/v7e-m/fpv4-sp/hard/crt0.o
LOAD Core/Src/BlueTask.o
LOAD Core/Src/GreenTask.o
LOAD Core/Src/OrangeTask.o
LOAD Core/Src/dma.o
LOAD Core/Src/freertos.o
LOAD Core/Src/gpio.o
LOAD Core/Src/main.o
LOAD Core/Src/stm32f4xx_hal_msp.o
LOAD Core/Src/stm32f4xx_hal_timebase_tim.o
LOAD Core/Src/stm32f4xx_it.o
LOAD Core/Src/syscalls.o
LOAD Core/Src/sysmem.o
LOAD Core/Src/system_stm32f4xx.o
LOAD Core/Src/tim.o
LOAD Core/Src/usart.o
LOAD Core/Startup/startup_stm32f407vgtx.o
LOAD Drivers/STM32F4xx_HAL_Driver/Src/stm32f4xx_hal.o
LOAD Drivers/STM32F4xx_HAL_Driver/Src/stm32f4xx_hal_cortex.o
LOAD Drivers/STM32F4xx_HAL_Driver/Src/stm32f4xx_hal_dma.o
LOAD Drivers/STM32F4xx_HAL_Driver/Src/stm32f4xx_hal_dma_ex.o
LOAD Drivers/STM32F4xx_HAL_Driver/Src/stm32f4xx_hal_exti.o
LOAD Drivers/STM32F4xx_HAL_Driver/Src/stm32f4xx_hal_flash.o
LOAD Drivers/STM32F4xx_HAL_Driver/Src/stm32f4xx_hal_flash_ex.o
LOAD Drivers/STM32F4xx_HAL_Driver/Src/stm32f4xx_hal_flash_ramfunc.o
LOAD Drivers/STM32F4xx_HAL_Driver/Src/stm32f4xx_hal_gpio.o
LOAD Drivers/STM32F4xx_HAL_Driver/Src/stm32f4xx_hal_pwr.o
LOAD Drivers/STM32F4xx_HAL_Driver/Src/stm32f4xx_hal_pwr_ex.o
LOAD Drivers/STM32F4xx_HAL_Driver/Src/stm32f4xx_hal_rcc.o
LOAD Drivers/STM32F4xx_HAL_Driver/Src/stm32f4xx_hal_rcc_ex.o
LOAD Drivers/STM32F4xx_HAL_Driver/Src/stm32f4xx_hal_tim.o
LOAD Drivers/STM32F4xx_HAL_Driver/Src/stm32f4xx_hal_tim_ex.o
LOAD Drivers/STM32F4xx_HAL_Driver/Src/stm32f4xx_hal_uart.o
LOAD Middlewares/Third_Party/FreeRTOS/Source/CMSIS_RTOS/cmsis_os.o
LOAD Middlewares/Third_Party/FreeRTOS/Source/croutine.o
LOAD Middlewares/Third_Party/FreeRTOS/Source/event_groups.o
LOAD Middlewares/Third_Party/FreeRTOS/Source/list.o
LOAD Middlewares/Third_Party/FreeRTOS/Source/queue.o
LOAD Middlewares/Third_Party/FreeRTOS/Source/stream_buffer.o
LOAD Middlewares/Third_Party/FreeRTOS/Source/tasks.o
LOAD Middlewares/Third_Party/FreeRTOS/Source/timers.o
LOAD Middlewares/Third_Party/FreeRTOS/Source/portable/GCC/ARM_CM4F/port.o
LOAD Middlewares/Third_Party/FreeRTOS/Source/portable/MemMang/heap_4.o
START GROUP
LOAD c:/st/stm32cubeide_1.3.0/stm32cubeide/plugins/com.st.stm32cube.ide.mcu.externaltools.gnu-tools-for-stm32.7-2018-q2-update.win32_1.0.0.201904181610/tools/bin/../lib/gcc/arm-none-eabi/7.3.1/../../../../arm-none-eabi/lib/thumb/v7e-m/fpv4-sp/hard\libc_nano.a
LOAD c:/st/stm32cubeide_1.3.0/stm32cubeide/plugins/com.st.stm32cube.ide.mcu.externaltools.gnu-tools-for-stm32.7-2018-q2-update.win32_1.0.0.201904181610/tools/bin/../lib/gcc/arm-none-eabi/7.3.1/../../../../arm-none-eabi/lib/thumb/v7e-m/fpv4-sp/hard\libm.a
END GROUP
START GROUP
LOAD c:/st/stm32cubeide_1.3.0/stm32cubeide/plugins/com.st.stm32cube.ide.mcu.externaltools.gnu-tools-for-stm32.7-2018-q2-update.win32_1.0.0.201904181610/tools/bin/../lib/gcc/arm-none-eabi/7.3.1/thumb/v7e-m/fpv4-sp/hard\libgcc.a
LOAD c:/st/stm32cubeide_1.3.0/stm32cubeide/plugins/com.st.stm32cube.ide.mcu.externaltools.gnu-tools-for-stm32.7-2018-q2-update.win32_1.0.0.201904181610/tools/bin/../lib/gcc/arm-none-eabi/7.3.1/../../../../arm-none-eabi/lib/thumb/v7e-m/fpv4-sp/hard\libc_nano.a
END GROUP
START GROUP
LOAD c:/st/stm32cubeide_1.3.0/stm32cubeide/plugins/com.st.stm32cube.ide.mcu.externaltools.gnu-tools-for-stm32.7-2018-q2-update.win32_1.0.0.201904181610/tools/bin/../lib/gcc/arm-none-eabi/7.3.1/thumb/v7e-m/fpv4-sp/hard\libgcc.a
LOAD c:/st/stm32cubeide_1.3.0/stm32cubeide/plugins/com.st.stm32cube.ide.mcu.externaltools.gnu-tools-for-stm32.7-2018-q2-update.win32_1.0.0.201904181610/tools/bin/../lib/gcc/arm-none-eabi/7.3.1/../../../../arm-none-eabi/lib/thumb/v7e-m/fpv4-sp/hard\libc_nano.a
LOAD c:/st/stm32cubeide_1.3.0/stm32cubeide/plugins/com.st.stm32cube.ide.mcu.externaltools.gnu-tools-for-stm32.7-2018-q2-update.win32_1.0.0.201904181610/tools/bin/../lib/gcc/arm-none-eabi/7.3.1/../../../../arm-none-eabi/lib/thumb/v7e-m/fpv4-sp/hard\libnosys.a
END GROUP
START GROUP
LOAD c:/st/stm32cubeide_1.3.0/stm32cubeide/plugins/com.st.stm32cube.ide.mcu.externaltools.gnu-tools-for-stm32.7-2018-q2-update.win32_1.0.0.201904181610/tools/bin/../lib/gcc/arm-none-eabi/7.3.1/thumb/v7e-m/fpv4-sp/hard\libgcc.a
LOAD c:/st/stm32cubeide_1.3.0/stm32cubeide/plugins/com.st.stm32cube.ide.mcu.externaltools.gnu-tools-for-stm32.7-2018-q2-update.win32_1.0.0.201904181610/tools/bin/../lib/gcc/arm-none-eabi/7.3.1/../../../../arm-none-eabi/lib/thumb/v7e-m/fpv4-sp/hard\libc_nano.a
LOAD c:/st/stm32cubeide_1.3.0/stm32cubeide/plugins/com.st.stm32cube.ide.mcu.externaltools.gnu-tools-for-stm32.7-2018-q2-update.win32_1.0.0.201904181610/tools/bin/../lib/gcc/arm-none-eabi/7.3.1/../../../../arm-none-eabi/lib/thumb/v7e-m/fpv4-sp/hard\libnosys.a
END GROUP
LOAD c:/st/stm32cubeide_1.3.0/stm32cubeide/plugins/com.st.stm32cube.ide.mcu.externaltools.gnu-tools-for-stm32.7-2018-q2-update.win32_1.0.0.201904181610/tools/bin/../lib/gcc/arm-none-eabi/7.3.1/thumb/v7e-m/fpv4-sp/hard/crtend.o
LOAD c:/st/stm32cubeide_1.3.0/stm32cubeide/plugins/com.st.stm32cube.ide.mcu.externaltools.gnu-tools-for-stm32.7-2018-q2-update.win32_1.0.0.201904181610/tools/bin/../lib/gcc/arm-none-eabi/7.3.1/thumb/v7e-m/fpv4-sp/hard/crtn.o
                0x0000000020020000                _estack = (ORIGIN (RAM) + LENGTH (RAM))
                0x0000000000000200                _Min_Heap_Size = 0x200
                0x0000000000000400                _Min_Stack_Size = 0x400

.isr_vector     0x0000000008000000      0x188
                0x0000000008000000                . = ALIGN (0x4)
 *(.isr_vector)
 .isr_vector    0x0000000008000000      0x188 Core/Startup/startup_stm32f407vgtx.o
                0x0000000008000000                g_pfnVectors
                0x0000000008000188                . = ALIGN (0x4)

.text           0x0000000008000190     0x5fb4
                0x0000000008000190                . = ALIGN (0x4)
 *(.text)
 .text          0x0000000008000190       0x40 c:/st/stm32cubeide_1.3.0/stm32cubeide/plugins/com.st.stm32cube.ide.mcu.externaltools.gnu-tools-for-stm32.7-2018-q2-update.win32_1.0.0.201904181610/tools/bin/../lib/gcc/arm-none-eabi/7.3.1/thumb/v7e-m/fpv4-sp/hard/crtbegin.o
 .text          0x00000000080001d0       0x10 c:/st/stm32cubeide_1.3.0/stm32cubeide/plugins/com.st.stm32cube.ide.mcu.externaltools.gnu-tools-for-stm32.7-2018-q2-update.win32_1.0.0.201904181610/tools/bin/../lib/gcc/arm-none-eabi/7.3.1/../../../../arm-none-eabi/lib/thumb/v7e-m/fpv4-sp/hard\libc_nano.a(lib_a-strlen.o)
                0x00000000080001d0                strlen
 .text          0x00000000080001e0       0x30 c:/st/stm32cubeide_1.3.0/stm32cubeide/plugins/com.st.stm32cube.ide.mcu.externaltools.gnu-tools-for-stm32.7-2018-q2-update.win32_1.0.0.201904181610/tools/bin/../lib/gcc/arm-none-eabi/7.3.1/thumb/v7e-m/fpv4-sp/hard\libgcc.a(_aeabi_uldivmod.o)
                0x00000000080001e0                __aeabi_uldivmod
 .text          0x0000000008000210      0x2cc c:/st/stm32cubeide_1.3.0/stm32cubeide/plugins/com.st.stm32cube.ide.mcu.externaltools.gnu-tools-for-stm32.7-2018-q2-update.win32_1.0.0.201904181610/tools/bin/../lib/gcc/arm-none-eabi/7.3.1/thumb/v7e-m/fpv4-sp/hard\libgcc.a(_udivmoddi4.o)
                0x0000000008000210                __udivmoddi4
 .text          0x00000000080004dc        0x4 c:/st/stm32cubeide_1.3.0/stm32cubeide/plugins/com.st.stm32cube.ide.mcu.externaltools.gnu-tools-for-stm32.7-2018-q2-update.win32_1.0.0.201904181610/tools/bin/../lib/gcc/arm-none-eabi/7.3.1/thumb/v7e-m/fpv4-sp/hard\libgcc.a(_dvmd_tls.o)
                0x00000000080004dc                __aeabi_idiv0
                0x00000000080004dc                __aeabi_ldiv0
 *(.text*)
 .text.BlueFunc
                0x00000000080004e0      0x154 Core/Src/BlueTask.o
                0x00000000080004e0                BlueFunc
 .text.GreenFunc
                0x0000000008000634       0xa8 Core/Src/GreenTask.o
                0x0000000008000634                GreenFunc
 .text.OrangeFunc
                0x00000000080006dc       0xac Core/Src/OrangeTask.o
                0x00000000080006dc                OrangeFunc
 .text.MX_DMA_Init
                0x0000000008000788       0x40 Core/Src/dma.o
                0x0000000008000788                MX_DMA_Init
 .text.vApplicationGetIdleTaskMemory
                0x00000000080007c8       0x34 Core/Src/freertos.o
                0x00000000080007c8                vApplicationGetIdleTaskMemory
 .text.vApplicationGetTimerTaskMemory
                0x00000000080007fc       0x34 Core/Src/freertos.o
                0x00000000080007fc                vApplicationGetTimerTaskMemory
 .text.MX_FREERTOS_Init
                0x0000000008000830       0x94 Core/Src/freertos.o
                0x0000000008000830                MX_FREERTOS_Init
 .text.MX_GPIO_Init
                0x00000000080008c4       0xc0 Core/Src/gpio.o
                0x00000000080008c4                MX_GPIO_Init
 .text.main     0x0000000008000984       0x26 Core/Src/main.o
                0x0000000008000984                main
 *fill*         0x00000000080009aa        0x2 
 .text.SystemClock_Config
                0x00000000080009ac       0xd4 Core/Src/main.o
                0x00000000080009ac                SystemClock_Config
 .text.Set_Event
                0x0000000008000a80       0x4c Core/Src/main.o
                0x0000000008000a80                Set_Event
 .text.HAL_TIM_PeriodElapsedCallback
                0x0000000008000acc       0x24 Core/Src/main.o
                0x0000000008000acc                HAL_TIM_PeriodElapsedCallback
 .text.Error_Handler
                0x0000000008000af0        0xe Core/Src/main.o
                0x0000000008000af0                Error_Handler
 *fill*         0x0000000008000afe        0x2 
 .text.HAL_MspInit
                0x0000000008000b00       0x58 Core/Src/stm32f4xx_hal_msp.o
                0x0000000008000b00                HAL_MspInit
 .text.HAL_InitTick
                0x0000000008000b58       0xb4 Core/Src/stm32f4xx_hal_timebase_tim.o
                0x0000000008000b58                HAL_InitTick
 .text.NMI_Handler
                0x0000000008000c0c        0xe Core/Src/stm32f4xx_it.o
                0x0000000008000c0c                NMI_Handler
 .text.HardFault_Handler
                0x0000000008000c1a        0x6 Core/Src/stm32f4xx_it.o
                0x0000000008000c1a                HardFault_Handler
 .text.MemManage_Handler
                0x0000000008000c20        0x6 Core/Src/stm32f4xx_it.o
                0x0000000008000c20                MemManage_Handler
 .text.BusFault_Handler
                0x0000000008000c26        0x6 Core/Src/stm32f4xx_it.o
                0x0000000008000c26                BusFault_Handler
 .text.UsageFault_Handler
                0x0000000008000c2c        0x6 Core/Src/stm32f4xx_it.o
                0x0000000008000c2c                UsageFault_Handler
 .text.DebugMon_Handler
                0x0000000008000c32        0xe Core/Src/stm32f4xx_it.o
                0x0000000008000c32                DebugMon_Handler
 .text.DMA1_Stream5_IRQHandler
                0x0000000008000c40       0x14 Core/Src/stm32f4xx_it.o
                0x0000000008000c40                DMA1_Stream5_IRQHandler
 .text.TIM1_UP_TIM10_IRQHandler
                0x0000000008000c54       0x14 Core/Src/stm32f4xx_it.o
                0x0000000008000c54                TIM1_UP_TIM10_IRQHandler
 .text.TIM6_DAC_IRQHandler
                0x0000000008000c68       0x48 Core/Src/stm32f4xx_it.o
                0x0000000008000c68                TIM6_DAC_IRQHandler
 .text.SystemInit
                0x0000000008000cb0       0x2c Core/Src/system_stm32f4xx.o
                0x0000000008000cb0                SystemInit
 .text.MX_TIM6_Init
                0x0000000008000cdc       0x6c Core/Src/tim.o
                0x0000000008000cdc                MX_TIM6_Init
 .text.HAL_TIM_Base_MspInit
                0x0000000008000d48       0x50 Core/Src/tim.o
                0x0000000008000d48                HAL_TIM_Base_MspInit
 .text.MX_USART2_UART_Init
                0x0000000008000d98       0x54 Core/Src/usart.o
                0x0000000008000d98                MX_USART2_UART_Init
 .text.HAL_UART_MspInit
                0x0000000008000dec       0xf4 Core/Src/usart.o
                0x0000000008000dec                HAL_UART_MspInit
 .text.Reset_Handler
                0x0000000008000ee0       0x50 Core/Startup/startup_stm32f407vgtx.o
                0x0000000008000ee0                Reset_Handler
 .text.Default_Handler
                0x0000000008000f30        0x2 Core/Startup/startup_stm32f407vgtx.o
                0x0000000008000f30                RTC_Alarm_IRQHandler
                0x0000000008000f30                HASH_RNG_IRQHandler
                0x0000000008000f30                EXTI2_IRQHandler
                0x0000000008000f30                TIM8_CC_IRQHandler
                0x0000000008000f30                TIM1_CC_IRQHandler
                0x0000000008000f30                DMA2_Stream5_IRQHandler
                0x0000000008000f30                PVD_IRQHandler
                0x0000000008000f30                SDIO_IRQHandler
                0x0000000008000f30                TAMP_STAMP_IRQHandler
                0x0000000008000f30                CAN2_RX1_IRQHandler
                0x0000000008000f30                EXTI3_IRQHandler
                0x0000000008000f30                TIM8_TRG_COM_TIM14_IRQHandler
                0x0000000008000f30                TIM8_UP_TIM13_IRQHandler
                0x0000000008000f30                I2C3_ER_IRQHandler
                0x0000000008000f30                EXTI0_IRQHandler
                0x0000000008000f30                I2C2_EV_IRQHandler
                0x0000000008000f30                DMA1_Stream2_IRQHandler
                0x0000000008000f30                CAN1_RX0_IRQHandler
                0x0000000008000f30                FPU_IRQHandler
                0x0000000008000f30                OTG_HS_WKUP_IRQHandler
                0x0000000008000f30                CAN2_SCE_IRQHandler
                0x0000000008000f30                DMA2_Stream2_IRQHandler
                0x0000000008000f30                SPI1_IRQHandler
                0x0000000008000f30                TIM1_BRK_TIM9_IRQHandler
                0x0000000008000f30                DCMI_IRQHandler
                0x0000000008000f30                CAN2_RX0_IRQHandler
                0x0000000008000f30                DMA2_Stream3_IRQHandler
                0x0000000008000f30                USART6_IRQHandler
                0x0000000008000f30                USART3_IRQHandler
                0x0000000008000f30                CAN1_RX1_IRQHandler
                0x0000000008000f30                UART5_IRQHandler
                0x0000000008000f30                DMA2_Stream0_IRQHandler
                0x0000000008000f30                TIM4_IRQHandler
                0x0000000008000f30                I2C1_EV_IRQHandler
                0x0000000008000f30                DMA1_Stream6_IRQHandler
                0x0000000008000f30                DMA1_Stream1_IRQHandler
                0x0000000008000f30                UART4_IRQHandler
                0x0000000008000f30                TIM3_IRQHandler
                0x0000000008000f30                RCC_IRQHandler
                0x0000000008000f30                TIM8_BRK_TIM12_IRQHandler
                0x0000000008000f30                Default_Handler
                0x0000000008000f30                EXTI15_10_IRQHandler
                0x0000000008000f30                ADC_IRQHandler
                0x0000000008000f30                DMA1_Stream7_IRQHandler
                0x0000000008000f30                TIM7_IRQHandler
                0x0000000008000f30                CAN2_TX_IRQHandler
                0x0000000008000f30                TIM5_IRQHandler
                0x0000000008000f30                DMA2_Stream7_IRQHandler
                0x0000000008000f30                I2C3_EV_IRQHandler
                0x0000000008000f30                EXTI9_5_IRQHandler
                0x0000000008000f30                RTC_WKUP_IRQHandler
                0x0000000008000f30                ETH_WKUP_IRQHandler
                0x0000000008000f30                SPI2_IRQHandler
                0x0000000008000f30                OTG_HS_EP1_IN_IRQHandler
                0x0000000008000f30                DMA1_Stream0_IRQHandler
                0x0000000008000f30                CAN1_TX_IRQHandler
                0x0000000008000f30                EXTI4_IRQHandler
                0x0000000008000f30                FSMC_IRQHandler
                0x0000000008000f30                ETH_IRQHandler
                0x0000000008000f30                OTG_HS_EP1_OUT_IRQHandler
                0x0000000008000f30                WWDG_IRQHandler
                0x0000000008000f30                TIM2_IRQHandler
                0x0000000008000f30                OTG_FS_WKUP_IRQHandler
                0x0000000008000f30                TIM1_TRG_COM_TIM11_IRQHandler
                0x0000000008000f30                OTG_HS_IRQHandler
                0x0000000008000f30                EXTI1_IRQHandler
                0x0000000008000f30                USART2_IRQHandler
                0x0000000008000f30                I2C2_ER_IRQHandler
                0x0000000008000f30                DMA2_Stream1_IRQHandler
                0x0000000008000f30                CAN1_SCE_IRQHandler
                0x0000000008000f30                FLASH_IRQHandler
                0x0000000008000f30                DMA2_Stream4_IRQHandler
                0x0000000008000f30                USART1_IRQHandler
                0x0000000008000f30                OTG_FS_IRQHandler
                0x0000000008000f30                SPI3_IRQHandler
                0x0000000008000f30                DMA1_Stream4_IRQHandler
                0x0000000008000f30                I2C1_ER_IRQHandler
                0x0000000008000f30                DMA2_Stream6_IRQHandler
                0x0000000008000f30                DMA1_Stream3_IRQHandler
 *fill*         0x0000000008000f32        0x2 
 .text.HAL_Init
                0x0000000008000f34       0x44 Drivers/STM32F4xx_HAL_Driver/Src/stm32f4xx_hal.o
                0x0000000008000f34                HAL_Init
 .text.HAL_IncTick
                0x0000000008000f78       0x28 Drivers/STM32F4xx_HAL_Driver/Src/stm32f4xx_hal.o
                0x0000000008000f78                HAL_IncTick
 .text.HAL_GetTick
                0x0000000008000fa0       0x18 Drivers/STM32F4xx_HAL_Driver/Src/stm32f4xx_hal.o
                0x0000000008000fa0                HAL_GetTick
 .text.__NVIC_SetPriorityGrouping
                0x0000000008000fb8       0x48 Drivers/STM32F4xx_HAL_Driver/Src/stm32f4xx_hal_cortex.o
 .text.__NVIC_GetPriorityGrouping
                0x0000000008001000       0x1c Drivers/STM32F4xx_HAL_Driver/Src/stm32f4xx_hal_cortex.o
 .text.__NVIC_EnableIRQ
                0x000000000800101c       0x3c Drivers/STM32F4xx_HAL_Driver/Src/stm32f4xx_hal_cortex.o
 .text.__NVIC_SetPriority
                0x0000000008001058       0x54 Drivers/STM32F4xx_HAL_Driver/Src/stm32f4xx_hal_cortex.o
 .text.NVIC_EncodePriority
                0x00000000080010ac       0x66 Drivers/STM32F4xx_HAL_Driver/Src/stm32f4xx_hal_cortex.o
 .text.HAL_NVIC_SetPriorityGrouping
                0x0000000008001112       0x16 Drivers/STM32F4xx_HAL_Driver/Src/stm32f4xx_hal_cortex.o
                0x0000000008001112                HAL_NVIC_SetPriorityGrouping
 .text.HAL_NVIC_SetPriority
                0x0000000008001128       0x38 Drivers/STM32F4xx_HAL_Driver/Src/stm32f4xx_hal_cortex.o
                0x0000000008001128                HAL_NVIC_SetPriority
 .text.HAL_NVIC_EnableIRQ
                0x0000000008001160       0x1c Drivers/STM32F4xx_HAL_Driver/Src/stm32f4xx_hal_cortex.o
                0x0000000008001160                HAL_NVIC_EnableIRQ
 .text.HAL_DMA_Init
                0x000000000800117c      0x15c Drivers/STM32F4xx_HAL_Driver/Src/stm32f4xx_hal_dma.o
                0x000000000800117c                HAL_DMA_Init
 .text.HAL_DMA_IRQHandler
                0x00000000080012d8      0x314 Drivers/STM32F4xx_HAL_Driver/Src/stm32f4xx_hal_dma.o
                0x00000000080012d8                HAL_DMA_IRQHandler
 .text.DMA_CalcBaseAndBitshift
                0x00000000080015ec       0x6c Drivers/STM32F4xx_HAL_Driver/Src/stm32f4xx_hal_dma.o
 .text.DMA_CheckFifoParam
                0x0000000008001658       0xf4 Drivers/STM32F4xx_HAL_Driver/Src/stm32f4xx_hal_dma.o
 .text.HAL_GPIO_Init
                0x000000000800174c      0x334 Drivers/STM32F4xx_HAL_Driver/Src/stm32f4xx_hal_gpio.o
                0x000000000800174c                HAL_GPIO_Init
 .text.HAL_GPIO_ReadPin
                0x0000000008001a80       0x30 Drivers/STM32F4xx_HAL_Driver/Src/stm32f4xx_hal_gpio.o
                0x0000000008001a80                HAL_GPIO_ReadPin
 .text.HAL_GPIO_WritePin
                0x0000000008001ab0       0x32 Drivers/STM32F4xx_HAL_Driver/Src/stm32f4xx_hal_gpio.o
                0x0000000008001ab0                HAL_GPIO_WritePin
 *fill*         0x0000000008001ae2        0x2 
 .text.HAL_RCC_OscConfig
                0x0000000008001ae4      0x4e0 Drivers/STM32F4xx_HAL_Driver/Src/stm32f4xx_hal_rcc.o
                0x0000000008001ae4                HAL_RCC_OscConfig
 .text.HAL_RCC_ClockConfig
                0x0000000008001fc4      0x1cc Drivers/STM32F4xx_HAL_Driver/Src/stm32f4xx_hal_rcc.o
                0x0000000008001fc4                HAL_RCC_ClockConfig
 .text.HAL_RCC_GetSysClockFreq
                0x0000000008002190      0x1b0 Drivers/STM32F4xx_HAL_Driver/Src/stm32f4xx_hal_rcc.o
                0x0000000008002190                HAL_RCC_GetSysClockFreq
 .text.HAL_RCC_GetHCLKFreq
                0x0000000008002340       0x18 Drivers/STM32F4xx_HAL_Driver/Src/stm32f4xx_hal_rcc.o
                0x0000000008002340                HAL_RCC_GetHCLKFreq
 .text.HAL_RCC_GetPCLK1Freq
                0x0000000008002358       0x28 Drivers/STM32F4xx_HAL_Driver/Src/stm32f4xx_hal_rcc.o
                0x0000000008002358                HAL_RCC_GetPCLK1Freq
 .text.HAL_RCC_GetPCLK2Freq
                0x0000000008002380       0x28 Drivers/STM32F4xx_HAL_Driver/Src/stm32f4xx_hal_rcc.o
                0x0000000008002380                HAL_RCC_GetPCLK2Freq
 .text.HAL_RCC_GetClockConfig
                0x00000000080023a8       0x64 Drivers/STM32F4xx_HAL_Driver/Src/stm32f4xx_hal_rcc.o
                0x00000000080023a8                HAL_RCC_GetClockConfig
 .text.HAL_TIM_Base_Init
                0x000000000800240c       0x56 Drivers/STM32F4xx_HAL_Driver/Src/stm32f4xx_hal_tim.o
                0x000000000800240c                HAL_TIM_Base_Init
 .text.HAL_TIM_Base_Start_IT
                0x0000000008002462       0x48 Drivers/STM32F4xx_HAL_Driver/Src/stm32f4xx_hal_tim.o
                0x0000000008002462                HAL_TIM_Base_Start_IT
 .text.HAL_TIM_Base_Stop_IT
                0x00000000080024aa       0x56 Drivers/STM32F4xx_HAL_Driver/Src/stm32f4xx_hal_tim.o
                0x00000000080024aa                HAL_TIM_Base_Stop_IT
 .text.HAL_TIM_IRQHandler
                0x0000000008002500      0x210 Drivers/STM32F4xx_HAL_Driver/Src/stm32f4xx_hal_tim.o
                0x0000000008002500                HAL_TIM_IRQHandler
 .text.HAL_TIM_OC_DelayElapsedCallback
                0x0000000008002710       0x14 Drivers/STM32F4xx_HAL_Driver/Src/stm32f4xx_hal_tim.o
                0x0000000008002710                HAL_TIM_OC_DelayElapsedCallback
 .text.HAL_TIM_IC_CaptureCallback
                0x0000000008002724       0x14 Drivers/STM32F4xx_HAL_Driver/Src/stm32f4xx_hal_tim.o
                0x0000000008002724                HAL_TIM_IC_CaptureCallback
 .text.HAL_TIM_PWM_PulseFinishedCallback
                0x0000000008002738       0x14 Drivers/STM32F4xx_HAL_Driver/Src/stm32f4xx_hal_tim.o
                0x0000000008002738                HAL_TIM_PWM_PulseFinishedCallback
 .text.HAL_TIM_TriggerCallback
                0x000000000800274c       0x14 Drivers/STM32F4xx_HAL_Driver/Src/stm32f4xx_hal_tim.o
                0x000000000800274c                HAL_TIM_TriggerCallback
 .text.TIM_Base_SetConfig
                0x0000000008002760      0x140 Drivers/STM32F4xx_HAL_Driver/Src/stm32f4xx_hal_tim.o
                0x0000000008002760                TIM_Base_SetConfig
 .text.HAL_TIMEx_MasterConfigSynchronization
                0x00000000080028a0       0xf8 Drivers/STM32F4xx_HAL_Driver/Src/stm32f4xx_hal_tim_ex.o
                0x00000000080028a0                HAL_TIMEx_MasterConfigSynchronization
 .text.HAL_TIMEx_CommutCallback
                0x0000000008002998       0x14 Drivers/STM32F4xx_HAL_Driver/Src/stm32f4xx_hal_tim_ex.o
                0x0000000008002998                HAL_TIMEx_CommutCallback
 .text.HAL_TIMEx_BreakCallback
                0x00000000080029ac       0x14 Drivers/STM32F4xx_HAL_Driver/Src/stm32f4xx_hal_tim_ex.o
                0x00000000080029ac                HAL_TIMEx_BreakCallback
 .text.HAL_UART_Init
                0x00000000080029c0       0x9a Drivers/STM32F4xx_HAL_Driver/Src/stm32f4xx_hal_uart.o
                0x00000000080029c0                HAL_UART_Init
 .text.HAL_UART_Transmit
                0x0000000008002a5a      0x132 Drivers/STM32F4xx_HAL_Driver/Src/stm32f4xx_hal_uart.o
                0x0000000008002a5a                HAL_UART_Transmit
 .text.UART_WaitOnFlagUntilTimeout
                0x0000000008002b8c       0x94 Drivers/STM32F4xx_HAL_Driver/Src/stm32f4xx_hal_uart.o
 .text.UART_SetConfig
                0x0000000008002c20      0x6f8 Drivers/STM32F4xx_HAL_Driver/Src/stm32f4xx_hal_uart.o
 .text.makeFreeRtosPriority
                0x0000000008003318       0x30 Middlewares/Third_Party/FreeRTOS/Source/CMSIS_RTOS/cmsis_os.o
 .text.osKernelStart
                0x0000000008003348        0xe Middlewares/Third_Party/FreeRTOS/Source/CMSIS_RTOS/cmsis_os.o
                0x0000000008003348                osKernelStart
 .text.osThreadCreate
                0x0000000008003356       0x98 Middlewares/Third_Party/FreeRTOS/Source/CMSIS_RTOS/cmsis_os.o
                0x0000000008003356                osThreadCreate
 .text.osDelay  0x00000000080033ee       0x28 Middlewares/Third_Party/FreeRTOS/Source/CMSIS_RTOS/cmsis_os.o
                0x00000000080033ee                osDelay
 .text.xEventGroupCreate
                0x0000000008003416       0x34 Middlewares/Third_Party/FreeRTOS/Source/event_groups.o
                0x0000000008003416                xEventGroupCreate
 *fill*         0x000000000800344a        0x2 
 .text.xEventGroupWaitBits
                0x000000000800344c      0x194 Middlewares/Third_Party/FreeRTOS/Source/event_groups.o
                0x000000000800344c                xEventGroupWaitBits
 .text.xEventGroupSetBits
                0x00000000080035e0      0x112 Middlewares/Third_Party/FreeRTOS/Source/event_groups.o
                0x00000000080035e0                xEventGroupSetBits
 .text.vEventGroupSetBitsCallback
                0x00000000080036f2       0x1a Middlewares/Third_Party/FreeRTOS/Source/event_groups.o
                0x00000000080036f2                vEventGroupSetBitsCallback
 .text.prvTestWaitCondition
                0x000000000800370c       0x44 Middlewares/Third_Party/FreeRTOS/Source/event_groups.o
 .text.vListInitialise
                0x0000000008003750       0x40 Middlewares/Third_Party/FreeRTOS/Source/list.o
                0x0000000008003750                vListInitialise
 .text.vListInitialiseItem
                0x0000000008003790       0x1a Middlewares/Third_Party/FreeRTOS/Source/list.o
                0x0000000008003790                vListInitialiseItem
 .text.vListInsertEnd
                0x00000000080037aa       0x48 Middlewares/Third_Party/FreeRTOS/Source/list.o
                0x00000000080037aa                vListInsertEnd
 .text.vListInsert
                0x00000000080037f2       0x72 Middlewares/Third_Party/FreeRTOS/Source/list.o
                0x00000000080037f2                vListInsert
 .text.uxListRemove
                0x0000000008003864       0x54 Middlewares/Third_Party/FreeRTOS/Source/list.o
                0x0000000008003864                uxListRemove
 .text.xQueueGenericReset
                0x00000000080038b8       0xd0 Middlewares/Third_Party/FreeRTOS/Source/queue.o
                0x00000000080038b8                xQueueGenericReset
 .text.xQueueGenericCreateStatic
                0x0000000008003988       0xe6 Middlewares/Third_Party/FreeRTOS/Source/queue.o
                0x0000000008003988                xQueueGenericCreateStatic
 .text.prvInitialiseNewQueue
                0x0000000008003a6e       0x3e Middlewares/Third_Party/FreeRTOS/Source/queue.o
 .text.xQueueGenericSend
                0x0000000008003aac      0x1f4 Middlewares/Third_Party/FreeRTOS/Source/queue.o
                0x0000000008003aac                xQueueGenericSend
 .text.xQueueGenericSendFromISR
                0x0000000008003ca0      0x128 Middlewares/Third_Party/FreeRTOS/Source/queue.o
                0x0000000008003ca0                xQueueGenericSendFromISR
 .text.xQueueReceive
                0x0000000008003dc8      0x1b8 Middlewares/Third_Party/FreeRTOS/Source/queue.o
                0x0000000008003dc8                xQueueReceive
 .text.prvCopyDataToQueue
                0x0000000008003f80       0xd4 Middlewares/Third_Party/FreeRTOS/Source/queue.o
 .text.prvCopyDataFromQueue
                0x0000000008004054       0x4c Middlewares/Third_Party/FreeRTOS/Source/queue.o
 .text.prvUnlockQueue
                0x00000000080040a0       0xa4 Middlewares/Third_Party/FreeRTOS/Source/queue.o
 .text.prvIsQueueEmpty
                0x0000000008004144       0x2c Middlewares/Third_Party/FreeRTOS/Source/queue.o
 .text.prvIsQueueFull
                0x0000000008004170       0x30 Middlewares/Third_Party/FreeRTOS/Source/queue.o
 .text.vQueueAddToRegistry
                0x00000000080041a0       0x50 Middlewares/Third_Party/FreeRTOS/Source/queue.o
                0x00000000080041a0                vQueueAddToRegistry
 .text.vQueueWaitForMessageRestricted
                0x00000000080041f0       0x68 Middlewares/Third_Party/FreeRTOS/Source/queue.o
                0x00000000080041f0                vQueueWaitForMessageRestricted
 .text.xTaskCreateStatic
                0x0000000008004258       0xb4 Middlewares/Third_Party/FreeRTOS/Source/tasks.o
                0x0000000008004258                xTaskCreateStatic
 .text.xTaskCreate
                0x000000000800430c       0x8a Middlewares/Third_Party/FreeRTOS/Source/tasks.o
                0x000000000800430c                xTaskCreate
 .text.prvInitialiseNewTask
                0x0000000008004396      0x10c Middlewares/Third_Party/FreeRTOS/Source/tasks.o
 *fill*         0x00000000080044a2        0x2 
 .text.prvAddNewTaskToReadyList
                0x00000000080044a4       0xd4 Middlewares/Third_Party/FreeRTOS/Source/tasks.o
 .text.vTaskDelay
                0x0000000008004578       0x68 Middlewares/Third_Party/FreeRTOS/Source/tasks.o
                0x0000000008004578                vTaskDelay
 .text.vTaskStartScheduler
                0x00000000080045e0       0xc8 Middlewares/Third_Party/FreeRTOS/Source/tasks.o
                0x00000000080045e0                vTaskStartScheduler
 .text.vTaskSuspendAll
                0x00000000080046a8       0x1c Middlewares/Third_Party/FreeRTOS/Source/tasks.o
                0x00000000080046a8                vTaskSuspendAll
 .text.xTaskResumeAll
                0x00000000080046c4      0x138 Middlewares/Third_Party/FreeRTOS/Source/tasks.o
                0x00000000080046c4                xTaskResumeAll
 .text.xTaskGetTickCount
                0x00000000080047fc       0x20 Middlewares/Third_Party/FreeRTOS/Source/tasks.o
                0x00000000080047fc                xTaskGetTickCount
 .text.xTaskIncrementTick
                0x000000000800481c      0x170 Middlewares/Third_Party/FreeRTOS/Source/tasks.o
                0x000000000800481c                xTaskIncrementTick
 .text.vTaskSwitchContext
                0x000000000800498c       0xb4 Middlewares/Third_Party/FreeRTOS/Source/tasks.o
                0x000000000800498c                vTaskSwitchContext
 .text.vTaskPlaceOnEventList
                0x0000000008004a40       0x48 Middlewares/Third_Party/FreeRTOS/Source/tasks.o
                0x0000000008004a40                vTaskPlaceOnEventList
 .text.vTaskPlaceOnUnorderedEventList
                0x0000000008004a88       0x74 Middlewares/Third_Party/FreeRTOS/Source/tasks.o
                0x0000000008004a88                vTaskPlaceOnUnorderedEventList
 .text.vTaskPlaceOnEventListRestricted
                0x0000000008004afc       0x54 Middlewares/Third_Party/FreeRTOS/Source/tasks.o
                0x0000000008004afc                vTaskPlaceOnEventListRestricted
 .text.xTaskRemoveFromEventList
                0x0000000008004b50       0xc4 Middlewares/Third_Party/FreeRTOS/Source/tasks.o
                0x0000000008004b50                xTaskRemoveFromEventList
 .text.vTaskRemoveFromUnorderedEventList
                0x0000000008004c14       0xc0 Middlewares/Third_Party/FreeRTOS/Source/tasks.o
                0x0000000008004c14                vTaskRemoveFromUnorderedEventList
 .text.vTaskInternalSetTimeOutState
                0x0000000008004cd4       0x2c Middlewares/Third_Party/FreeRTOS/Source/tasks.o
                0x0000000008004cd4                vTaskInternalSetTimeOutState
 .text.xTaskCheckForTimeOut
                0x0000000008004d00       0xc0 Middlewares/Third_Party/FreeRTOS/Source/tasks.o
                0x0000000008004d00                xTaskCheckForTimeOut
 .text.vTaskMissedYield
                0x0000000008004dc0       0x18 Middlewares/Third_Party/FreeRTOS/Source/tasks.o
                0x0000000008004dc0                vTaskMissedYield
 .text.prvIdleTask
                0x0000000008004dd8       0x30 Middlewares/Third_Party/FreeRTOS/Source/tasks.o
 .text.prvInitialiseTaskLists
                0x0000000008004e08       0x80 Middlewares/Third_Party/FreeRTOS/Source/tasks.o
 .text.prvCheckTasksWaitingTermination
                0x0000000008004e88       0x58 Middlewares/Third_Party/FreeRTOS/Source/tasks.o
 .text.prvDeleteTCB
                0x0000000008004ee0       0x5c Middlewares/Third_Party/FreeRTOS/Source/tasks.o
 .text.prvResetNextTaskUnblockTime
                0x0000000008004f3c       0x40 Middlewares/Third_Party/FreeRTOS/Source/tasks.o
 .text.xTaskGetSchedulerState
                0x0000000008004f7c       0x3c Middlewares/Third_Party/FreeRTOS/Source/tasks.o
                0x0000000008004f7c                xTaskGetSchedulerState
 .text.xTaskPriorityDisinherit
                0x0000000008004fb8      0x108 Middlewares/Third_Party/FreeRTOS/Source/tasks.o
                0x0000000008004fb8                xTaskPriorityDisinherit
 .text.uxTaskResetEventItemValue
                0x00000000080050c0       0x30 Middlewares/Third_Party/FreeRTOS/Source/tasks.o
                0x00000000080050c0                uxTaskResetEventItemValue
 .text.prvAddCurrentTaskToDelayedList
                0x00000000080050f0       0xcc Middlewares/Third_Party/FreeRTOS/Source/tasks.o
 .text.xTimerCreateTimerTask
                0x00000000080051bc       0x90 Middlewares/Third_Party/FreeRTOS/Source/timers.o
                0x00000000080051bc                xTimerCreateTimerTask
 .text.xTimerGenericCommand
                0x000000000800524c       0x98 Middlewares/Third_Party/FreeRTOS/Source/timers.o
                0x000000000800524c                xTimerGenericCommand
 .text.prvProcessExpiredTimer
                0x00000000080052e4       0x98 Middlewares/Third_Party/FreeRTOS/Source/timers.o
 .text.prvTimerTask
                0x000000000800537c       0x24 Middlewares/Third_Party/FreeRTOS/Source/timers.o
 .text.prvProcessTimerOrBlockTask
                0x00000000080053a0       0x9c Middlewares/Third_Party/FreeRTOS/Source/timers.o
 .text.prvGetNextExpireTime
                0x000000000800543c       0x48 Middlewares/Third_Party/FreeRTOS/Source/timers.o
 .text.prvSampleTimeNow
                0x0000000008005484       0x40 Middlewares/Third_Party/FreeRTOS/Source/timers.o
 .text.prvInsertTimerInActiveList
                0x00000000080054c4       0x84 Middlewares/Third_Party/FreeRTOS/Source/timers.o
 .text.prvProcessReceivedCommands
                0x0000000008005548      0x1b8 Middlewares/Third_Party/FreeRTOS/Source/timers.o
 .text.prvSwitchTimerLists
                0x0000000008005700       0xc8 Middlewares/Third_Party/FreeRTOS/Source/timers.o
 .text.prvCheckForValidListAndQueue
                0x00000000080057c8       0x80 Middlewares/Third_Party/FreeRTOS/Source/timers.o
 .text.xTimerPendFunctionCallFromISR
                0x0000000008005848       0x40 Middlewares/Third_Party/FreeRTOS/Source/timers.o
                0x0000000008005848                xTimerPendFunctionCallFromISR
 .text.pxPortInitialiseStack
                0x0000000008005888       0x68 Middlewares/Third_Party/FreeRTOS/Source/portable/GCC/ARM_CM4F/port.o
                0x0000000008005888                pxPortInitialiseStack
 .text.prvTaskExitError
                0x00000000080058f0       0x54 Middlewares/Third_Party/FreeRTOS/Source/portable/GCC/ARM_CM4F/port.o
 *fill*         0x0000000008005944        0xc 
 .text.SVC_Handler
                0x0000000008005950       0x28 Middlewares/Third_Party/FreeRTOS/Source/portable/GCC/ARM_CM4F/port.o
                0x0000000008005950                SVC_Handler
 .text.prvPortStartFirstTask
                0x0000000008005978       0x28 Middlewares/Third_Party/FreeRTOS/Source/portable/GCC/ARM_CM4F/port.o
 .text.xPortStartScheduler
                0x00000000080059a0      0x13c Middlewares/Third_Party/FreeRTOS/Source/portable/GCC/ARM_CM4F/port.o
                0x00000000080059a0                xPortStartScheduler
 .text.vPortEnterCritical
                0x0000000008005adc       0x5c Middlewares/Third_Party/FreeRTOS/Source/portable/GCC/ARM_CM4F/port.o
                0x0000000008005adc                vPortEnterCritical
 .text.vPortExitCritical
                0x0000000008005b38       0x50 Middlewares/Third_Party/FreeRTOS/Source/portable/GCC/ARM_CM4F/port.o
                0x0000000008005b38                vPortExitCritical
 *fill*         0x0000000008005b88        0x8 
 .text.PendSV_Handler
                0x0000000008005b90       0x68 Middlewares/Third_Party/FreeRTOS/Source/portable/GCC/ARM_CM4F/port.o
                0x0000000008005b90                PendSV_Handler
 .text.SysTick_Handler
                0x0000000008005bf8       0x40 Middlewares/Third_Party/FreeRTOS/Source/portable/GCC/ARM_CM4F/port.o
                0x0000000008005bf8                SysTick_Handler
 .text.vPortSetupTimerInterrupt
                0x0000000008005c38       0x48 Middlewares/Third_Party/FreeRTOS/Source/portable/GCC/ARM_CM4F/port.o
                0x0000000008005c38                vPortSetupTimerInterrupt
 .text.vPortEnableVFP
                0x0000000008005c80       0x14 Middlewares/Third_Party/FreeRTOS/Source/portable/GCC/ARM_CM4F/port.o
 .text.vPortValidateInterruptPriority
                0x0000000008005c94       0x7c Middlewares/Third_Party/FreeRTOS/Source/portable/GCC/ARM_CM4F/port.o
                0x0000000008005c94                vPortValidateInterruptPriority
 .text.pvPortMalloc
                0x0000000008005d10      0x184 Middlewares/Third_Party/FreeRTOS/Source/portable/MemMang/heap_4.o
                0x0000000008005d10                pvPortMalloc
 .text.vPortFree
                0x0000000008005e94       0xb0 Middlewares/Third_Party/FreeRTOS/Source/portable/MemMang/heap_4.o
                0x0000000008005e94                vPortFree
 .text.prvHeapInit
                0x0000000008005f44       0xc4 Middlewares/Third_Party/FreeRTOS/Source/portable/MemMang/heap_4.o
 .text.prvInsertBlockIntoFreeList
                0x0000000008006008       0xb4 Middlewares/Third_Party/FreeRTOS/Source/portable/MemMang/heap_4.o
 .text.__libc_init_array
                0x00000000080060bc       0x48 c:/st/stm32cubeide_1.3.0/stm32cubeide/plugins/com.st.stm32cube.ide.mcu.externaltools.gnu-tools-for-stm32.7-2018-q2-update.win32_1.0.0.201904181610/tools/bin/../lib/gcc/arm-none-eabi/7.3.1/../../../../arm-none-eabi/lib/thumb/v7e-m/fpv4-sp/hard\libc_nano.a(lib_a-init.o)
                0x00000000080060bc                __libc_init_array
 .text.memcpy   0x0000000008006104       0x16 c:/st/stm32cubeide_1.3.0/stm32cubeide/plugins/com.st.stm32cube.ide.mcu.externaltools.gnu-tools-for-stm32.7-2018-q2-update.win32_1.0.0.201904181610/tools/bin/../lib/gcc/arm-none-eabi/7.3.1/../../../../arm-none-eabi/lib/thumb/v7e-m/fpv4-sp/hard\libc_nano.a(lib_a-memcpy-stub.o)
                0x0000000008006104                memcpy
 .text.memset   0x000000000800611a       0x10 c:/st/stm32cubeide_1.3.0/stm32cubeide/plugins/com.st.stm32cube.ide.mcu.externaltools.gnu-tools-for-stm32.7-2018-q2-update.win32_1.0.0.201904181610/tools/bin/../lib/gcc/arm-none-eabi/7.3.1/../../../../arm-none-eabi/lib/thumb/v7e-m/fpv4-sp/hard\libc_nano.a(lib_a-memset.o)
                0x000000000800611a                memset
 *(.glue_7)
 .glue_7        0x000000000800612a        0x0 linker stubs
 *(.glue_7t)
 .glue_7t       0x000000000800612a        0x0 linker stubs
 *(.eh_frame)
 *fill*         0x000000000800612a        0x2 
 .eh_frame      0x000000000800612c        0x0 c:/st/stm32cubeide_1.3.0/stm32cubeide/plugins/com.st.stm32cube.ide.mcu.externaltools.gnu-tools-for-stm32.7-2018-q2-update.win32_1.0.0.201904181610/tools/bin/../lib/gcc/arm-none-eabi/7.3.1/thumb/v7e-m/fpv4-sp/hard/crtbegin.o
 *(.init)
 .init          0x000000000800612c        0x4 c:/st/stm32cubeide_1.3.0/stm32cubeide/plugins/com.st.stm32cube.ide.mcu.externaltools.gnu-tools-for-stm32.7-2018-q2-update.win32_1.0.0.201904181610/tools/bin/../lib/gcc/arm-none-eabi/7.3.1/thumb/v7e-m/fpv4-sp/hard/crti.o
                0x000000000800612c                _init
 .init          0x0000000008006130        0x8 c:/st/stm32cubeide_1.3.0/stm32cubeide/plugins/com.st.stm32cube.ide.mcu.externaltools.gnu-tools-for-stm32.7-2018-q2-update.win32_1.0.0.201904181610/tools/bin/../lib/gcc/arm-none-eabi/7.3.1/thumb/v7e-m/fpv4-sp/hard/crtn.o
 *(.fini)
 .fini          0x0000000008006138        0x4 c:/st/stm32cubeide_1.3.0/stm32cubeide/plugins/com.st.stm32cube.ide.mcu.externaltools.gnu-tools-for-stm32.7-2018-q2-update.win32_1.0.0.201904181610/tools/bin/../lib/gcc/arm-none-eabi/7.3.1/thumb/v7e-m/fpv4-sp/hard/crti.o
                0x0000000008006138                _fini
 .fini          0x000000000800613c        0x8 c:/st/stm32cubeide_1.3.0/stm32cubeide/plugins/com.st.stm32cube.ide.mcu.externaltools.gnu-tools-for-stm32.7-2018-q2-update.win32_1.0.0.201904181610/tools/bin/../lib/gcc/arm-none-eabi/7.3.1/thumb/v7e-m/fpv4-sp/hard/crtn.o
                0x0000000008006144                . = ALIGN (0x4)
                0x0000000008006144                _etext = .

.vfp11_veneer   0x0000000008006144        0x0
 .vfp11_veneer  0x0000000008006144        0x0 linker stubs

.v4_bx          0x0000000008006144        0x0
 .v4_bx         0x0000000008006144        0x0 linker stubs

.iplt           0x0000000008006144        0x0
 .iplt          0x0000000008006144        0x0 c:/st/stm32cubeide_1.3.0/stm32cubeide/plugins/com.st.stm32cube.ide.mcu.externaltools.gnu-tools-for-stm32.7-2018-q2-update.win32_1.0.0.201904181610/tools/bin/../lib/gcc/arm-none-eabi/7.3.1/thumb/v7e-m/fpv4-sp/hard/crtbegin.o

.rodata         0x0000000008006144      0x278
                0x0000000008006144                . = ALIGN (0x4)
 *(.rodata)
 .rodata        0x0000000008006144       0xc0 Core/Src/BlueTask.o
 .rodata        0x0000000008006204       0x81 Core/Src/GreenTask.o
 *fill*         0x0000000008006285        0x3 
 .rodata        0x0000000008006288       0x81 Core/Src/OrangeTask.o
 *fill*         0x0000000008006309        0x3 
 .rodata        0x000000000800630c       0x78 Core/Src/freertos.o
 .rodata        0x0000000008006384        0x5 Middlewares/Third_Party/FreeRTOS/Source/tasks.o
 *fill*         0x0000000008006389        0x3 
 .rodata        0x000000000800638c        0xd Middlewares/Third_Party/FreeRTOS/Source/timers.o
 *(.rodata*)
 *fill*         0x0000000008006399        0x3 
 .rodata.AHBPrescTable
                0x000000000800639c       0x10 Core/Src/system_stm32f4xx.o
                0x000000000800639c                AHBPrescTable
 .rodata.APBPrescTable
                0x00000000080063ac        0x8 Core/Src/system_stm32f4xx.o
                0x00000000080063ac                APBPrescTable
 .rodata.flagBitshiftOffset.8119
                0x00000000080063b4        0x8 Drivers/STM32F4xx_HAL_Driver/Src/stm32f4xx_hal_dma.o
                0x00000000080063bc                . = ALIGN (0x4)

.ARM.extab      0x00000000080063bc        0x0
                0x00000000080063bc                . = ALIGN (0x4)
 *(.ARM.extab* .gnu.linkonce.armextab.*)
                0x00000000080063bc                . = ALIGN (0x4)

.ARM            0x00000000080063bc        0x8
                0x00000000080063bc                . = ALIGN (0x4)
                0x00000000080063bc                __exidx_start = .
 *(.ARM.exidx*)
 .ARM.exidx     0x00000000080063bc        0x8 c:/st/stm32cubeide_1.3.0/stm32cubeide/plugins/com.st.stm32cube.ide.mcu.externaltools.gnu-tools-for-stm32.7-2018-q2-update.win32_1.0.0.201904181610/tools/bin/../lib/gcc/arm-none-eabi/7.3.1/thumb/v7e-m/fpv4-sp/hard\libgcc.a(_udivmoddi4.o)
                0x00000000080063c4                __exidx_end = .
                0x00000000080063c4                . = ALIGN (0x4)

.rel.dyn        0x00000000080063c4        0x0
 .rel.iplt      0x00000000080063c4        0x0 c:/st/stm32cubeide_1.3.0/stm32cubeide/plugins/com.st.stm32cube.ide.mcu.externaltools.gnu-tools-for-stm32.7-2018-q2-update.win32_1.0.0.201904181610/tools/bin/../lib/gcc/arm-none-eabi/7.3.1/thumb/v7e-m/fpv4-sp/hard/crtbegin.o

.preinit_array  0x00000000080063c4        0x0
                0x00000000080063c4                . = ALIGN (0x4)
                0x00000000080063c4                PROVIDE (__preinit_array_start = .)
 *(.preinit_array*)
                0x00000000080063c4                PROVIDE (__preinit_array_end = .)
                0x00000000080063c4                . = ALIGN (0x4)

.init_array     0x00000000080063c4        0x4
                0x00000000080063c4                . = ALIGN (0x4)
                0x00000000080063c4                PROVIDE (__init_array_start = .)
 *(SORT_BY_NAME(.init_array.*))
 *(.init_array*)
 .init_array    0x00000000080063c4        0x4 c:/st/stm32cubeide_1.3.0/stm32cubeide/plugins/com.st.stm32cube.ide.mcu.externaltools.gnu-tools-for-stm32.7-2018-q2-update.win32_1.0.0.201904181610/tools/bin/../lib/gcc/arm-none-eabi/7.3.1/thumb/v7e-m/fpv4-sp/hard/crtbegin.o
                0x00000000080063c8                PROVIDE (__init_array_end = .)
                0x00000000080063c8                . = ALIGN (0x4)

.fini_array     0x00000000080063c8        0x4
                0x00000000080063c8                . = ALIGN (0x4)
                [!provide]                        PROVIDE (__fini_array_start = .)
 *(SORT_BY_NAME(.fini_array.*))
 *(.fini_array*)
 .fini_array    0x00000000080063c8        0x4 c:/st/stm32cubeide_1.3.0/stm32cubeide/plugins/com.st.stm32cube.ide.mcu.externaltools.gnu-tools-for-stm32.7-2018-q2-update.win32_1.0.0.201904181610/tools/bin/../lib/gcc/arm-none-eabi/7.3.1/thumb/v7e-m/fpv4-sp/hard/crtbegin.o
                [!provide]                        PROVIDE (__fini_array_end = .)
                0x00000000080063cc                . = ALIGN (0x4)
                0x00000000080063cc                _sidata = LOADADDR (.data)

.data           0x0000000020000000       0x10 load address 0x00000000080063cc
                0x0000000020000000                . = ALIGN (0x4)
                0x0000000020000000                _sdata = .
 *(.data)
 *(.data*)
 .data.SystemCoreClock
                0x0000000020000000        0x4 Core/Src/system_stm32f4xx.o
                0x0000000020000000                SystemCoreClock
 .data.uwTickPrio
                0x0000000020000004        0x4 Drivers/STM32F4xx_HAL_Driver/Src/stm32f4xx_hal.o
                0x0000000020000004                uwTickPrio
 .data.uwTickFreq
                0x0000000020000008        0x1 Drivers/STM32F4xx_HAL_Driver/Src/stm32f4xx_hal.o
                0x0000000020000008                uwTickFreq
 *fill*         0x0000000020000009        0x3 
 .data.uxCriticalNesting
                0x000000002000000c        0x4 Middlewares/Third_Party/FreeRTOS/Source/portable/GCC/ARM_CM4F/port.o
                0x0000000020000010                . = ALIGN (0x4)
                0x0000000020000010                _edata = .

.igot.plt       0x0000000020000010        0x0 load address 0x00000000080063dc
 .igot.plt      0x0000000020000010        0x0 c:/st/stm32cubeide_1.3.0/stm32cubeide/plugins/com.st.stm32cube.ide.mcu.externaltools.gnu-tools-for-stm32.7-2018-q2-update.win32_1.0.0.201904181610/tools/bin/../lib/gcc/arm-none-eabi/7.3.1/thumb/v7e-m/fpv4-sp/hard/crtbegin.o
                0x0000000020000010                . = ALIGN (0x4)

.bss            0x0000000020000010     0x46b0 load address 0x00000000080063dc
                0x0000000020000010                _sbss = .
                0x0000000020000010                __bss_start__ = _sbss
 *(.bss)
 .bss           0x0000000020000010       0x1c c:/st/stm32cubeide_1.3.0/stm32cubeide/plugins/com.st.stm32cube.ide.mcu.externaltools.gnu-tools-for-stm32.7-2018-q2-update.win32_1.0.0.201904181610/tools/bin/../lib/gcc/arm-none-eabi/7.3.1/thumb/v7e-m/fpv4-sp/hard/crtbegin.o
 *(.bss*)
 .bss.xIdleTaskTCBBuffer
                0x000000002000002c       0x54 Core/Src/freertos.o
 .bss.xIdleStack
                0x0000000020000080      0x200 Core/Src/freertos.o
 .bss.xTimerTaskTCBBuffer
                0x0000000020000280       0x54 Core/Src/freertos.o
 .bss.xTimerStack
                0x00000000200002d4      0x400 Core/Src/freertos.o
 .bss.pxCurrentTCB
                0x00000000200006d4        0x4 Middlewares/Third_Party/FreeRTOS/Source/tasks.o
                0x00000000200006d4                pxCurrentTCB
 .bss.pxReadyTasksLists
                0x00000000200006d8       0x8c Middlewares/Third_Party/FreeRTOS/Source/tasks.o
 .bss.xDelayedTaskList1
                0x0000000020000764       0x14 Middlewares/Third_Party/FreeRTOS/Source/tasks.o
 .bss.xDelayedTaskList2
                0x0000000020000778       0x14 Middlewares/Third_Party/FreeRTOS/Source/tasks.o
 .bss.pxDelayedTaskList
                0x000000002000078c        0x4 Middlewares/Third_Party/FreeRTOS/Source/tasks.o
 .bss.pxOverflowDelayedTaskList
                0x0000000020000790        0x4 Middlewares/Third_Party/FreeRTOS/Source/tasks.o
 .bss.xPendingReadyList
                0x0000000020000794       0x14 Middlewares/Third_Party/FreeRTOS/Source/tasks.o
 .bss.xTasksWaitingTermination
                0x00000000200007a8       0x14 Middlewares/Third_Party/FreeRTOS/Source/tasks.o
 .bss.uxDeletedTasksWaitingCleanUp
                0x00000000200007bc        0x4 Middlewares/Third_Party/FreeRTOS/Source/tasks.o
 .bss.xSuspendedTaskList
                0x00000000200007c0       0x14 Middlewares/Third_Party/FreeRTOS/Source/tasks.o
 .bss.uxCurrentNumberOfTasks
                0x00000000200007d4        0x4 Middlewares/Third_Party/FreeRTOS/Source/tasks.o
 .bss.xTickCount
                0x00000000200007d8        0x4 Middlewares/Third_Party/FreeRTOS/Source/tasks.o
 .bss.uxTopReadyPriority
                0x00000000200007dc        0x4 Middlewares/Third_Party/FreeRTOS/Source/tasks.o
 .bss.xSchedulerRunning
                0x00000000200007e0        0x4 Middlewares/Third_Party/FreeRTOS/Source/tasks.o
 .bss.uxPendedTicks
                0x00000000200007e4        0x4 Middlewares/Third_Party/FreeRTOS/Source/tasks.o
 .bss.xYieldPending
                0x00000000200007e8        0x4 Middlewares/Third_Party/FreeRTOS/Source/tasks.o
 .bss.xNumOfOverflows
                0x00000000200007ec        0x4 Middlewares/Third_Party/FreeRTOS/Source/tasks.o
 .bss.uxTaskNumber
                0x00000000200007f0        0x4 Middlewares/Third_Party/FreeRTOS/Source/tasks.o
 .bss.xNextTaskUnblockTime
                0x00000000200007f4        0x4 Middlewares/Third_Party/FreeRTOS/Source/tasks.o
 .bss.xIdleTaskHandle
                0x00000000200007f8        0x4 Middlewares/Third_Party/FreeRTOS/Source/tasks.o
 .bss.uxSchedulerSuspended
                0x00000000200007fc        0x4 Middlewares/Third_Party/FreeRTOS/Source/tasks.o
 .bss.xActiveTimerList1
                0x0000000020000800       0x14 Middlewares/Third_Party/FreeRTOS/Source/timers.o
 .bss.xActiveTimerList2
                0x0000000020000814       0x14 Middlewares/Third_Party/FreeRTOS/Source/timers.o
 .bss.pxCurrentTimerList
                0x0000000020000828        0x4 Middlewares/Third_Party/FreeRTOS/Source/timers.o
 .bss.pxOverflowTimerList
                0x000000002000082c        0x4 Middlewares/Third_Party/FreeRTOS/Source/timers.o
 .bss.xTimerQueue
                0x0000000020000830        0x4 Middlewares/Third_Party/FreeRTOS/Source/timers.o
 .bss.xTimerTaskHandle
                0x0000000020000834        0x4 Middlewares/Third_Party/FreeRTOS/Source/timers.o
 .bss.xLastTime.6733
                0x0000000020000838        0x4 Middlewares/Third_Party/FreeRTOS/Source/timers.o
 .bss.ucStaticTimerQueueStorage.6784
                0x000000002000083c       0xa0 Middlewares/Third_Party/FreeRTOS/Source/timers.o
 .bss.xStaticTimerQueue.6783
                0x00000000200008dc       0x48 Middlewares/Third_Party/FreeRTOS/Source/timers.o
 .bss.ucMaxSysCallPriority
                0x0000000020000924        0x1 Middlewares/Third_Party/FreeRTOS/Source/portable/GCC/ARM_CM4F/port.o
 *fill*         0x0000000020000925        0x3 
 .bss.ulMaxPRIGROUPValue
                0x0000000020000928        0x4 Middlewares/Third_Party/FreeRTOS/Source/portable/GCC/ARM_CM4F/port.o
 .bss.ucHeap    0x000000002000092c     0x3c00 Middlewares/Third_Party/FreeRTOS/Source/portable/MemMang/heap_4.o
 .bss.xStart    0x000000002000452c        0x8 Middlewares/Third_Party/FreeRTOS/Source/portable/MemMang/heap_4.o
 .bss.pxEnd     0x0000000020004534        0x4 Middlewares/Third_Party/FreeRTOS/Source/portable/MemMang/heap_4.o
 .bss.xFreeBytesRemaining
                0x0000000020004538        0x4 Middlewares/Third_Party/FreeRTOS/Source/portable/MemMang/heap_4.o
 .bss.xMinimumEverFreeBytesRemaining
                0x000000002000453c        0x4 Middlewares/Third_Party/FreeRTOS/Source/portable/MemMang/heap_4.o
 .bss.xBlockAllocatedBit
                0x0000000020004540        0x4 Middlewares/Third_Party/FreeRTOS/Source/portable/MemMang/heap_4.o
 *(COMMON)
 COMMON         0x0000000020004544        0x4 Core/Src/BlueTask.o
                0x0000000020004544                BlueEvent
 COMMON         0x0000000020004548        0x4 Core/Src/GreenTask.o
                0x0000000020004548                GreenEvent
 COMMON         0x000000002000454c        0x4 Core/Src/OrangeTask.o
                0x000000002000454c                OrangeEvent
 COMMON         0x0000000020004550        0xc Core/Src/freertos.o
                0x0000000020004550                OrangeTaskHandle
                0x0000000020004554                BlueTaskHandle
                0x0000000020004558                GreenTaskHandle
 COMMON         0x000000002000455c       0x40 Core/Src/stm32f4xx_hal_timebase_tim.o
                0x000000002000455c                htim1
 COMMON         0x000000002000459c       0x40 Core/Src/tim.o
                0x000000002000459c                htim6
 COMMON         0x00000000200045dc       0xa0 Core/Src/usart.o
                0x00000000200045dc                hdma_usart2_rx
                0x000000002000463c                huart2
 COMMON         0x000000002000467c        0x4 Drivers/STM32F4xx_HAL_Driver/Src/stm32f4xx_hal.o
                0x000000002000467c                uwTick
 COMMON         0x0000000020004680       0x40 Middlewares/Third_Party/FreeRTOS/Source/queue.o
                0x0000000020004680                xQueueRegistry
                0x00000000200046c0                . = ALIGN (0x4)
                0x00000000200046c0                _ebss = .
                0x00000000200046c0                __bss_end__ = _ebss

._user_heap_stack
                0x00000000200046c0      0x600 load address 0x00000000080063dc
                0x00000000200046c0                . = ALIGN (0x8)
                0x00000000200046c0                PROVIDE (end = .)
                [!provide]                        PROVIDE (_end = .)
                0x00000000200048c0                . = (. + _Min_Heap_Size)
 *fill*         0x00000000200046c0      0x200 
                0x0000000020004cc0                . = (. + _Min_Stack_Size)
 *fill*         0x00000000200048c0      0x400 
                0x0000000020004cc0                . = ALIGN (0x8)

/DISCARD/
 libc.a(*)
 libm.a(*)
 libgcc.a(*)

.ARM.attributes
                0x0000000000000000       0x30
 *(.ARM.attributes)
 .ARM.attributes
                0x0000000000000000       0x22 c:/st/stm32cubeide_1.3.0/stm32cubeide/plugins/com.st.stm32cube.ide.mcu.externaltools.gnu-tools-for-stm32.7-2018-q2-update.win32_1.0.0.201904181610/tools/bin/../lib/gcc/arm-none-eabi/7.3.1/thumb/v7e-m/fpv4-sp/hard/crti.o
 .ARM.attributes
                0x0000000000000022       0x34 c:/st/stm32cubeide_1.3.0/stm32cubeide/plugins/com.st.stm32cube.ide.mcu.externaltools.gnu-tools-for-stm32.7-2018-q2-update.win32_1.0.0.201904181610/tools/bin/../lib/gcc/arm-none-eabi/7.3.1/thumb/v7e-m/fpv4-sp/hard/crtbegin.o
 .ARM.attributes
                0x0000000000000056       0x39 Core/Src/BlueTask.o
 .ARM.attributes
                0x000000000000008f       0x39 Core/Src/GreenTask.o
 .ARM.attributes
                0x00000000000000c8       0x39 Core/Src/OrangeTask.o
 .ARM.attributes
                0x0000000000000101       0x39 Core/Src/dma.o
 .ARM.attributes
                0x000000000000013a       0x39 Core/Src/freertos.o
 .ARM.attributes
                0x0000000000000173       0x39 Core/Src/gpio.o
 .ARM.attributes
                0x00000000000001ac       0x39 Core/Src/main.o
 .ARM.attributes
                0x00000000000001e5       0x39 Core/Src/stm32f4xx_hal_msp.o
 .ARM.attributes
                0x000000000000021e       0x39 Core/Src/stm32f4xx_hal_timebase_tim.o
 .ARM.attributes
                0x0000000000000257       0x39 Core/Src/stm32f4xx_it.o
 .ARM.attributes
                0x0000000000000290       0x39 Core/Src/system_stm32f4xx.o
 .ARM.attributes
                0x00000000000002c9       0x39 Core/Src/tim.o
 .ARM.attributes
                0x0000000000000302       0x39 Core/Src/usart.o
 .ARM.attributes
                0x000000000000033b       0x21 Core/Startup/startup_stm32f407vgtx.o
 .ARM.attributes
                0x000000000000035c       0x39 Drivers/STM32F4xx_HAL_Driver/Src/stm32f4xx_hal.o
 .ARM.attributes
                0x0000000000000395       0x39 Drivers/STM32F4xx_HAL_Driver/Src/stm32f4xx_hal_cortex.o
 .ARM.attributes
                0x00000000000003ce       0x39 Drivers/STM32F4xx_HAL_Driver/Src/stm32f4xx_hal_dma.o
 .ARM.attributes
                0x0000000000000407       0x39 Drivers/STM32F4xx_HAL_Driver/Src/stm32f4xx_hal_gpio.o
 .ARM.attributes
                0x0000000000000440       0x39 Drivers/STM32F4xx_HAL_Driver/Src/stm32f4xx_hal_rcc.o
 .ARM.attributes
                0x0000000000000479       0x39 Drivers/STM32F4xx_HAL_Driver/Src/stm32f4xx_hal_tim.o
 .ARM.attributes
                0x00000000000004b2       0x39 Drivers/STM32F4xx_HAL_Driver/Src/stm32f4xx_hal_tim_ex.o
 .ARM.attributes
                0x00000000000004eb       0x39 Drivers/STM32F4xx_HAL_Driver/Src/stm32f4xx_hal_uart.o
 .ARM.attributes
                0x0000000000000524       0x39 Middlewares/Third_Party/FreeRTOS/Source/CMSIS_RTOS/cmsis_os.o
 .ARM.attributes
                0x000000000000055d       0x39 Middlewares/Third_Party/FreeRTOS/Source/event_groups.o
 .ARM.attributes
                0x0000000000000596       0x39 Middlewares/Third_Party/FreeRTOS/Source/list.o
 .ARM.attributes
                0x00000000000005cf       0x39 Middlewares/Third_Party/FreeRTOS/Source/queue.o
 .ARM.attributes
                0x0000000000000608       0x39 Middlewares/Third_Party/FreeRTOS/Source/tasks.o
 .ARM.attributes
                0x0000000000000641       0x39 Middlewares/Third_Party/FreeRTOS/Source/timers.o
 .ARM.attributes
                0x000000000000067a       0x39 Middlewares/Third_Party/FreeRTOS/Source/portable/GCC/ARM_CM4F/port.o
 .ARM.attributes
                0x00000000000006b3       0x39 Middlewares/Third_Party/FreeRTOS/Source/portable/MemMang/heap_4.o
 .ARM.attributes
                0x00000000000006ec       0x34 c:/st/stm32cubeide_1.3.0/stm32cubeide/plugins/com.st.stm32cube.ide.mcu.externaltools.gnu-tools-for-stm32.7-2018-q2-update.win32_1.0.0.201904181610/tools/bin/../lib/gcc/arm-none-eabi/7.3.1/../../../../arm-none-eabi/lib/thumb/v7e-m/fpv4-sp/hard\libc_nano.a(lib_a-init.o)
 .ARM.attributes
                0x0000000000000720       0x34 c:/st/stm32cubeide_1.3.0/stm32cubeide/plugins/com.st.stm32cube.ide.mcu.externaltools.gnu-tools-for-stm32.7-2018-q2-update.win32_1.0.0.201904181610/tools/bin/../lib/gcc/arm-none-eabi/7.3.1/../../../../arm-none-eabi/lib/thumb/v7e-m/fpv4-sp/hard\libc_nano.a(lib_a-memcpy-stub.o)
 .ARM.attributes
                0x0000000000000754       0x34 c:/st/stm32cubeide_1.3.0/stm32cubeide/plugins/com.st.stm32cube.ide.mcu.externaltools.gnu-tools-for-stm32.7-2018-q2-update.win32_1.0.0.201904181610/tools/bin/../lib/gcc/arm-none-eabi/7.3.1/../../../../arm-none-eabi/lib/thumb/v7e-m/fpv4-sp/hard\libc_nano.a(lib_a-memset.o)
 .ARM.attributes
                0x0000000000000788       0x1b c:/st/stm32cubeide_1.3.0/stm32cubeide/plugins/com.st.stm32cube.ide.mcu.externaltools.gnu-tools-for-stm32.7-2018-q2-update.win32_1.0.0.201904181610/tools/bin/../lib/gcc/arm-none-eabi/7.3.1/../../../../arm-none-eabi/lib/thumb/v7e-m/fpv4-sp/hard\libc_nano.a(lib_a-strlen.o)
 .ARM.attributes
                0x00000000000007a3       0x22 c:/st/stm32cubeide_1.3.0/stm32cubeide/plugins/com.st.stm32cube.ide.mcu.externaltools.gnu-tools-for-stm32.7-2018-q2-update.win32_1.0.0.201904181610/tools/bin/../lib/gcc/arm-none-eabi/7.3.1/thumb/v7e-m/fpv4-sp/hard\libgcc.a(_aeabi_uldivmod.o)
 .ARM.attributes
                0x00000000000007c5       0x34 c:/st/stm32cubeide_1.3.0/stm32cubeide/plugins/com.st.stm32cube.ide.mcu.externaltools.gnu-tools-for-stm32.7-2018-q2-update.win32_1.0.0.201904181610/tools/bin/../lib/gcc/arm-none-eabi/7.3.1/thumb/v7e-m/fpv4-sp/hard\libgcc.a(_udivmoddi4.o)
 .ARM.attributes
                0x00000000000007f9       0x22 c:/st/stm32cubeide_1.3.0/stm32cubeide/plugins/com.st.stm32cube.ide.mcu.externaltools.gnu-tools-for-stm32.7-2018-q2-update.win32_1.0.0.201904181610/tools/bin/../lib/gcc/arm-none-eabi/7.3.1/thumb/v7e-m/fpv4-sp/hard\libgcc.a(_dvmd_tls.o)
 .ARM.attributes
                0x000000000000081b       0x22 c:/st/stm32cubeide_1.3.0/stm32cubeide/plugins/com.st.stm32cube.ide.mcu.externaltools.gnu-tools-for-stm32.7-2018-q2-update.win32_1.0.0.201904181610/tools/bin/../lib/gcc/arm-none-eabi/7.3.1/thumb/v7e-m/fpv4-sp/hard/crtn.o
OUTPUT(FreeRTOS_eventGroupsISR.elf elf32-littlearm)

.debug_info     0x0000000000000000    0x1ade8
 .debug_info    0x0000000000000000     0x1356 Core/Src/BlueTask.o
 .debug_info    0x0000000000001356     0x123a Core/Src/GreenTask.o
 .debug_info    0x0000000000002590     0x123a Core/Src/OrangeTask.o
 .debug_info    0x00000000000037ca      0x56a Core/Src/dma.o
 .debug_info    0x0000000000003d34      0x546 Core/Src/freertos.o
 .debug_info    0x000000000000427a      0x4ac Core/Src/gpio.o
 .debug_info    0x0000000000004726      0xc85 Core/Src/main.o
 .debug_info    0x00000000000053ab      0x586 Core/Src/stm32f4xx_hal_msp.o
 .debug_info    0x0000000000005931      0xb2d Core/Src/stm32f4xx_hal_timebase_tim.o
 .debug_info    0x000000000000645e      0x7fe Core/Src/stm32f4xx_it.o
 .debug_info    0x0000000000006c5c      0x554 Core/Src/system_stm32f4xx.o
 .debug_info    0x00000000000071b0      0xaf5 Core/Src/tim.o
 .debug_info    0x0000000000007ca5      0x95b Core/Src/usart.o
 .debug_info    0x0000000000008600       0x22 Core/Startup/startup_stm32f407vgtx.o
 .debug_info    0x0000000000008622      0x945 Drivers/STM32F4xx_HAL_Driver/Src/stm32f4xx_hal.o
 .debug_info    0x0000000000008f67      0xe28 Drivers/STM32F4xx_HAL_Driver/Src/stm32f4xx_hal_cortex.o
 .debug_info    0x0000000000009d8f      0x968 Drivers/STM32F4xx_HAL_Driver/Src/stm32f4xx_hal_dma.o
 .debug_info    0x000000000000a6f7      0x7b5 Drivers/STM32F4xx_HAL_Driver/Src/stm32f4xx_hal_gpio.o
 .debug_info    0x000000000000aeac      0x904 Drivers/STM32F4xx_HAL_Driver/Src/stm32f4xx_hal_rcc.o
 .debug_info    0x000000000000b7b0     0x24a9 Drivers/STM32F4xx_HAL_Driver/Src/stm32f4xx_hal_tim.o
 .debug_info    0x000000000000dc59     0x1157 Drivers/STM32F4xx_HAL_Driver/Src/stm32f4xx_hal_tim_ex.o
 .debug_info    0x000000000000edb0     0x124c Drivers/STM32F4xx_HAL_Driver/Src/stm32f4xx_hal_uart.o
 .debug_info    0x000000000000fffc     0x1fb6 Middlewares/Third_Party/FreeRTOS/Source/CMSIS_RTOS/cmsis_os.o
 .debug_info    0x0000000000011fb2     0x123e Middlewares/Third_Party/FreeRTOS/Source/event_groups.o
 .debug_info    0x00000000000131f0      0xacb Middlewares/Third_Party/FreeRTOS/Source/list.o
 .debug_info    0x0000000000013cbb     0x2025 Middlewares/Third_Party/FreeRTOS/Source/queue.o
 .debug_info    0x0000000000015ce0     0x25d0 Middlewares/Third_Party/FreeRTOS/Source/tasks.o
 .debug_info    0x00000000000182b0     0x1a1b Middlewares/Third_Party/FreeRTOS/Source/timers.o
 .debug_info    0x0000000000019ccb      0x533 Middlewares/Third_Party/FreeRTOS/Source/portable/GCC/ARM_CM4F/port.o
 .debug_info    0x000000000001a1fe      0xbea Middlewares/Third_Party/FreeRTOS/Source/portable/MemMang/heap_4.o

.debug_abbrev   0x0000000000000000     0x3bf4
 .debug_abbrev  0x0000000000000000      0x236 Core/Src/BlueTask.o
 .debug_abbrev  0x0000000000000236      0x222 Core/Src/GreenTask.o
 .debug_abbrev  0x0000000000000458      0x222 Core/Src/OrangeTask.o
 .debug_abbrev  0x000000000000067a      0x107 Core/Src/dma.o
 .debug_abbrev  0x0000000000000781      0x173 Core/Src/freertos.o
 .debug_abbrev  0x00000000000008f4      0x134 Core/Src/gpio.o
 .debug_abbrev  0x0000000000000a28      0x1b7 Core/Src/main.o
 .debug_abbrev  0x0000000000000bdf      0x112 Core/Src/stm32f4xx_hal_msp.o
 .debug_abbrev  0x0000000000000cf1      0x19d Core/Src/stm32f4xx_hal_timebase_tim.o
 .debug_abbrev  0x0000000000000e8e      0x163 Core/Src/stm32f4xx_it.o
 .debug_abbrev  0x0000000000000ff1      0x12b Core/Src/system_stm32f4xx.o
 .debug_abbrev  0x000000000000111c      0x199 Core/Src/tim.o
 .debug_abbrev  0x00000000000012b5      0x1aa Core/Src/usart.o
 .debug_abbrev  0x000000000000145f       0x12 Core/Startup/startup_stm32f407vgtx.o
 .debug_abbrev  0x0000000000001471      0x1c7 Drivers/STM32F4xx_HAL_Driver/Src/stm32f4xx_hal.o
 .debug_abbrev  0x0000000000001638      0x2fa Drivers/STM32F4xx_HAL_Driver/Src/stm32f4xx_hal_cortex.o
 .debug_abbrev  0x0000000000001932      0x229 Drivers/STM32F4xx_HAL_Driver/Src/stm32f4xx_hal_dma.o
 .debug_abbrev  0x0000000000001b5b      0x1c9 Drivers/STM32F4xx_HAL_Driver/Src/stm32f4xx_hal_gpio.o
 .debug_abbrev  0x0000000000001d24      0x245 Drivers/STM32F4xx_HAL_Driver/Src/stm32f4xx_hal_rcc.o
 .debug_abbrev  0x0000000000001f69      0x230 Drivers/STM32F4xx_HAL_Driver/Src/stm32f4xx_hal_tim.o
 .debug_abbrev  0x0000000000002199      0x21e Drivers/STM32F4xx_HAL_Driver/Src/stm32f4xx_hal_tim_ex.o
 .debug_abbrev  0x00000000000023b7      0x242 Drivers/STM32F4xx_HAL_Driver/Src/stm32f4xx_hal_uart.o
 .debug_abbrev  0x00000000000025f9      0x379 Middlewares/Third_Party/FreeRTOS/Source/CMSIS_RTOS/cmsis_os.o
 .debug_abbrev  0x0000000000002972      0x2da Middlewares/Third_Party/FreeRTOS/Source/event_groups.o
 .debug_abbrev  0x0000000000002c4c      0x1cf Middlewares/Third_Party/FreeRTOS/Source/list.o
 .debug_abbrev  0x0000000000002e1b      0x336 Middlewares/Third_Party/FreeRTOS/Source/queue.o
 .debug_abbrev  0x0000000000003151      0x338 Middlewares/Third_Party/FreeRTOS/Source/tasks.o
 .debug_abbrev  0x0000000000003489      0x2bd Middlewares/Third_Party/FreeRTOS/Source/timers.o
 .debug_abbrev  0x0000000000003746      0x210 Middlewares/Third_Party/FreeRTOS/Source/portable/GCC/ARM_CM4F/port.o
 .debug_abbrev  0x0000000000003956      0x29e Middlewares/Third_Party/FreeRTOS/Source/portable/MemMang/heap_4.o

.debug_aranges  0x0000000000000000     0x13b8
 .debug_aranges
                0x0000000000000000       0x20 Core/Src/BlueTask.o
 .debug_aranges
                0x0000000000000020       0x20 Core/Src/GreenTask.o
 .debug_aranges
                0x0000000000000040       0x20 Core/Src/OrangeTask.o
 .debug_aranges
                0x0000000000000060       0x20 Core/Src/dma.o
 .debug_aranges
                0x0000000000000080       0x30 Core/Src/freertos.o
 .debug_aranges
                0x00000000000000b0       0x20 Core/Src/gpio.o
 .debug_aranges
                0x00000000000000d0       0x40 Core/Src/main.o
 .debug_aranges
                0x0000000000000110       0x20 Core/Src/stm32f4xx_hal_msp.o
 .debug_aranges
                0x0000000000000130       0x30 Core/Src/stm32f4xx_hal_timebase_tim.o
 .debug_aranges
                0x0000000000000160       0x60 Core/Src/stm32f4xx_it.o
 .debug_aranges
                0x00000000000001c0       0x28 Core/Src/system_stm32f4xx.o
 .debug_aranges
                0x00000000000001e8       0x30 Core/Src/tim.o
 .debug_aranges
                0x0000000000000218       0x30 Core/Src/usart.o
 .debug_aranges
                0x0000000000000248       0x28 Core/Startup/startup_stm32f407vgtx.o
 .debug_aranges
                0x0000000000000270       0xf0 Drivers/STM32F4xx_HAL_Driver/Src/stm32f4xx_hal.o
 .debug_aranges
                0x0000000000000360      0x118 Drivers/STM32F4xx_HAL_Driver/Src/stm32f4xx_hal_cortex.o
 .debug_aranges
                0x0000000000000478       0x90 Drivers/STM32F4xx_HAL_Driver/Src/stm32f4xx_hal_dma.o
 .debug_aranges
                0x0000000000000508       0x58 Drivers/STM32F4xx_HAL_Driver/Src/stm32f4xx_hal_gpio.o
 .debug_aranges
                0x0000000000000560       0x88 Drivers/STM32F4xx_HAL_Driver/Src/stm32f4xx_hal_rcc.o
 .debug_aranges
                0x00000000000005e8      0x3a8 Drivers/STM32F4xx_HAL_Driver/Src/stm32f4xx_hal_tim.o
 .debug_aranges
                0x0000000000000990      0x150 Drivers/STM32F4xx_HAL_Driver/Src/stm32f4xx_hal_tim_ex.o
 .debug_aranges
                0x0000000000000ae0      0x1d0 Drivers/STM32F4xx_HAL_Driver/Src/stm32f4xx_hal_uart.o
 .debug_aranges
                0x0000000000000cb0      0x1e8 Middlewares/Third_Party/FreeRTOS/Source/CMSIS_RTOS/cmsis_os.o
 .debug_aranges
                0x0000000000000e98       0x70 Middlewares/Third_Party/FreeRTOS/Source/event_groups.o
 .debug_aranges
                0x0000000000000f08       0x40 Middlewares/Third_Party/FreeRTOS/Source/list.o
 .debug_aranges
                0x0000000000000f48      0x110 Middlewares/Third_Party/FreeRTOS/Source/queue.o
 .debug_aranges
                0x0000000000001058      0x1b8 Middlewares/Third_Party/FreeRTOS/Source/tasks.o
 .debug_aranges
                0x0000000000001210       0xd8 Middlewares/Third_Party/FreeRTOS/Source/timers.o
 .debug_aranges
                0x00000000000012e8       0x80 Middlewares/Third_Party/FreeRTOS/Source/portable/GCC/ARM_CM4F/port.o
 .debug_aranges
                0x0000000000001368       0x50 Middlewares/Third_Party/FreeRTOS/Source/portable/MemMang/heap_4.o

.debug_ranges   0x0000000000000000     0x11e0
 .debug_ranges  0x0000000000000000       0x10 Core/Src/BlueTask.o
 .debug_ranges  0x0000000000000010       0x10 Core/Src/GreenTask.o
 .debug_ranges  0x0000000000000020       0x10 Core/Src/OrangeTask.o
 .debug_ranges  0x0000000000000030       0x10 Core/Src/dma.o
 .debug_ranges  0x0000000000000040       0x20 Core/Src/freertos.o
 .debug_ranges  0x0000000000000060       0x10 Core/Src/gpio.o
 .debug_ranges  0x0000000000000070       0x30 Core/Src/main.o
 .debug_ranges  0x00000000000000a0       0x10 Core/Src/stm32f4xx_hal_msp.o
 .debug_ranges  0x00000000000000b0       0x20 Core/Src/stm32f4xx_hal_timebase_tim.o
 .debug_ranges  0x00000000000000d0       0x50 Core/Src/stm32f4xx_it.o
 .debug_ranges  0x0000000000000120       0x18 Core/Src/system_stm32f4xx.o
 .debug_ranges  0x0000000000000138       0x20 Core/Src/tim.o
 .debug_ranges  0x0000000000000158       0x20 Core/Src/usart.o
 .debug_ranges  0x0000000000000178       0x20 Core/Startup/startup_stm32f407vgtx.o
 .debug_ranges  0x0000000000000198       0xe0 Drivers/STM32F4xx_HAL_Driver/Src/stm32f4xx_hal.o
 .debug_ranges  0x0000000000000278      0x108 Drivers/STM32F4xx_HAL_Driver/Src/stm32f4xx_hal_cortex.o
 .debug_ranges  0x0000000000000380       0x80 Drivers/STM32F4xx_HAL_Driver/Src/stm32f4xx_hal_dma.o
 .debug_ranges  0x0000000000000400       0x48 Drivers/STM32F4xx_HAL_Driver/Src/stm32f4xx_hal_gpio.o
 .debug_ranges  0x0000000000000448       0x78 Drivers/STM32F4xx_HAL_Driver/Src/stm32f4xx_hal_rcc.o
 .debug_ranges  0x00000000000004c0      0x398 Drivers/STM32F4xx_HAL_Driver/Src/stm32f4xx_hal_tim.o
 .debug_ranges  0x0000000000000858      0x140 Drivers/STM32F4xx_HAL_Driver/Src/stm32f4xx_hal_tim_ex.o
 .debug_ranges  0x0000000000000998      0x1c0 Drivers/STM32F4xx_HAL_Driver/Src/stm32f4xx_hal_uart.o
 .debug_ranges  0x0000000000000b58      0x1d8 Middlewares/Third_Party/FreeRTOS/Source/CMSIS_RTOS/cmsis_os.o
 .debug_ranges  0x0000000000000d30       0x60 Middlewares/Third_Party/FreeRTOS/Source/event_groups.o
 .debug_ranges  0x0000000000000d90       0x30 Middlewares/Third_Party/FreeRTOS/Source/list.o
 .debug_ranges  0x0000000000000dc0      0x100 Middlewares/Third_Party/FreeRTOS/Source/queue.o
 .debug_ranges  0x0000000000000ec0      0x1a8 Middlewares/Third_Party/FreeRTOS/Source/tasks.o
 .debug_ranges  0x0000000000001068       0xc8 Middlewares/Third_Party/FreeRTOS/Source/timers.o
 .debug_ranges  0x0000000000001130       0x70 Middlewares/Third_Party/FreeRTOS/Source/portable/GCC/ARM_CM4F/port.o
 .debug_ranges  0x00000000000011a0       0x40 Middlewares/Third_Party/FreeRTOS/Source/portable/MemMang/heap_4.o

.debug_macro    0x0000000000000000    0x243a7
 .debug_macro   0x0000000000000000      0x44c Core/Src/BlueTask.o
 .debug_macro   0x000000000000044c      0xa5a Core/Src/BlueTask.o
 .debug_macro   0x0000000000000ea6      0x174 Core/Src/BlueTask.o
 .debug_macro   0x000000000000101a       0x22 Core/Src/BlueTask.o
 .debug_macro   0x000000000000103c       0x8e Core/Src/BlueTask.o
 .debug_macro   0x00000000000010ca       0x51 Core/Src/BlueTask.o
 .debug_macro   0x000000000000111b       0xef Core/Src/BlueTask.o
 .debug_macro   0x000000000000120a       0x6a Core/Src/BlueTask.o
 .debug_macro   0x0000000000001274      0x1df Core/Src/BlueTask.o
 .debug_macro   0x0000000000001453      0x11c Core/Src/BlueTask.o
 .debug_macro   0x000000000000156f      0x15a Core/Src/BlueTask.o
 .debug_macro   0x00000000000016c9       0xde Core/Src/BlueTask.o
 .debug_macro   0x00000000000017a7       0x1c Core/Src/BlueTask.o
 .debug_macro   0x00000000000017c3       0x26 Core/Src/BlueTask.o
 .debug_macro   0x00000000000017e9      0x4cc Core/Src/BlueTask.o
 .debug_macro   0x0000000000001cb5       0xb5 Core/Src/BlueTask.o
 .debug_macro   0x0000000000001d6a       0xaa Core/Src/BlueTask.o
 .debug_macro   0x0000000000001e14      0x18a Core/Src/BlueTask.o
 .debug_macro   0x0000000000001f9e       0x2e Core/Src/BlueTask.o
 .debug_macro   0x0000000000001fcc       0x2f Core/Src/BlueTask.o
 .debug_macro   0x0000000000001ffb       0x1c Core/Src/BlueTask.o
 .debug_macro   0x0000000000002017       0x22 Core/Src/BlueTask.o
 .debug_macro   0x0000000000002039       0xdf Core/Src/BlueTask.o
 .debug_macro   0x0000000000002118     0x102d Core/Src/BlueTask.o
 .debug_macro   0x0000000000003145      0x11f Core/Src/BlueTask.o
 .debug_macro   0x0000000000003264    0x15e3c Core/Src/BlueTask.o
 .debug_macro   0x00000000000190a0       0x43 Core/Src/BlueTask.o
 .debug_macro   0x00000000000190e3     0x3659 Core/Src/BlueTask.o
 .debug_macro   0x000000000001c73c       0x5a Core/Src/BlueTask.o
 .debug_macro   0x000000000001c796      0x96b Core/Src/BlueTask.o
 .debug_macro   0x000000000001d101      0x9fe Core/Src/BlueTask.o
 .debug_macro   0x000000000001daff      0x174 Core/Src/BlueTask.o
 .debug_macro   0x000000000001dc73      0x117 Core/Src/BlueTask.o
 .debug_macro   0x000000000001dd8a      0x13e Core/Src/BlueTask.o
 .debug_macro   0x000000000001dec8       0x27 Core/Src/BlueTask.o
 .debug_macro   0x000000000001deef      0x287 Core/Src/BlueTask.o
 .debug_macro   0x000000000001e176       0x5f Core/Src/BlueTask.o
 .debug_macro   0x000000000001e1d5      0x236 Core/Src/BlueTask.o
 .debug_macro   0x000000000001e40b      0x12c Core/Src/BlueTask.o
 .debug_macro   0x000000000001e537      0x21e Core/Src/BlueTask.o
 .debug_macro   0x000000000001e755       0x2e Core/Src/BlueTask.o
 .debug_macro   0x000000000001e783      0x11a Core/Src/BlueTask.o
 .debug_macro   0x000000000001e89d       0x7e Core/Src/BlueTask.o
 .debug_macro   0x000000000001e91b       0x89 Core/Src/BlueTask.o
 .debug_macro   0x000000000001e9a4      0x8a0 Core/Src/BlueTask.o
 .debug_macro   0x000000000001f244       0x47 Core/Src/BlueTask.o
 .debug_macro   0x000000000001f28b      0x287 Core/Src/BlueTask.o
 .debug_macro   0x000000000001f512      0x12d Core/Src/BlueTask.o
 .debug_macro   0x000000000001f63f       0x91 Core/Src/BlueTask.o
 .debug_macro   0x000000000001f6d0       0x8d Core/Src/BlueTask.o
 .debug_macro   0x000000000001f75d       0x7e Core/Src/BlueTask.o
 .debug_macro   0x000000000001f7db       0x19 Core/Src/BlueTask.o
 .debug_macro   0x000000000001f7f4       0xf2 Core/Src/BlueTask.o
 .debug_macro   0x000000000001f8e6       0x46 Core/Src/BlueTask.o
 .debug_macro   0x000000000001f92c       0x18 Core/Src/BlueTask.o
 .debug_macro   0x000000000001f944       0x3c Core/Src/BlueTask.o
 .debug_macro   0x000000000001f980       0x34 Core/Src/BlueTask.o
 .debug_macro   0x000000000001f9b4       0x52 Core/Src/BlueTask.o
 .debug_macro   0x000000000001fa06       0x1f Core/Src/BlueTask.o
 .debug_macro   0x000000000001fa25       0x43 Core/Src/BlueTask.o
 .debug_macro   0x000000000001fa68       0x20 Core/Src/BlueTask.o
 .debug_macro   0x000000000001fa88      0x1a3 Core/Src/BlueTask.o
 .debug_macro   0x000000000001fc2b      0x32a Core/Src/BlueTask.o
 .debug_macro   0x000000000001ff55       0x10 Core/Src/BlueTask.o
 .debug_macro   0x000000000001ff65       0x35 Core/Src/BlueTask.o
 .debug_macro   0x000000000001ff9a       0x20 Core/Src/BlueTask.o
 .debug_macro   0x000000000001ffba       0x1c Core/Src/BlueTask.o
 .debug_macro   0x000000000001ffd6       0x10 Core/Src/BlueTask.o
 .debug_macro   0x000000000001ffe6       0x10 Core/Src/BlueTask.o
 .debug_macro   0x000000000001fff6       0x1c Core/Src/BlueTask.o
 .debug_macro   0x0000000000020012       0x52 Core/Src/BlueTask.o
 .debug_macro   0x0000000000020064       0x40 Core/Src/BlueTask.o
 .debug_macro   0x00000000000200a4       0x10 Core/Src/BlueTask.o
 .debug_macro   0x00000000000200b4       0x40 Core/Src/BlueTask.o
 .debug_macro   0x00000000000200f4       0xd7 Core/Src/BlueTask.o
 .debug_macro   0x00000000000201cb       0x1c Core/Src/BlueTask.o
 .debug_macro   0x00000000000201e7       0x3d Core/Src/BlueTask.o
 .debug_macro   0x0000000000020224       0x16 Core/Src/BlueTask.o
 .debug_macro   0x000000000002023a      0x145 Core/Src/BlueTask.o
 .debug_macro   0x000000000002037f       0x16 Core/Src/BlueTask.o
 .debug_macro   0x0000000000020395      0x44c Core/Src/GreenTask.o
 .debug_macro   0x00000000000207e1      0x44c Core/Src/OrangeTask.o
 .debug_macro   0x0000000000020c2d      0x1e2 Core/Src/dma.o
 .debug_macro   0x0000000000020e0f      0x28b Core/Src/freertos.o
 .debug_macro   0x000000000002109a      0x1e2 Core/Src/gpio.o
 .debug_macro   0x000000000002127c      0x2b7 Core/Src/main.o
 .debug_macro   0x0000000000021533      0x11c Core/Src/main.o
 .debug_macro   0x000000000002164f      0x1d8 Core/Src/stm32f4xx_hal_msp.o
 .debug_macro   0x0000000000021827      0x1ce Core/Src/stm32f4xx_hal_timebase_tim.o
 .debug_macro   0x00000000000219f5      0x289 Core/Src/stm32f4xx_it.o
 .debug_macro   0x0000000000021c7e      0x1d4 Core/Src/system_stm32f4xx.o
 .debug_macro   0x0000000000021e52      0x1e2 Core/Src/tim.o
 .debug_macro   0x0000000000022034      0x1e2 Core/Src/usart.o
 .debug_macro   0x0000000000022216      0x22e Drivers/STM32F4xx_HAL_Driver/Src/stm32f4xx_hal.o
 .debug_macro   0x0000000000022444      0x1ce Drivers/STM32F4xx_HAL_Driver/Src/stm32f4xx_hal_cortex.o
 .debug_macro   0x0000000000022612      0x1d4 Drivers/STM32F4xx_HAL_Driver/Src/stm32f4xx_hal_dma.o
 .debug_macro   0x00000000000227e6      0x204 Drivers/STM32F4xx_HAL_Driver/Src/stm32f4xx_hal_gpio.o
 .debug_macro   0x00000000000229ea      0x1f2 Drivers/STM32F4xx_HAL_Driver/Src/stm32f4xx_hal_rcc.o
 .debug_macro   0x0000000000022bdc      0x1cf Drivers/STM32F4xx_HAL_Driver/Src/stm32f4xx_hal_tim.o
 .debug_macro   0x0000000000022dab      0x1ce Drivers/STM32F4xx_HAL_Driver/Src/stm32f4xx_hal_tim_ex.o
 .debug_macro   0x0000000000022f79      0x1cf Drivers/STM32F4xx_HAL_Driver/Src/stm32f4xx_hal_uart.o
 .debug_macro   0x0000000000023148      0x1f1 Middlewares/Third_Party/FreeRTOS/Source/CMSIS_RTOS/cmsis_os.o
 .debug_macro   0x0000000000023339       0xc7 Middlewares/Third_Party/FreeRTOS/Source/CMSIS_RTOS/cmsis_os.o
 .debug_macro   0x0000000000023400      0x1d3 Middlewares/Third_Party/FreeRTOS/Source/event_groups.o
 .debug_macro   0x00000000000235d3      0x10e Middlewares/Third_Party/FreeRTOS/Source/event_groups.o
 .debug_macro   0x00000000000236e1       0x8d Middlewares/Third_Party/FreeRTOS/Source/event_groups.o
 .debug_macro   0x000000000002376e      0x17a Middlewares/Third_Party/FreeRTOS/Source/list.o
 .debug_macro   0x00000000000238e8      0x209 Middlewares/Third_Party/FreeRTOS/Source/queue.o
 .debug_macro   0x0000000000023af1       0x16 Middlewares/Third_Party/FreeRTOS/Source/queue.o
 .debug_macro   0x0000000000023b07       0x87 Middlewares/Third_Party/FreeRTOS/Source/queue.o
 .debug_macro   0x0000000000023b8e      0x26c Middlewares/Third_Party/FreeRTOS/Source/tasks.o
 .debug_macro   0x0000000000023dfa       0x10 Middlewares/Third_Party/FreeRTOS/Source/tasks.o
 .debug_macro   0x0000000000023e0a      0x1cf Middlewares/Third_Party/FreeRTOS/Source/timers.o
 .debug_macro   0x0000000000023fd9       0x97 Middlewares/Third_Party/FreeRTOS/Source/timers.o
 .debug_macro   0x0000000000024070      0x196 Middlewares/Third_Party/FreeRTOS/Source/portable/GCC/ARM_CM4F/port.o
 .debug_macro   0x0000000000024206      0x1a1 Middlewares/Third_Party/FreeRTOS/Source/portable/MemMang/heap_4.o

.debug_line     0x0000000000000000    0x1247d
 .debug_line    0x0000000000000000      0xaad Core/Src/BlueTask.o
 .debug_line    0x0000000000000aad      0xaa2 Core/Src/GreenTask.o
 .debug_line    0x000000000000154f      0xaa3 Core/Src/OrangeTask.o
 .debug_line    0x0000000000001ff2      0x6bc Core/Src/dma.o
 .debug_line    0x00000000000026ae      0x862 Core/Src/freertos.o
 .debug_line    0x0000000000002f10      0x6c9 Core/Src/gpio.o
 .debug_line    0x00000000000035d9      0x8c8 Core/Src/main.o
 .debug_line    0x0000000000003ea1      0x6c2 Core/Src/stm32f4xx_hal_msp.o
 .debug_line    0x0000000000004563      0x6f5 Core/Src/stm32f4xx_hal_timebase_tim.o
 .debug_line    0x0000000000004c58      0x8ba Core/Src/stm32f4xx_it.o
 .debug_line    0x0000000000005512      0x6dc Core/Src/system_stm32f4xx.o
 .debug_line    0x0000000000005bee      0x6ed Core/Src/tim.o
 .debug_line    0x00000000000062db      0x703 Core/Src/usart.o
 .debug_line    0x00000000000069de       0x85 Core/Startup/startup_stm32f407vgtx.o
 .debug_line    0x0000000000006a63      0x8c6 Drivers/STM32F4xx_HAL_Driver/Src/stm32f4xx_hal.o
 .debug_line    0x0000000000007329      0x9ea Drivers/STM32F4xx_HAL_Driver/Src/stm32f4xx_hal_cortex.o
 .debug_line    0x0000000000007d13      0x994 Drivers/STM32F4xx_HAL_Driver/Src/stm32f4xx_hal_dma.o
 .debug_line    0x00000000000086a7      0x8a5 Drivers/STM32F4xx_HAL_Driver/Src/stm32f4xx_hal_gpio.o
 .debug_line    0x0000000000008f4c      0x91e Drivers/STM32F4xx_HAL_Driver/Src/stm32f4xx_hal_rcc.o
 .debug_line    0x000000000000986a     0x193f Drivers/STM32F4xx_HAL_Driver/Src/stm32f4xx_hal_tim.o
 .debug_line    0x000000000000b1a9      0xcdc Drivers/STM32F4xx_HAL_Driver/Src/stm32f4xx_hal_tim_ex.o
 .debug_line    0x000000000000be85      0xfd4 Drivers/STM32F4xx_HAL_Driver/Src/stm32f4xx_hal_uart.o
 .debug_line    0x000000000000ce59      0xd45 Middlewares/Third_Party/FreeRTOS/Source/CMSIS_RTOS/cmsis_os.o
 .debug_line    0x000000000000db9e      0x8ce Middlewares/Third_Party/FreeRTOS/Source/event_groups.o
 .debug_line    0x000000000000e46c      0x66c Middlewares/Third_Party/FreeRTOS/Source/list.o
 .debug_line    0x000000000000ead8      0xfa8 Middlewares/Third_Party/FreeRTOS/Source/queue.o
 .debug_line    0x000000000000fa80     0x11ad Middlewares/Third_Party/FreeRTOS/Source/tasks.o
 .debug_line    0x0000000000010c2d      0xa5b Middlewares/Third_Party/FreeRTOS/Source/timers.o
 .debug_line    0x0000000000011688      0x6a3 Middlewares/Third_Party/FreeRTOS/Source/portable/GCC/ARM_CM4F/port.o
 .debug_line    0x0000000000011d2b      0x752 Middlewares/Third_Party/FreeRTOS/Source/portable/MemMang/heap_4.o

.debug_str      0x0000000000000000    0xd3130
 .debug_str     0x0000000000000000    0xcc263 Core/Src/BlueTask.o
                                      0xcc628 (size before relaxing)
 .debug_str     0x00000000000cc263       0x38 Core/Src/GreenTask.o
                                      0xcc5e8 (size before relaxing)
 .debug_str     0x00000000000cc29b       0x3b Core/Src/OrangeTask.o
                                      0xcc5eb (size before relaxing)
 .debug_str     0x00000000000cc2d6      0x5f6 Core/Src/dma.o
                                      0xc2372 (size before relaxing)
 .debug_str     0x00000000000cc8cc      0x32d Core/Src/freertos.o
                                      0xc806a (size before relaxing)
 .debug_str     0x00000000000ccbf9       0x7c Core/Src/gpio.o
                                      0xc1f24 (size before relaxing)
 .debug_str     0x00000000000ccc75      0x1dd Core/Src/main.o
                                      0xc85c3 (size before relaxing)
 .debug_str     0x00000000000cce52       0x2c Core/Src/stm32f4xx_hal_msp.o
                                      0xc2377 (size before relaxing)
 .debug_str     0x00000000000cce7e       0xaa Core/Src/stm32f4xx_hal_timebase_tim.o
                                      0xc2886 (size before relaxing)
 .debug_str     0x00000000000ccf28       0xe6 Core/Src/stm32f4xx_it.o
                                      0xc6abc (size before relaxing)
 .debug_str     0x00000000000cd00e       0xc4 Core/Src/system_stm32f4xx.o
                                      0xc1f10 (size before relaxing)
 .debug_str     0x00000000000cd0d2       0xa4 Core/Src/tim.o
                                      0xc2843 (size before relaxing)
 .debug_str     0x00000000000cd176       0x57 Core/Src/usart.o
                                      0xc2373 (size before relaxing)
 .debug_str     0x00000000000cd1cd       0x36 Core/Startup/startup_stm32f407vgtx.o
                                         0x79 (size before relaxing)
 .debug_str     0x00000000000cd203      0x542 Drivers/STM32F4xx_HAL_Driver/Src/stm32f4xx_hal.o
                                      0xc29dd (size before relaxing)
 .debug_str     0x00000000000cd745      0x389 Drivers/STM32F4xx_HAL_Driver/Src/stm32f4xx_hal_cortex.o
                                      0xc27cc (size before relaxing)
 .debug_str     0x00000000000cdace      0x31d Drivers/STM32F4xx_HAL_Driver/Src/stm32f4xx_hal_dma.o
                                      0xc2325 (size before relaxing)
 .debug_str     0x00000000000cddeb      0x20c Drivers/STM32F4xx_HAL_Driver/Src/stm32f4xx_hal_gpio.o
                                      0xc214f (size before relaxing)
 .debug_str     0x00000000000cdff7      0x24f Drivers/STM32F4xx_HAL_Driver/Src/stm32f4xx_hal_rcc.o
                                      0xc22fd (size before relaxing)
 .debug_str     0x00000000000ce246      0xd43 Drivers/STM32F4xx_HAL_Driver/Src/stm32f4xx_hal_tim.o
                                      0xc301c (size before relaxing)
 .debug_str     0x00000000000cef89      0x4a2 Drivers/STM32F4xx_HAL_Driver/Src/stm32f4xx_hal_tim_ex.o
                                      0xc281c (size before relaxing)
 .debug_str     0x00000000000cf42b      0x51c Drivers/STM32F4xx_HAL_Driver/Src/stm32f4xx_hal_uart.o
                                      0xc275c (size before relaxing)
 .debug_str     0x00000000000cf947      0x938 Middlewares/Third_Party/FreeRTOS/Source/CMSIS_RTOS/cmsis_os.o
                                       0xe2b7 (size before relaxing)
 .debug_str     0x00000000000d027f      0x4d4 Middlewares/Third_Party/FreeRTOS/Source/event_groups.o
                                       0xbc66 (size before relaxing)
 .debug_str     0x00000000000d0753       0xbf Middlewares/Third_Party/FreeRTOS/Source/list.o
                                       0xa7f3 (size before relaxing)
 .debug_str     0x00000000000d0812      0x79c Middlewares/Third_Party/FreeRTOS/Source/queue.o
                                       0xc010 (size before relaxing)
 .debug_str     0x00000000000d0fae     0x1164 Middlewares/Third_Party/FreeRTOS/Source/tasks.o
                                       0xcacf (size before relaxing)
 .debug_str     0x00000000000d2112      0x5ca Middlewares/Third_Party/FreeRTOS/Source/timers.o
                                       0xc671 (size before relaxing)
 .debug_str     0x00000000000d26dc      0x803 Middlewares/Third_Party/FreeRTOS/Source/portable/GCC/ARM_CM4F/port.o
                                       0x85bc (size before relaxing)
 .debug_str     0x00000000000d2edf      0x251 Middlewares/Third_Party/FreeRTOS/Source/portable/MemMang/heap_4.o
                                       0xafe6 (size before relaxing)

.comment        0x0000000000000000       0x7b
 .comment       0x0000000000000000       0x7b Core/Src/BlueTask.o
                                         0x7c (size before relaxing)
 .comment       0x000000000000007b       0x7c Core/Src/GreenTask.o
 .comment       0x000000000000007b       0x7c Core/Src/OrangeTask.o
 .comment       0x000000000000007b       0x7c Core/Src/dma.o
 .comment       0x000000000000007b       0x7c Core/Src/freertos.o
 .comment       0x000000000000007b       0x7c Core/Src/gpio.o
 .comment       0x000000000000007b       0x7c Core/Src/main.o
 .comment       0x000000000000007b       0x7c Core/Src/stm32f4xx_hal_msp.o
 .comment       0x000000000000007b       0x7c Core/Src/stm32f4xx_hal_timebase_tim.o
 .comment       0x000000000000007b       0x7c Core/Src/stm32f4xx_it.o
 .comment       0x000000000000007b       0x7c Core/Src/system_stm32f4xx.o
 .comment       0x000000000000007b       0x7c Core/Src/tim.o
 .comment       0x000000000000007b       0x7c Core/Src/usart.o
 .comment       0x000000000000007b       0x7c Drivers/STM32F4xx_HAL_Driver/Src/stm32f4xx_hal.o
 .comment       0x000000000000007b       0x7c Drivers/STM32F4xx_HAL_Driver/Src/stm32f4xx_hal_cortex.o
 .comment       0x000000000000007b       0x7c Drivers/STM32F4xx_HAL_Driver/Src/stm32f4xx_hal_dma.o
 .comment       0x000000000000007b       0x7c Drivers/STM32F4xx_HAL_Driver/Src/stm32f4xx_hal_gpio.o
 .comment       0x000000000000007b       0x7c Drivers/STM32F4xx_HAL_Driver/Src/stm32f4xx_hal_rcc.o
 .comment       0x000000000000007b       0x7c Drivers/STM32F4xx_HAL_Driver/Src/stm32f4xx_hal_tim.o
 .comment       0x000000000000007b       0x7c Drivers/STM32F4xx_HAL_Driver/Src/stm32f4xx_hal_tim_ex.o
 .comment       0x000000000000007b       0x7c Drivers/STM32F4xx_HAL_Driver/Src/stm32f4xx_hal_uart.o
 .comment       0x000000000000007b       0x7c Middlewares/Third_Party/FreeRTOS/Source/CMSIS_RTOS/cmsis_os.o
 .comment       0x000000000000007b       0x7c Middlewares/Third_Party/FreeRTOS/Source/event_groups.o
 .comment       0x000000000000007b       0x7c Middlewares/Third_Party/FreeRTOS/Source/list.o
 .comment       0x000000000000007b       0x7c Middlewares/Third_Party/FreeRTOS/Source/queue.o
 .comment       0x000000000000007b       0x7c Middlewares/Third_Party/FreeRTOS/Source/tasks.o
 .comment       0x000000000000007b       0x7c Middlewares/Third_Party/FreeRTOS/Source/timers.o
 .comment       0x000000000000007b       0x7c Middlewares/Third_Party/FreeRTOS/Source/portable/GCC/ARM_CM4F/port.o
 .comment       0x000000000000007b       0x7c Middlewares/Third_Party/FreeRTOS/Source/portable/MemMang/heap_4.o

.debug_frame    0x0000000000000000     0x4f94
 .debug_frame   0x0000000000000000       0x30 Core/Src/BlueTask.o
 .debug_frame   0x0000000000000030       0x30 Core/Src/GreenTask.o
 .debug_frame   0x0000000000000060       0x30 Core/Src/OrangeTask.o
 .debug_frame   0x0000000000000090       0x34 Core/Src/dma.o
 .debug_frame   0x00000000000000c4       0x88 Core/Src/freertos.o
 .debug_frame   0x000000000000014c       0x34 Core/Src/gpio.o
 .debug_frame   0x0000000000000180       0xb8 Core/Src/main.o
 .debug_frame   0x0000000000000238       0x34 Core/Src/stm32f4xx_hal_msp.o
 .debug_frame   0x000000000000026c       0x74 Core/Src/stm32f4xx_hal_timebase_tim.o
 .debug_frame   0x00000000000002e0      0x104 Core/Src/stm32f4xx_it.o
 .debug_frame   0x00000000000003e4       0x58 Core/Src/system_stm32f4xx.o
 .debug_frame   0x000000000000043c       0x7c Core/Src/tim.o
 .debug_frame   0x00000000000004b8       0x74 Core/Src/usart.o
 .debug_frame   0x000000000000052c      0x374 Drivers/STM32F4xx_HAL_Driver/Src/stm32f4xx_hal.o
 .debug_frame   0x00000000000008a0      0x498 Drivers/STM32F4xx_HAL_Driver/Src/stm32f4xx_hal_cortex.o
 .debug_frame   0x0000000000000d38      0x250 Drivers/STM32F4xx_HAL_Driver/Src/stm32f4xx_hal_dma.o
 .debug_frame   0x0000000000000f88      0x14c Drivers/STM32F4xx_HAL_Driver/Src/stm32f4xx_hal_gpio.o